Archive member included to satisfy reference by file (symbol)

C:/ST/STM32CubeIDE_1.16.1/STM32CubeIDE/plugins/com.st.stm32cube.ide.mcu.externaltools.gnu-tools-for-stm32.12.3.rel1.win32_1.0.200.202406191623/tools/bin/../lib/gcc/arm-none-eabi/12.3.1/../../../../arm-none-eabi/lib/thumb/v7e-m+fp/hard\libc_nano.a(libc_a-exit.o)
                              C:/ST/STM32CubeIDE_1.16.1/STM32CubeIDE/plugins/com.st.stm32cube.ide.mcu.externaltools.gnu-tools-for-stm32.12.3.rel1.win32_1.0.200.202406191623/tools/bin/../lib/gcc/arm-none-eabi/12.3.1/../../../../arm-none-eabi/lib/thumb/v7e-m+fp/hard/crt0.o (exit)
C:/ST/STM32CubeIDE_1.16.1/STM32CubeIDE/plugins/com.st.stm32cube.ide.mcu.externaltools.gnu-tools-for-stm32.12.3.rel1.win32_1.0.200.202406191623/tools/bin/../lib/gcc/arm-none-eabi/12.3.1/../../../../arm-none-eabi/lib/thumb/v7e-m+fp/hard\libc_nano.a(libc_a-malloc.o)
                              ./Core/Src/CJSON/cJSON.o (malloc)
C:/ST/STM32CubeIDE_1.16.1/STM32CubeIDE/plugins/com.st.stm32cube.ide.mcu.externaltools.gnu-tools-for-stm32.12.3.rel1.win32_1.0.200.202406191623/tools/bin/../lib/gcc/arm-none-eabi/12.3.1/../../../../arm-none-eabi/lib/thumb/v7e-m+fp/hard\libc_nano.a(libc_a-mallocr.o)
                              C:/ST/STM32CubeIDE_1.16.1/STM32CubeIDE/plugins/com.st.stm32cube.ide.mcu.externaltools.gnu-tools-for-stm32.12.3.rel1.win32_1.0.200.202406191623/tools/bin/../lib/gcc/arm-none-eabi/12.3.1/../../../../arm-none-eabi/lib/thumb/v7e-m+fp/hard\libc_nano.a(libc_a-malloc.o) (_malloc_r)
C:/ST/STM32CubeIDE_1.16.1/STM32CubeIDE/plugins/com.st.stm32cube.ide.mcu.externaltools.gnu-tools-for-stm32.12.3.rel1.win32_1.0.200.202406191623/tools/bin/../lib/gcc/arm-none-eabi/12.3.1/../../../../arm-none-eabi/lib/thumb/v7e-m+fp/hard\libc_nano.a(libc_a-mlock.o)
                              C:/ST/STM32CubeIDE_1.16.1/STM32CubeIDE/plugins/com.st.stm32cube.ide.mcu.externaltools.gnu-tools-for-stm32.12.3.rel1.win32_1.0.200.202406191623/tools/bin/../lib/gcc/arm-none-eabi/12.3.1/../../../../arm-none-eabi/lib/thumb/v7e-m+fp/hard\libc_nano.a(libc_a-mallocr.o) (__malloc_lock)
C:/ST/STM32CubeIDE_1.16.1/STM32CubeIDE/plugins/com.st.stm32cube.ide.mcu.externaltools.gnu-tools-for-stm32.12.3.rel1.win32_1.0.200.202406191623/tools/bin/../lib/gcc/arm-none-eabi/12.3.1/../../../../arm-none-eabi/lib/thumb/v7e-m+fp/hard\libc_nano.a(libc_a-realloc.o)
                              ./Core/Src/CJSON/cJSON.o (realloc)
C:/ST/STM32CubeIDE_1.16.1/STM32CubeIDE/plugins/com.st.stm32cube.ide.mcu.externaltools.gnu-tools-for-stm32.12.3.rel1.win32_1.0.200.202406191623/tools/bin/../lib/gcc/arm-none-eabi/12.3.1/../../../../arm-none-eabi/lib/thumb/v7e-m+fp/hard\libc_nano.a(libc_a-reallocr.o)
                              C:/ST/STM32CubeIDE_1.16.1/STM32CubeIDE/plugins/com.st.stm32cube.ide.mcu.externaltools.gnu-tools-for-stm32.12.3.rel1.win32_1.0.200.202406191623/tools/bin/../lib/gcc/arm-none-eabi/12.3.1/../../../../arm-none-eabi/lib/thumb/v7e-m+fp/hard\libc_nano.a(libc_a-realloc.o) (_realloc_r)
C:/ST/STM32CubeIDE_1.16.1/STM32CubeIDE/plugins/com.st.stm32cube.ide.mcu.externaltools.gnu-tools-for-stm32.12.3.rel1.win32_1.0.200.202406191623/tools/bin/../lib/gcc/arm-none-eabi/12.3.1/../../../../arm-none-eabi/lib/thumb/v7e-m+fp/hard\libc_nano.a(libc_a-strtod.o)
                              ./Core/Src/CJSON/cJSON.o (strtod)
C:/ST/STM32CubeIDE_1.16.1/STM32CubeIDE/plugins/com.st.stm32cube.ide.mcu.externaltools.gnu-tools-for-stm32.12.3.rel1.win32_1.0.200.202406191623/tools/bin/../lib/gcc/arm-none-eabi/12.3.1/../../../../arm-none-eabi/lib/thumb/v7e-m+fp/hard\libc_nano.a(libc_a-ctype_.o)
                              ./Core/Src/CJSON/cJSON.o (_ctype_)
C:/ST/STM32CubeIDE_1.16.1/STM32CubeIDE/plugins/com.st.stm32cube.ide.mcu.externaltools.gnu-tools-for-stm32.12.3.rel1.win32_1.0.200.202406191623/tools/bin/../lib/gcc/arm-none-eabi/12.3.1/../../../../arm-none-eabi/lib/thumb/v7e-m+fp/hard\libc_nano.a(libc_a-findfp.o)
                              ./Middlewares/Third_Party/FreeRTOS/Source/tasks.o (__sf)
C:/ST/STM32CubeIDE_1.16.1/STM32CubeIDE/plugins/com.st.stm32cube.ide.mcu.externaltools.gnu-tools-for-stm32.12.3.rel1.win32_1.0.200.202406191623/tools/bin/../lib/gcc/arm-none-eabi/12.3.1/../../../../arm-none-eabi/lib/thumb/v7e-m+fp/hard\libc_nano.a(libc_a-fwalk.o)
                              C:/ST/STM32CubeIDE_1.16.1/STM32CubeIDE/plugins/com.st.stm32cube.ide.mcu.externaltools.gnu-tools-for-stm32.12.3.rel1.win32_1.0.200.202406191623/tools/bin/../lib/gcc/arm-none-eabi/12.3.1/../../../../arm-none-eabi/lib/thumb/v7e-m+fp/hard\libc_nano.a(libc_a-findfp.o) (_fwalk_sglue)
C:/ST/STM32CubeIDE_1.16.1/STM32CubeIDE/plugins/com.st.stm32cube.ide.mcu.externaltools.gnu-tools-for-stm32.12.3.rel1.win32_1.0.200.202406191623/tools/bin/../lib/gcc/arm-none-eabi/12.3.1/../../../../arm-none-eabi/lib/thumb/v7e-m+fp/hard\libc_nano.a(libc_a-printf.o)
                              ./Core/Src/main.o (printf)
[...]
Memory Configuration

Name             Origin             Length             Attributes
RAM              0x20000000         0x00018000         xrw
FLASH            0x08000000         0x00080000         xr
*default*        0x00000000         0xffffffff

Linker script and memory map

LOAD C:/ST/STM32CubeIDE_1.16.1/STM32CubeIDE/plugins/com.st.stm32cube.ide.mcu.externaltools.gnu-tools-for-stm32.12.3.rel1.win32_1.0.200.202406191623/tools/bin/../lib/gcc/arm-none-eabi/12.3.1/thumb/v7e-m+fp/hard/crti.o
LOAD C:/ST/STM32CubeIDE_1.16.1/STM32CubeIDE/plugins/com.st.stm32cube.ide.mcu.externaltools.gnu-tools-for-stm32.12.3.rel1.win32_1.0.200.202406191623/tools/bin/../lib/gcc/arm-none-eabi/12.3.1/thumb/v7e-m+fp/hard/crtbegin.o
LOAD C:/ST/STM32CubeIDE_1.16.1/STM32CubeIDE/plugins/com.st.stm32cube.ide.mcu.externaltools.gnu-tools-for-stm32.12.3.rel1.win32_1.0.200.202406191623/tools/bin/../lib/gcc/arm-none-eabi/12.3.1/../../../../arm-none-eabi/lib/thumb/v7e-m+fp/hard/crt0.o
LOAD ./Core/Src/CJSON/cJSON.o
LOAD ./Core/Src/CJSON/cJSON_Utils.o
LOAD ./Core/Src/freertos.o
LOAD ./Core/Src/main.o
LOAD ./Core/Src/stm32f4xx_hal_msp.o
LOAD ./Core/Src/stm32f4xx_hal_timebase_tim.o
LOAD ./Core/Src/stm32f4xx_it.o
LOAD ./Core/Src/syscalls.o
LOAD ./Core/Src/sysmem.o
LOAD ./Core/Src/system_stm32f4xx.o
LOAD ./Core/Src/wiznet/DHCP/dhcp.o
LOAD ./Core/Src/wiznet/DNS/dns.o
LOAD ./Core/Src/wiznet/MQTT/MQTTClient.o
LOAD ./Core/Src/wiznet/MQTT/mqtt_interface.o
LOAD ./Core/Src/wiznet/MQTT/MQTTPacket/MQTTConnectClient.o
LOAD ./Core/Src/wiznet/MQTT/MQTTPacket/MQTTConnectServer.o
LOAD ./Core/Src/wiznet/MQTT/MQTTPacket/MQTTDeserializePublish.o
LOAD ./Core/Src/wiznet/MQTT/MQTTPacket/MQTTFormat.o
LOAD ./Core/Src/wiznet/MQTT/MQTTPacket/MQTTPacket.o
LOAD ./Core/Src/wiznet/MQTT/MQTTPacket/MQTTSerializePublish.o
LOAD ./Core/Src/wiznet/MQTT/MQTTPacket/MQTTSubscribeClient.o
LOAD ./Core/Src/wiznet/MQTT/MQTTPacket/MQTTSubscribeServer.o
LOAD ./Core/Src/wiznet/MQTT/MQTTPacket/MQTTUnsubscribeClient.o
LOAD ./Core/Src/wiznet/MQTT/MQTTPacket/MQTTUnsubscribeServer.o
LOAD ./Core/Src/wiznet/W5500/w5500.o
LOAD ./Core/Src/wiznet/socket.o
LOAD ./Core/Src/wiznet/w5500_spi.o
LOAD ./Core/Src/wiznet/wizchip_conf.o
LOAD ./Core/Startup/startup_stm32f401retx.o
LOAD ./Drivers/STM32F4xx_HAL_Driver/Src/stm32f4xx_hal.o
LOAD ./Drivers/STM32F4xx_HAL_Driver/Src/stm32f4xx_hal_cortex.o
LOAD ./Drivers/STM32F4xx_HAL_Driver/Src/stm32f4xx_hal_dma.o
LOAD ./Drivers/STM32F4xx_HAL_Driver/Src/stm32f4xx_hal_dma_ex.o
LOAD ./Drivers/STM32F4xx_HAL_Driver/Src/stm32f4xx_hal_exti.o
LOAD ./Drivers/STM32F4xx_HAL_Driver/Src/stm32f4xx_hal_flash.o
LOAD ./Drivers/STM32F4xx_HAL_Driver/Src/stm32f4xx_hal_flash_ex.o
LOAD ./Drivers/STM32F4xx_HAL_Driver/Src/stm32f4xx_hal_flash_ramfunc.o
LOAD ./Drivers/STM32F4xx_HAL_Driver/Src/stm32f4xx_hal_gpio.o
LOAD ./Drivers/STM32F4xx_HAL_Driver/Src/stm32f4xx_hal_pwr.o
LOAD ./Drivers/STM32F4xx_HAL_Driver/Src/stm32f4xx_hal_pwr_ex.o
LOAD ./Drivers/STM32F4xx_HAL_Driver/Src/stm32f4xx_hal_rcc.o
LOAD ./Drivers/STM32F4xx_HAL_Driver/Src/stm32f4xx_hal_rcc_ex.o
LOAD ./Drivers/STM32F4xx_HAL_Driver/Src/stm32f4xx_hal_spi.o
LOAD ./Drivers/STM32F4xx_HAL_Driver/Src/stm32f4xx_hal_tim.o
LOAD ./Drivers/STM32F4xx_HAL_Driver/Src/stm32f4xx_hal_tim_ex.o
LOAD ./Drivers/STM32F4xx_HAL_Driver/Src/stm32f4xx_hal_uart.o
LOAD ./Middlewares/Third_Party/FreeRTOS/Source/CMSIS_RTOS_V2/cmsis_os2.o
LOAD ./Middlewares/Third_Party/FreeRTOS/Source/croutine.o
LOAD ./Middlewares/Third_Party/FreeRTOS/Source/event_groups.o
LOAD ./Middlewares/Third_Party/FreeRTOS/Source/list.o
LOAD ./Middlewares/Third_Party/FreeRTOS/Source/queue.o
LOAD ./Middlewares/Third_Party/FreeRTOS/Source/stream_buffer.o
LOAD ./Middlewares/Third_Party/FreeRTOS/Source/tasks.o
LOAD ./Middlewares/Third_Party/FreeRTOS/Source/timers.o
LOAD ./Middlewares/Third_Party/FreeRTOS/Source/portable/GCC/ARM_CM4F/port.o
LOAD ./Middlewares/Third_Party/FreeRTOS/Source/portable/MemMang/heap_4.o
START GROUP
LOAD C:/ST/STM32CubeIDE_1.16.1/STM32CubeIDE/plugins/com.st.stm32cube.ide.mcu.externaltools.gnu-tools-for-stm32.12.3.rel1.win32_1.0.200.202406191623/tools/bin/../lib/gcc/arm-none-eabi/12.3.1/../../../../arm-none-eabi/lib/thumb/v7e-m+fp/hard\libc_nano.a
LOAD C:/ST/STM32CubeIDE_1.16.1/STM32CubeIDE/plugins/com.st.stm32cube.ide.mcu.externaltools.gnu-tools-for-stm32.12.3.rel1.win32_1.0.200.202406191623/tools/bin/../lib/gcc/arm-none-eabi/12.3.1/../../../../arm-none-eabi/lib/thumb/v7e-m+fp/hard\libm.a
END GROUP
START GROUP
LOAD C:/ST/STM32CubeIDE_1.16.1/STM32CubeIDE/plugins/com.st.stm32cube.ide.mcu.externaltools.gnu-tools-for-stm32.12.3.rel1.win32_1.0.200.202406191623/tools/bin/../lib/gcc/arm-none-eabi/12.3.1/thumb/v7e-m+fp/hard\libgcc.a
LOAD C:/ST/STM32CubeIDE_1.16.1/STM32CubeIDE/plugins/com.st.stm32cube.ide.mcu.externaltools.gnu-tools-for-stm32.12.3.rel1.win32_1.0.200.202406191623/tools/bin/../lib/gcc/arm-none-eabi/12.3.1/../../../../arm-none-eabi/lib/thumb/v7e-m+fp/hard\libc_nano.a
END GROUP
START GROUP
LOAD C:/ST/STM32CubeIDE_1.16.1/STM32CubeIDE/plugins/com.st.stm32cube.ide.mcu.externaltools.gnu-tools-for-stm32.12.3.rel1.win32_1.0.200.202406191623/tools/bin/../lib/gcc/arm-none-eabi/12.3.1/thumb/v7e-m+fp/hard\libgcc.a
LOAD C:/ST/STM32CubeIDE_1.16.1/STM32CubeIDE/plugins/com.st.stm32cube.ide.mcu.externaltools.gnu-tools-for-stm32.12.3.rel1.win32_1.0.200.202406191623/tools/bin/../lib/gcc/arm-none-eabi/12.3.1/../../../../arm-none-eabi/lib/thumb/v7e-m+fp/hard\libc_nano.a
LOAD C:/ST/STM32CubeIDE_1.16.1/STM32CubeIDE/plugins/com.st.stm32cube.ide.mcu.externaltools.gnu-tools-for-stm32.12.3.rel1.win32_1.0.200.202406191623/tools/bin/../lib/gcc/arm-none-eabi/12.3.1/../../../../arm-none-eabi/lib/thumb/v7e-m+fp/hard\libnosys.a
END GROUP
START GROUP
LOAD C:/ST/STM32CubeIDE_1.16.1/STM32CubeIDE/plugins/com.st.stm32cube.ide.mcu.externaltools.gnu-tools-for-stm32.12.3.rel1.win32_1.0.200.202406191623/tools/bin/../lib/gcc/arm-none-eabi/12.3.1/thumb/v7e-m+fp/hard\libgcc.a
LOAD C:/ST/STM32CubeIDE_1.16.1/STM32CubeIDE/plugins/com.st.stm32cube.ide.mcu.externaltools.gnu-tools-for-stm32.12.3.rel1.win32_1.0.200.202406191623/tools/bin/../lib/gcc/arm-none-eabi/12.3.1/../../../../arm-none-eabi/lib/thumb/v7e-m+fp/hard\libc_nano.a
LOAD C:/ST/STM32CubeIDE_1.16.1/STM32CubeIDE/plugins/com.st.stm32cube.ide.mcu.externaltools.gnu-tools-for-stm32.12.3.rel1.win32_1.0.200.202406191623/tools/bin/../lib/gcc/arm-none-eabi/12.3.1/../../../../arm-none-eabi/lib/thumb/v7e-m+fp/hard\libnosys.a
END GROUP
LOAD C:/ST/STM32CubeIDE_1.16.1/STM32CubeIDE/plugins/com.st.stm32cube.ide.mcu.externaltools.gnu-tools-for-stm32.12.3.rel1.win32_1.0.200.202406191623/tools/bin/../lib/gcc/arm-none-eabi/12.3.1/thumb/v7e-m+fp/hard/crtend.o
LOAD C:/ST/STM32CubeIDE_1.16.1/STM32CubeIDE/plugins/com.st.stm32cube.ide.mcu.externaltools.gnu-tools-for-stm32.12.3.rel1.win32_1.0.200.202406191623/tools/bin/../lib/gcc/arm-none-eabi/12.3.1/thumb/v7e-m+fp/hard/crtn.o
                0x20018000                        _estack = (ORIGIN (RAM) + LENGTH (RAM))
                0x00000200                        _Min_Heap_Size = 0x200
                0x00000400                        _Min_Stack_Size = 0x400

.isr_vector     0x08000000      0x194
                0x08000000                        . = ALIGN (0x4)
 *(.isr_vector)
 .isr_vector    0x08000000      0x194 ./Core/Startup/startup_stm32f401retx.o
                0x08000000                g_pfnVectors
                0x08000194                        . = ALIGN (0x4)

.text           0x080001a0    0x10798
                0x080001a0                        . = ALIGN (0x4)
 *(.text)
 .text          0x080001a0       0x40 C:/ST/STM32CubeIDE_1.16.1/STM32CubeIDE/plugins/com.st.stm32cube.ide.mcu.externaltools.gnu-tools-for-stm32.12.3.rel1.win32_1.0.200.202406191623/tools/bin/../lib/gcc/arm-none-eabi/12.3.1/thumb/v7e-m+fp/hard/crtbegin.o
 .text          0x080001e0       0x14 C:/ST/STM32CubeIDE_1.16.1/STM32CubeIDE/plugins/com.st.stm32cube.ide.mcu.externaltools.gnu-tools-for-stm32.12.3.rel1.win32_1.0.200.202406191623/tools/bin/../lib/gcc/arm-none-eabi/12.3.1/../../../../arm-none-eabi/lib/thumb/v7e-m+fp/hard\libc_nano.a(libc_a-strcmp.o)
                0x080001e0                strcmp
 .text          0x080001f4       0x10 C:/ST/STM32CubeIDE_1.16.1/STM32CubeIDE/plugins/com.st.stm32cube.ide.mcu.externaltools.gnu-tools-for-stm32.12.3.rel1.win32_1.0.200.202406191623/tools/bin/../lib/gcc/arm-none-eabi/12.3.1/../../../../arm-none-eabi/lib/thumb/v7e-m+fp/hard\libc_nano.a(libc_a-strlen.o)
                0x080001f4                strlen
 *fill*         0x08000204        0xc 
 .text          0x08000210       0xa0 C:/ST/STM32CubeIDE_1.16.1/STM32CubeIDE/plugins/com.st.stm32cube.ide.mcu.externaltools.gnu-tools-for-stm32.12.3.rel1.win32_1.0.200.202406191623/tools/bin/../lib/gcc/arm-none-eabi/12.3.1/../../../../arm-none-eabi/lib/thumb/v7e-m+fp/hard\libc_nano.a(libc_a-memchr.o)
                0x08000210                memchr
 .text          0x080002b0      0x378 C:/ST/STM32CubeIDE_1.16.1/STM32CubeIDE/plugins/com.st.stm32cube.ide.mcu.externaltools.gnu-tools-for-stm32.12.3.rel1.win32_1.0.200.202406191623/tools/bin/../lib/gcc/arm-none-eabi/12.3.1/thumb/v7e-m+fp/hard\libgcc.a(_arm_addsubdf3.o)
                0x080002b0                __aeabi_drsub
                0x080002b8                __aeabi_dsub
                0x080002b8                __subdf3
                0x080002bc                __aeabi_dadd
                0x080002bc                __adddf3
                0x08000534                __floatunsidf
                0x08000534                __aeabi_ui2d
                0x08000554                __floatsidf
                0x08000554                __aeabi_i2d
                0x08000578                __aeabi_f2d
                0x08000578                __extendsfdf2
                0x080005bc                __floatundidf
                0x080005bc                __aeabi_ul2d
                0x080005cc                __floatdidf
                0x080005cc                __aeabi_l2d
 .text          0x08000628      0x424 C:/ST/STM32CubeIDE_1.16.1/STM32CubeIDE/plugins/com.st.stm32cube.ide.mcu.externaltools.gnu-tools-for-stm32.12.3.rel1.win32_1.0.200.202406191623/tools/bin/../lib/gcc/arm-none-eabi/12.3.1/thumb/v7e-m+fp/hard\libgcc.a(_arm_muldivdf3.o)
                0x08000628                __aeabi_dmul
                0x08000628                __muldf3
                0x0800087c                __divdf3
                0x0800087c                __aeabi_ddiv
 .text          0x08000a4c      0x110 C:/ST/STM32CubeIDE_1.16.1/STM32CubeIDE/plugins/com.st.stm32cube.ide.mcu.externaltools.gnu-tools-for-stm32.12.3.rel1.win32_1.0.200.202406191623/tools/bin/../lib/gcc/arm-none-eabi/12.3.1/thumb/v7e-m+fp/hard\libgcc.a(_arm_cmpdf2.o)
                0x08000a4c                __gtdf2
                0x08000a4c                __gedf2
                0x08000a54                __ltdf2
                0x08000a54                __ledf2
                0x08000a5c                __nedf2
                0x08000a5c                __eqdf2
                0x08000a5c                __cmpdf2
                0x08000ad8                __aeabi_cdrcmple
                0x08000ae8                __aeabi_cdcmpeq
                0x08000ae8                __aeabi_cdcmple
                0x08000af8                __aeabi_dcmpeq
                0x08000b0c                __aeabi_dcmplt
                0x08000b20                __aeabi_dcmple
                0x08000b34                __aeabi_dcmpge
                0x08000b48                __aeabi_dcmpgt
 .text          0x08000b5c       0x50 C:/ST/STM32CubeIDE_1.16.1/STM32CubeIDE/plugins/com.st.stm32cube.ide.mcu.externaltools.gnu-tools-for-stm32.12.3.rel1.win32_1.0.200.202406191623/tools/bin/../lib/gcc/arm-none-eabi/12.3.1/thumb/v7e-m+fp/hard\libgcc.a(_arm_fixdfsi.o)
                0x08000b5c                __aeabi_d2iz
                0x08000b5c                __fixdfsi
 .text          0x08000bac       0x40 C:/ST/STM32CubeIDE_1.16.1/STM32CubeIDE/plugins/com.st.stm32cube.ide.mcu.externaltools.gnu-tools-for-stm32.12.3.rel1.win32_1.0.200.202406191623/tools/bin/../lib/gcc/arm-none-eabi/12.3.1/thumb/v7e-m+fp/hard\libgcc.a(_arm_fixunsdfsi.o)
                0x08000bac                __aeabi_d2uiz
                0x08000bac                __fixunsdfsi
 .text          0x08000bec       0x30 C:/ST/STM32CubeIDE_1.16.1/STM32CubeIDE/plugins/com.st.stm32cube.ide.mcu.externaltools.gnu-tools-for-stm32.12.3.rel1.win32_1.0.200.202406191623/tools/bin/../lib/gcc/arm-none-eabi/12.3.1/thumb/v7e-m+fp/hard\libgcc.a(_aeabi_uldivmod.o)
                0x08000bec                __aeabi_uldivmod
 .text          0x08000c1c       0x30 C:/ST/STM32CubeIDE_1.16.1/STM32CubeIDE/plugins/com.st.stm32cube.ide.mcu.externaltools.gnu-tools-for-stm32.12.3.rel1.win32_1.0.200.202406191623/tools/bin/../lib/gcc/arm-none-eabi/12.3.1/thumb/v7e-m+fp/hard\libgcc.a(_fixdfdi.o)
                0x08000c1c                __fixdfdi
                0x08000c1c                __aeabi_d2lz
 .text          0x08000c4c       0x3c C:/ST/STM32CubeIDE_1.16.1/STM32CubeIDE/plugins/com.st.stm32cube.ide.mcu.externaltools.gnu-tools-for-stm32.12.3.rel1.win32_1.0.200.202406191623/tools/bin/../lib/gcc/arm-none-eabi/12.3.1/thumb/v7e-m+fp/hard\libgcc.a(_fixunsdfdi.o)
                0x08000c4c                __fixunsdfdi
                0x08000c4c                __aeabi_d2ulz
 .text          0x08000c88      0x2bc C:/ST/STM32CubeIDE_1.16.1/STM32CubeIDE/plugins/com.st.stm32cube.ide.mcu.externaltools.gnu-tools-for-stm32.12.3.rel1.win32_1.0.200.202406191623/tools/bin/../lib/gcc/arm-none-eabi/12.3.1/thumb/v7e-m+fp/hard\libgcc.a(_udivmoddi4.o)
                0x08000c88                __udivmoddi4
 .text          0x08000f44        0x4 C:/ST/STM32CubeIDE_1.16.1/STM32CubeIDE/plugins/com.st.stm32cube.ide.mcu.externaltools.gnu-tools-for-stm32.12.3.rel1.win32_1.0.200.202406191623/tools/bin/../lib/gcc/arm-none-eabi/12.3.1/thumb/v7e-m+fp/hard\libgcc.a(_dvmd_tls.o)
                0x08000f44                __aeabi_idiv0
                0x08000f44                __aeabi_ldiv0
 *(.text*)
 .text.case_insensitive_strcmp
                0x08000f48       0xd8 ./Core/Src/CJSON/cJSON.o
 .text.cJSON_New_Item
                0x08001020       0x2c ./Core/Src/CJSON/cJSON.o
 .text.cJSON_Delete
                0x0800104c       0xa0 ./Core/Src/CJSON/cJSON.o
                0x0800104c                cJSON_Delete
 .text.get_decimal_point
                0x080010ec       0x10 ./Core/Src/CJSON/cJSON.o
 *fill*         0x080010fc        0x4 
 .text.parse_number
                0x08001100      0x198 ./Core/Src/CJSON/cJSON.o
 .text.parse_hex4
                0x08001298       0xc4 ./Core/Src/CJSON/cJSON.o
 .text.utf16_literal_to_utf8
                0x0800135c      0x1d0 ./Core/Src/CJSON/cJSON.o
 .text.parse_string
                0x0800152c      0x290 ./Core/Src/CJSON/cJSON.o
 .text.buffer_skip_whitespace
                0x080017bc       0x80 ./Core/Src/CJSON/cJSON.o
 .text.skip_utf8_bom
                0x0800183c       0x68 ./Core/Src/CJSON/cJSON.o
 .text.cJSON_ParseWithOpts
                0x080018a4       0x38 ./Core/Src/CJSON/cJSON.o
                0x080018a4                cJSON_ParseWithOpts
 .text.cJSON_ParseWithLengthOpts
                0x080018dc      0x134 ./Core/Src/CJSON/cJSON.o
                0x080018dc                cJSON_ParseWithLengthOpts
 .text.cJSON_Parse
                0x08001a10       0x1c ./Core/Src/CJSON/cJSON.o
                0x08001a10                cJSON_Parse
 .text.parse_value
                0x08001a2c      0x1d8 ./Core/Src/CJSON/cJSON.o
 .text.parse_array
                0x08001c04      0x188 ./Core/Src/CJSON/cJSON.o
 .text.parse_object
                0x08001d8c      0x218 ./Core/Src/CJSON/cJSON.o
 .text.get_object_item
                0x08001fa4       0x90 ./Core/Src/CJSON/cJSON.o
 .text.cJSON_GetObjectItemCaseSensitive
                0x08002034       0x1e ./Core/Src/CJSON/cJSON.o
                0x08002034                cJSON_GetObjectItemCaseSensitive
 .text.cJSON_IsNumber
                0x08002052       0x2e ./Core/Src/CJSON/cJSON.o
                0x08002052                cJSON_IsNumber
 .text.main     0x08002080       0xd0 ./Core/Src/main.o
                0x08002080                main
 .text.SystemClock_Config
                0x08002150       0xd4 ./Core/Src/main.o
                0x08002150                SystemClock_Config
 .text.MX_SPI1_Init
                0x08002224       0x7c ./Core/Src/main.o
 .text.MX_USART2_UART_Init
                0x080022a0       0x54 ./Core/Src/main.o
 .text.MX_GPIO_Init
                0x080022f4      0x164 ./Core/Src/main.o
 .text.Task_MQTTHandler
                0x08002458      0x220 ./Core/Src/main.o
                0x08002458                Task_MQTTHandler
 .text.MessageArrivedHandler
                0x08002678      0x2e8 ./Core/Src/main.o
                0x08002678                MessageArrivedHandler
 .text.__io_putchar
                0x08002960       0x24 ./Core/Src/main.o
                0x08002960                __io_putchar
 .text.PHYStatusCheck
                0x08002984       0x4c ./Core/Src/main.o
 .text.PrintPHYConf
                0x080029d0       0x88 ./Core/Src/main.o
 .text.OnDHCPIPAssigned
                0x08002a58       0x50 ./Core/Src/main.o
                0x08002a58                OnDHCPIPAssigned
 .text.DisplayNetworkConfigurations
                0x08002aa8       0xc8 ./Core/Src/main.o
                0x08002aa8                DisplayNetworkConfigurations
 .text.StartDefaultTask
                0x08002b70       0x10 ./Core/Src/main.o
                0x08002b70                StartDefaultTask
 .text.HAL_TIM_PeriodElapsedCallback
                0x08002b80       0x50 ./Core/Src/main.o
                0x08002b80                HAL_TIM_PeriodElapsedCallback
 .text.Error_Handler
                0x08002bd0        0xc ./Core/Src/main.o
                0x08002bd0                Error_Handler
 .text.HAL_MspInit
                0x08002bdc       0x58 ./Core/Src/stm32f4xx_hal_msp.o
                0x08002bdc                HAL_MspInit
 .text.HAL_SPI_MspInit
                0x08002c34       0x90 ./Core/Src/stm32f4xx_hal_msp.o
                0x08002c34                HAL_SPI_MspInit
 .text.HAL_UART_MspInit
                0x08002cc4       0x90 ./Core/Src/stm32f4xx_hal_msp.o
                0x08002cc4                HAL_UART_MspInit
 .text.HAL_InitTick
                0x08002d54       0xe4 ./Core/Src/stm32f4xx_hal_timebase_tim.o
                0x08002d54                HAL_InitTick
 .text.NMI_Handler
                0x08002e38        0x8 ./Core/Src/stm32f4xx_it.o
                0x08002e38                NMI_Handler
 .text.HardFault_Handler
                0x08002e40        0x8 ./Core/Src/stm32f4xx_it.o
                0x08002e40                HardFault_Handler
 .text.MemManage_Handler
                0x08002e48        0x8 ./Core/Src/stm32f4xx_it.o
                0x08002e48                MemManage_Handler
 .text.BusFault_Handler
                0x08002e50        0x8 ./Core/Src/stm32f4xx_it.o
                0x08002e50                BusFault_Handler
 .text.UsageFault_Handler
                0x08002e58        0x8 ./Core/Src/stm32f4xx_it.o
                0x08002e58                UsageFault_Handler
 .text.DebugMon_Handler
                0x08002e60        0xe ./Core/Src/stm32f4xx_it.o
                0x08002e60                DebugMon_Handler
 *fill*         0x08002e6e        0x2 
 .text.TIM1_UP_TIM10_IRQHandler
                0x08002e70       0x14 ./Core/Src/stm32f4xx_it.o
                0x08002e70                TIM1_UP_TIM10_IRQHandler
 .text._getpid  0x08002e84       0x10 ./Core/Src/syscalls.o
                0x08002e84                _getpid
 .text._kill    0x08002e94       0x20 ./Core/Src/syscalls.o
                0x08002e94                _kill
 .text._exit    0x08002eb4       0x16 ./Core/Src/syscalls.o
                0x08002eb4                _exit
 .text._read    0x08002eca       0x3a ./Core/Src/syscalls.o
                0x08002eca                _read
 .text._write   0x08002f04       0x38 ./Core/Src/syscalls.o
                0x08002f04                _write
 .text._close   0x08002f3c       0x18 ./Core/Src/syscalls.o
                0x08002f3c                _close
 .text._fstat   0x08002f54       0x20 ./Core/Src/syscalls.o
                0x08002f54                _fstat
 .text._isatty  0x08002f74       0x16 ./Core/Src/syscalls.o
                0x08002f74                _isatty
 .text._lseek   0x08002f8a       0x1a ./Core/Src/syscalls.o
                0x08002f8a                _lseek
 .text._sbrk    0x08002fa4       0x6c ./Core/Src/sysmem.o
                0x08002fa4                _sbrk
 .text.SystemInit
                0x08003010       0x24 ./Core/Src/system_stm32f4xx.o
                0x08003010                SystemInit
 .text.default_ip_assign
                0x08003034       0x38 ./Core/Src/wiznet/DHCP/dhcp.o
                0x08003034                default_ip_assign
 .text.default_ip_update
                0x0800306c       0x2c ./Core/Src/wiznet/DHCP/dhcp.o
                0x0800306c                default_ip_update
 .text.default_ip_conflict
                0x08003098       0x28 ./Core/Src/wiznet/DHCP/dhcp.o
                0x08003098                default_ip_conflict
 .text.reg_dhcp_cbfunc
                0x080030c0       0x68 ./Core/Src/wiznet/DHCP/dhcp.o
                0x080030c0                reg_dhcp_cbfunc
 .text.makeDHCPMSG
                0x08003128      0x1ec ./Core/Src/wiznet/DHCP/dhcp.o
                0x08003128                makeDHCPMSG
 .text.send_DHCP_DISCOVER
                0x08003314      0x398 ./Core/Src/wiznet/DHCP/dhcp.o
                0x08003314                send_DHCP_DISCOVER
 .text.send_DHCP_REQUEST
                0x080036ac      0x520 ./Core/Src/wiznet/DHCP/dhcp.o
                0x080036ac                send_DHCP_REQUEST
 .text.send_DHCP_DECLINE
                0x08003bcc      0x2ac ./Core/Src/wiznet/DHCP/dhcp.o
                0x08003bcc                send_DHCP_DECLINE
 .text.parseDHCPMSG
                0x08003e78      0x480 ./Core/Src/wiznet/DHCP/dhcp.o
                0x08003e78                parseDHCPMSG
 .text.DHCP_run
                0x080042f8      0x298 ./Core/Src/wiznet/DHCP/dhcp.o
                0x080042f8                DHCP_run
 .text.check_DHCP_timeout
                0x08004590       0xc0 ./Core/Src/wiznet/DHCP/dhcp.o
                0x08004590                check_DHCP_timeout
 .text.check_DHCP_leasedIP
                0x08004650       0x88 ./Core/Src/wiznet/DHCP/dhcp.o
                0x08004650                check_DHCP_leasedIP
 .text.DHCP_init
                0x080046d8      0x128 ./Core/Src/wiznet/DHCP/dhcp.o
                0x080046d8                DHCP_init
 .text.reset_DHCP_timeout
                0x08004800       0x2c ./Core/Src/wiznet/DHCP/dhcp.o
                0x08004800                reset_DHCP_timeout
 .text.DHCP_time_handler
                0x0800482c       0x1c ./Core/Src/wiznet/DHCP/dhcp.o
                0x0800482c                DHCP_time_handler
 .text.getIPfromDHCP
                0x08004848       0x40 ./Core/Src/wiznet/DHCP/dhcp.o
                0x08004848                getIPfromDHCP
 .text.getGWfromDHCP
                0x08004888       0x40 ./Core/Src/wiznet/DHCP/dhcp.o
                0x08004888                getGWfromDHCP
 .text.getSNfromDHCP
                0x080048c8       0x40 ./Core/Src/wiznet/DHCP/dhcp.o
                0x080048c8                getSNfromDHCP
 .text.getDNSfromDHCP
                0x08004908       0x40 ./Core/Src/wiznet/DHCP/dhcp.o
                0x08004908                getDNSfromDHCP
 .text.NibbleToHex
                0x08004948       0x32 ./Core/Src/wiznet/DHCP/dhcp.o
                0x08004948                NibbleToHex
 .text.get16    0x0800497a       0x2e ./Core/Src/wiznet/DNS/dns.o
                0x0800497a                get16
 .text.put16    0x080049a8       0x36 ./Core/Src/wiznet/DNS/dns.o
                0x080049a8                put16
 .text.parse_name
                0x080049de      0x10e ./Core/Src/wiznet/DNS/dns.o
                0x080049de                parse_name
 .text.dns_question
                0x08004aec       0x4a ./Core/Src/wiznet/DNS/dns.o
                0x08004aec                dns_question
 .text.dns_answer
                0x08004b36      0x228 ./Core/Src/wiznet/DNS/dns.o
                0x08004b36                dns_answer
 .text.parseDNSMSG
                0x08004d5e      0x18e ./Core/Src/wiznet/DNS/dns.o
                0x08004d5e                parseDNSMSG
 .text.dns_makequery
                0x08004eec      0x17c ./Core/Src/wiznet/DNS/dns.o
                0x08004eec                dns_makequery
 .text.check_DNS_timeout
                0x08005068       0x4c ./Core/Src/wiznet/DNS/dns.o
                0x08005068                check_DNS_timeout
 .text.DNS_init
                0x080050b4       0x38 ./Core/Src/wiznet/DNS/dns.o
                0x080050b4                DNS_init
 .text.DNS_run  0x080050ec      0x198 ./Core/Src/wiznet/DNS/dns.o
                0x080050ec                DNS_run
 .text.DNS_time_handler
                0x08005284       0x1c ./Core/Src/wiznet/DNS/dns.o
                0x08005284                DNS_time_handler
 .text.NewMessageData
                0x080052a0       0x24 ./Core/Src/wiznet/MQTT/MQTTClient.o
 .text.getNextPacketId
                0x080052c4       0x32 ./Core/Src/wiznet/MQTT/MQTTClient.o
 .text.sendPacket
                0x080052f6       0x92 ./Core/Src/wiznet/MQTT/MQTTClient.o
 .text.MQTTClientInit
                0x08005388       0x8a ./Core/Src/wiznet/MQTT/MQTTClient.o
                0x08005388                MQTTClientInit
 .text.decodePacket
                0x08005412       0x88 ./Core/Src/wiznet/MQTT/MQTTClient.o
 .text.readPacket
                0x0800549a      0x108 ./Core/Src/wiznet/MQTT/MQTTClient.o
 .text.isTopicMatched
                0x080055a2       0xd2 ./Core/Src/wiznet/MQTT/MQTTClient.o
 .text.deliverMessage
                0x08005674       0xd0 ./Core/Src/wiznet/MQTT/MQTTClient.o
                0x08005674                deliverMessage
 .text.keepalive
                0x08005744       0xa2 ./Core/Src/wiznet/MQTT/MQTTClient.o
                0x08005744                keepalive
 .text.MQTTCleanSession
                0x080057e6       0x38 ./Core/Src/wiznet/MQTT/MQTTClient.o
                0x080057e6                MQTTCleanSession
 .text.MQTTCloseSession
                0x0800581e       0x2a ./Core/Src/wiznet/MQTT/MQTTClient.o
                0x0800581e                MQTTCloseSession
 .text.cycle    0x08005848      0x200 ./Core/Src/wiznet/MQTT/MQTTClient.o
                0x08005848                cycle
 .text.MQTTYield
                0x08005a48       0x5a ./Core/Src/wiznet/MQTT/MQTTClient.o
                0x08005a48                MQTTYield
 .text.waitfor  0x08005aa2       0x44 ./Core/Src/wiznet/MQTT/MQTTClient.o
                0x08005aa2                waitfor
 *fill*         0x08005ae6        0x2 
 .text.MQTTConnectWithResults
                0x08005ae8      0x124 ./Core/Src/wiznet/MQTT/MQTTClient.o
                0x08005ae8                MQTTConnectWithResults
 .text.MQTTConnect
                0x08005c0c       0x22 ./Core/Src/wiznet/MQTT/MQTTClient.o
                0x08005c0c                MQTTConnect
 .text.MQTTSetMessageHandler
                0x08005c2e       0xd4 ./Core/Src/wiznet/MQTT/MQTTClient.o
                0x08005c2e                MQTTSetMessageHandler
 .text.MQTTSubscribeWithResults
                0x08005d02      0x11c ./Core/Src/wiznet/MQTT/MQTTClient.o
                0x08005d02                MQTTSubscribeWithResults
 .text.MQTTSubscribe
                0x08005e1e       0x2c ./Core/Src/wiznet/MQTT/MQTTClient.o
                0x08005e1e                MQTTSubscribe
 *fill*         0x08005e4a        0x2 
 .text.MilliTimer_Handler
                0x08005e4c       0x1c ./Core/Src/wiznet/MQTT/mqtt_interface.o
                0x08005e4c                MilliTimer_Handler
 .text.TimerInit
                0x08005e68       0x1a ./Core/Src/wiznet/MQTT/mqtt_interface.o
                0x08005e68                TimerInit
 *fill*         0x08005e82        0x2 
 .text.TimerIsExpired
                0x08005e84       0x2c ./Core/Src/wiznet/MQTT/mqtt_interface.o
                0x08005e84                TimerIsExpired
 .text.TimerCountdownMS
                0x08005eb0       0x28 ./Core/Src/wiznet/MQTT/mqtt_interface.o
                0x08005eb0                TimerCountdownMS
 .text.TimerCountdown
                0x08005ed8       0x30 ./Core/Src/wiznet/MQTT/mqtt_interface.o
                0x08005ed8                TimerCountdown
 .text.TimerLeftMS
                0x08005f08       0x2c ./Core/Src/wiznet/MQTT/mqtt_interface.o
                0x08005f08                TimerLeftMS
 .text.NewNetwork
                0x08005f34       0x3c ./Core/Src/wiznet/MQTT/mqtt_interface.o
                0x08005f34                NewNetwork
 .text.w5x00_read
                0x08005f70       0x5a ./Core/Src/wiznet/MQTT/mqtt_interface.o
                0x08005f70                w5x00_read
 .text.w5x00_write
                0x08005fca       0x48 ./Core/Src/wiznet/MQTT/mqtt_interface.o
                0x08005fca                w5x00_write
 .text.w5x00_disconnect
                0x08006012       0x1c ./Core/Src/wiznet/MQTT/mqtt_interface.o
                0x08006012                w5x00_disconnect
 .text.ConnectNetwork
                0x0800602e       0x58 ./Core/Src/wiznet/MQTT/mqtt_interface.o
                0x0800602e                ConnectNetwork
 .text.MQTTSerialize_connectLength
                0x08006086       0xc2 ./Core/Src/wiznet/MQTT/MQTTPacket/MQTTConnectClient.o
                0x08006086                MQTTSerialize_connectLength
 .text.MQTTSerialize_connect
                0x08006148      0x1d8 ./Core/Src/wiznet/MQTT/MQTTPacket/MQTTConnectClient.o
                0x08006148                MQTTSerialize_connect
 .text.MQTTDeserialize_connack
                0x08006320       0xaa ./Core/Src/wiznet/MQTT/MQTTPacket/MQTTConnectClient.o
                0x08006320                MQTTDeserialize_connack
 .text.MQTTSerialize_zero
                0x080063ca       0x70 ./Core/Src/wiznet/MQTT/MQTTPacket/MQTTConnectClient.o
                0x080063ca                MQTTSerialize_zero
 .text.MQTTSerialize_pingreq
                0x0800643a       0x1e ./Core/Src/wiznet/MQTT/MQTTPacket/MQTTConnectClient.o
                0x0800643a                MQTTSerialize_pingreq
 .text.MQTTDeserialize_publish
                0x08006458       0xe4 ./Core/Src/wiznet/MQTT/MQTTPacket/MQTTDeserializePublish.o
                0x08006458                MQTTDeserialize_publish
 .text.MQTTDeserialize_ack
                0x0800653c       0x96 ./Core/Src/wiznet/MQTT/MQTTPacket/MQTTDeserializePublish.o
                0x0800653c                MQTTDeserialize_ack
 .text.MQTTPacket_encode
                0x080065d2       0x5e ./Core/Src/wiznet/MQTT/MQTTPacket/MQTTPacket.o
                0x080065d2                MQTTPacket_encode
 .text.MQTTPacket_decode
                0x08006630       0x78 ./Core/Src/wiznet/MQTT/MQTTPacket/MQTTPacket.o
                0x08006630                MQTTPacket_decode
 .text.MQTTPacket_len
                0x080066a8       0x54 ./Core/Src/wiznet/MQTT/MQTTPacket/MQTTPacket.o
                0x080066a8                MQTTPacket_len
 .text.bufchar  0x080066fc       0x40 ./Core/Src/wiznet/MQTT/MQTTPacket/MQTTPacket.o
                0x080066fc                bufchar
 .text.MQTTPacket_decodeBuf
                0x0800673c       0x2c ./Core/Src/wiznet/MQTT/MQTTPacket/MQTTPacket.o
                0x0800673c                MQTTPacket_decodeBuf
 .text.readInt  0x08006768       0x36 ./Core/Src/wiznet/MQTT/MQTTPacket/MQTTPacket.o
                0x08006768                readInt
 .text.readChar
                0x0800679e       0x28 ./Core/Src/wiznet/MQTT/MQTTPacket/MQTTPacket.o
                0x0800679e                readChar
 .text.writeChar
                0x080067c6       0x2a ./Core/Src/wiznet/MQTT/MQTTPacket/MQTTPacket.o
                0x080067c6                writeChar
 .text.writeInt
                0x080067f0       0x52 ./Core/Src/wiznet/MQTT/MQTTPacket/MQTTPacket.o
                0x080067f0                writeInt
 .text.writeCString
                0x08006842       0x3e ./Core/Src/wiznet/MQTT/MQTTPacket/MQTTPacket.o
                0x08006842                writeCString
 .text.writeMQTTString
                0x08006880       0x5c ./Core/Src/wiznet/MQTT/MQTTPacket/MQTTPacket.o
                0x08006880                writeMQTTString
 .text.readMQTTLenString
                0x080068dc       0x62 ./Core/Src/wiznet/MQTT/MQTTPacket/MQTTPacket.o
                0x080068dc                readMQTTLenString
 .text.MQTTstrlen
                0x0800693e       0x32 ./Core/Src/wiznet/MQTT/MQTTPacket/MQTTPacket.o
                0x0800693e                MQTTstrlen
 .text.MQTTPacket_equals
                0x08006970       0x6e ./Core/Src/wiznet/MQTT/MQTTPacket/MQTTPacket.o
                0x08006970                MQTTPacket_equals
 .text.MQTTSerialize_ack
                0x080069de       0xaa ./Core/Src/wiznet/MQTT/MQTTPacket/MQTTSerializePublish.o
                0x080069de                MQTTSerialize_ack
 .text.MQTTSerialize_subscribeLength
                0x08006a88       0x4e ./Core/Src/wiznet/MQTT/MQTTPacket/MQTTSubscribeClient.o
                0x08006a88                MQTTSerialize_subscribeLength
 .text.MQTTSerialize_subscribe
                0x08006ad6       0xf8 ./Core/Src/wiznet/MQTT/MQTTPacket/MQTTSubscribeClient.o
                0x08006ad6                MQTTSerialize_subscribe
 .text.MQTTDeserialize_suback
                0x08006bce       0xce ./Core/Src/wiznet/MQTT/MQTTPacket/MQTTSubscribeClient.o
                0x08006bce                MQTTDeserialize_suback
 .text.WIZCHIP_READ
                0x08006c9c       0x98 ./Core/Src/wiznet/W5500/w5500.o
                0x08006c9c                WIZCHIP_READ
 .text.WIZCHIP_WRITE
                0x08006d34       0x9c ./Core/Src/wiznet/W5500/w5500.o
                0x08006d34                WIZCHIP_WRITE
 .text.WIZCHIP_READ_BUF
                0x08006dd0       0xc0 ./Core/Src/wiznet/W5500/w5500.o
                0x08006dd0                WIZCHIP_READ_BUF
 .text.WIZCHIP_WRITE_BUF
                0x08006e90       0xc0 ./Core/Src/wiznet/W5500/w5500.o
                0x08006e90                WIZCHIP_WRITE_BUF
 .text.getSn_TX_FSR
                0x08006f50       0x92 ./Core/Src/wiznet/W5500/w5500.o
                0x08006f50                getSn_TX_FSR
 .text.getSn_RX_RSR
                0x08006fe2       0x92 ./Core/Src/wiznet/W5500/w5500.o
                0x08006fe2                getSn_RX_RSR
 .text.wiz_send_data
                0x08007074       0xb4 ./Core/Src/wiznet/W5500/w5500.o
                0x08007074                wiz_send_data
 .text.wiz_recv_data
                0x08007128       0xb4 ./Core/Src/wiznet/W5500/w5500.o
                0x08007128                wiz_recv_data
 .text.wiz_recv_ignore
                0x080071dc       0x8c ./Core/Src/wiznet/W5500/w5500.o
                0x080071dc                wiz_recv_ignore
 .text.socket   0x08007268      0x228 ./Core/Src/wiznet/socket.o
                0x08007268                socket
 .text.close    0x08007490       0xdc ./Core/Src/wiznet/socket.o
                0x08007490                close
 .text.connect  0x0800756c      0x1b8 ./Core/Src/wiznet/socket.o
                0x0800756c                connect
 .text.disconnect
                0x08007724       0xec ./Core/Src/wiznet/socket.o
                0x08007724                disconnect
 .text.send     0x08007810      0x1f0 ./Core/Src/wiznet/socket.o
                0x08007810                send
 .text.recv     0x08007a00      0x168 ./Core/Src/wiznet/socket.o
                0x08007a00                recv
 .text.sendto   0x08007b68      0x268 ./Core/Src/wiznet/socket.o
                0x08007b68                sendto
 .text.recvfrom
                0x08007dd0      0x3d8 ./Core/Src/wiznet/socket.o
                0x08007dd0                recvfrom
 .text.SPIReadWrite
                0x080081a8       0x50 ./Core/Src/wiznet/w5500_spi.o
                0x080081a8                SPIReadWrite
 .text.wizchip_select
                0x080081f8       0x18 ./Core/Src/wiznet/w5500_spi.o
                0x080081f8                wizchip_select
 .text.wizchip_deselect
                0x08008210       0x18 ./Core/Src/wiznet/w5500_spi.o
                0x08008210                wizchip_deselect
 .text.wizchip_reset_high
                0x08008228       0x18 ./Core/Src/wiznet/w5500_spi.o
                0x08008228                wizchip_reset_high
 .text.wizchip_reset_low
                0x08008240       0x18 ./Core/Src/wiznet/w5500_spi.o
                0x08008240                wizchip_reset_low
 .text.wizchip_read
                0x08008258       0x1a ./Core/Src/wiznet/w5500_spi.o
                0x08008258                wizchip_read
 .text.wizchip_write
                0x08008272       0x1a ./Core/Src/wiznet/w5500_spi.o
                0x08008272                wizchip_write
 .text.wizchip_readburst
                0x0800828c       0x3e ./Core/Src/wiznet/w5500_spi.o
                0x0800828c                wizchip_readburst
 .text.wizchip_writeburst
                0x080082ca       0x3a ./Core/Src/wiznet/w5500_spi.o
                0x080082ca                wizchip_writeburst
 .text.W5500IOInit
                0x08008304        0xe ./Core/Src/wiznet/w5500_spi.o
                0x08008304                W5500IOInit
 .text.w5500_enter_critical
                0x08008312       0x12 ./Core/Src/wiznet/w5500_spi.o
                0x08008312                w5500_enter_critical
 .text.w5500_exit_critical
                0x08008324       0x12 ./Core/Src/wiznet/w5500_spi.o
                0x08008324                w5500_exit_critical
 *fill*         0x08008336        0x2 
 .text.W5500Init
                0x08008338       0xf4 ./Core/Src/wiznet/w5500_spi.o
                0x08008338                W5500Init
 .text.wizchip_cris_enter
                0x0800842c        0xe ./Core/Src/wiznet/wizchip_conf.o
                0x0800842c                wizchip_cris_enter
 .text.wizchip_cris_exit
                0x0800843a        0xe ./Core/Src/wiznet/wizchip_conf.o
                0x0800843a                wizchip_cris_exit
 .text.wizchip_cs_select
                0x08008448        0xe ./Core/Src/wiznet/wizchip_conf.o
                0x08008448                wizchip_cs_select
 .text.wizchip_cs_deselect
                0x08008456        0xe ./Core/Src/wiznet/wizchip_conf.o
                0x08008456                wizchip_cs_deselect
 .text.wizchip_bus_readdata
                0x08008464       0x1a ./Core/Src/wiznet/wizchip_conf.o
                0x08008464                wizchip_bus_readdata
 .text.wizchip_bus_writedata
                0x0800847e       0x1e ./Core/Src/wiznet/wizchip_conf.o
                0x0800847e                wizchip_bus_writedata
 .text.wizchip_spi_readbyte
                0x0800849c       0x10 ./Core/Src/wiznet/wizchip_conf.o
                0x0800849c                wizchip_spi_readbyte
 .text.wizchip_spi_writebyte
                0x080084ac       0x16 ./Core/Src/wiznet/wizchip_conf.o
                0x080084ac                wizchip_spi_writebyte
 .text.wizchip_spi_readburst
                0x080084c2       0x18 ./Core/Src/wiznet/wizchip_conf.o
                0x080084c2                wizchip_spi_readburst
 .text.wizchip_spi_writeburst
                0x080084da       0x18 ./Core/Src/wiznet/wizchip_conf.o
                0x080084da                wizchip_spi_writeburst
 *fill*         0x080084f2        0x2 
 .text.reg_wizchip_cris_cbfunc
                0x080084f4       0x4c ./Core/Src/wiznet/wizchip_conf.o
                0x080084f4                reg_wizchip_cris_cbfunc
 .text.reg_wizchip_cs_cbfunc
                0x08008540       0x4c ./Core/Src/wiznet/wizchip_conf.o
                0x08008540                reg_wizchip_cs_cbfunc
 .text.reg_wizchip_spi_cbfunc
                0x0800858c       0x58 ./Core/Src/wiznet/wizchip_conf.o
                0x0800858c                reg_wizchip_spi_cbfunc
 .text.reg_wizchip_spiburst_cbfunc
                0x080085e4       0x58 ./Core/Src/wiznet/wizchip_conf.o
                0x080085e4                reg_wizchip_spiburst_cbfunc
 .text.ctlwizchip
                0x0800863c      0x1c0 ./Core/Src/wiznet/wizchip_conf.o
                0x0800863c                ctlwizchip
 .text.ctlnetwork
                0x080087fc       0x7c ./Core/Src/wiznet/wizchip_conf.o
                0x080087fc                ctlnetwork
 .text.wizchip_sw_reset
                0x08008878       0x98 ./Core/Src/wiznet/wizchip_conf.o
                0x08008878                wizchip_sw_reset
 .text.wizchip_init
                0x08008910      0x118 ./Core/Src/wiznet/wizchip_conf.o
                0x08008910                wizchip_init
 .text.wizchip_clrinterrupt
                0x08008a28       0x68 ./Core/Src/wiznet/wizchip_conf.o
                0x08008a28                wizchip_clrinterrupt
 .text.wizchip_getinterrupt
                0x08008a90       0x4a ./Core/Src/wiznet/wizchip_conf.o
                0x08008a90                wizchip_getinterrupt
 .text.wizchip_setinterruptmask
                0x08008ada       0x36 ./Core/Src/wiznet/wizchip_conf.o
                0x08008ada                wizchip_setinterruptmask
 .text.wizchip_getinterruptmask
                0x08008b10       0x46 ./Core/Src/wiznet/wizchip_conf.o
                0x08008b10                wizchip_getinterruptmask
 .text.wizphy_getphylink
                0x08008b56       0x2c ./Core/Src/wiznet/wizchip_conf.o
                0x08008b56                wizphy_getphylink
 .text.wizphy_getphypmode
                0x08008b82       0x32 ./Core/Src/wiznet/wizchip_conf.o
                0x08008b82                wizphy_getphypmode
 .text.wizphy_reset
                0x08008bb4       0x4e ./Core/Src/wiznet/wizchip_conf.o
                0x08008bb4                wizphy_reset
 .text.wizphy_setphyconf
                0x08008c02       0x84 ./Core/Src/wiznet/wizchip_conf.o
                0x08008c02                wizphy_setphyconf
 *fill*         0x08008c86        0x2 
 .text.wizphy_getphyconf
                0x08008c88       0xd4 ./Core/Src/wiznet/wizchip_conf.o
                0x08008c88                wizphy_getphyconf
 .text.wizphy_setphypmode
                0x08008d5c       0x94 ./Core/Src/wiznet/wizchip_conf.o
                0x08008d5c                wizphy_setphypmode
 .text.wizchip_setnetinfo
                0x08008df0       0x80 ./Core/Src/wiznet/wizchip_conf.o
                0x08008df0                wizchip_setnetinfo
 .text.wizchip_getnetinfo
                0x08008e70       0x80 ./Core/Src/wiznet/wizchip_conf.o
                0x08008e70                wizchip_getnetinfo
 .text.wizchip_setnetmode
                0x08008ef0       0x44 ./Core/Src/wiznet/wizchip_conf.o
                0x08008ef0                wizchip_setnetmode
 .text.wizchip_getnetmode
                0x08008f34       0x10 ./Core/Src/wiznet/wizchip_conf.o
                0x08008f34                wizchip_getnetmode
 .text.wizchip_settimeout
                0x08008f44       0x42 ./Core/Src/wiznet/wizchip_conf.o
                0x08008f44                wizchip_settimeout
 .text.wizchip_gettimeout
                0x08008f86       0x40 ./Core/Src/wiznet/wizchip_conf.o
                0x08008f86                wizchip_gettimeout
 *fill*         0x08008fc6        0x2 
 .text.Reset_Handler
                0x08008fc8       0x50 ./Core/Startup/startup_stm32f401retx.o
                0x08008fc8                Reset_Handler
 .text.Default_Handler
                0x08009018        0x2 ./Core/Startup/startup_stm32f401retx.o
                0x08009018                RTC_Alarm_IRQHandler
                0x08009018                EXTI2_IRQHandler
                0x08009018                SPI4_IRQHandler
                0x08009018                TIM1_CC_IRQHandler
                0x08009018                DMA2_Stream5_IRQHandler
                0x08009018                DMA1_Stream5_IRQHandler
                0x08009018                PVD_IRQHandler
                0x08009018                SDIO_IRQHandler
                0x08009018                TAMP_STAMP_IRQHandler
                0x08009018                EXTI3_IRQHandler
                0x08009018                I2C3_ER_IRQHandler
                0x08009018                EXTI0_IRQHandler
                0x08009018                I2C2_EV_IRQHandler
                0x08009018                DMA1_Stream2_IRQHandler
                0x08009018                FPU_IRQHandler
                0x08009018                DMA2_Stream2_IRQHandler
                0x08009018                SPI1_IRQHandler
                0x08009018                TIM1_BRK_TIM9_IRQHandler
                0x08009018                DMA2_Stream3_IRQHandler
                0x08009018                USART6_IRQHandler
                0x08009018                DMA2_Stream0_IRQHandler
                0x08009018                TIM4_IRQHandler
                0x08009018                I2C1_EV_IRQHandler
                0x08009018                DMA1_Stream6_IRQHandler
                0x08009018                DMA1_Stream1_IRQHandler
                0x08009018                TIM3_IRQHandler
                0x08009018                RCC_IRQHandler
                0x08009018                Default_Handler
                0x08009018                EXTI15_10_IRQHandler
                0x08009018                ADC_IRQHandler
                0x08009018                DMA1_Stream7_IRQHandler
                0x08009018                TIM5_IRQHandler
                0x08009018                DMA2_Stream7_IRQHandler
                0x08009018                I2C3_EV_IRQHandler
                0x08009018                EXTI9_5_IRQHandler
                0x08009018                RTC_WKUP_IRQHandler
                0x08009018                SPI2_IRQHandler
                0x08009018                DMA1_Stream0_IRQHandler
                0x08009018                EXTI4_IRQHandler
                0x08009018                WWDG_IRQHandler
                0x08009018                TIM2_IRQHandler
                0x08009018                OTG_FS_WKUP_IRQHandler
                0x08009018                TIM1_TRG_COM_TIM11_IRQHandler
                0x08009018                EXTI1_IRQHandler
                0x08009018                USART2_IRQHandler
                0x08009018                I2C2_ER_IRQHandler
                0x08009018                DMA2_Stream1_IRQHandler
                0x08009018                FLASH_IRQHandler
                0x08009018                DMA2_Stream4_IRQHandler
                0x08009018                USART1_IRQHandler
                0x08009018                OTG_FS_IRQHandler
                0x08009018                SPI3_IRQHandler
                0x08009018                DMA1_Stream4_IRQHandler
                0x08009018                I2C1_ER_IRQHandler
                0x08009018                DMA2_Stream6_IRQHandler
                0x08009018                DMA1_Stream3_IRQHandler
 *fill*         0x0800901a        0x2 
 .text.HAL_Init
                0x0800901c       0x44 ./Drivers/STM32F4xx_HAL_Driver/Src/stm32f4xx_hal.o
                0x0800901c                HAL_Init
 .text.HAL_IncTick
                0x08009060       0x28 ./Drivers/STM32F4xx_HAL_Driver/Src/stm32f4xx_hal.o
                0x08009060                HAL_IncTick
 .text.HAL_GetTick
                0x08009088       0x18 ./Drivers/STM32F4xx_HAL_Driver/Src/stm32f4xx_hal.o
                0x08009088                HAL_GetTick
 .text.HAL_Delay
                0x080090a0       0x48 ./Drivers/STM32F4xx_HAL_Driver/Src/stm32f4xx_hal.o
                0x080090a0                HAL_Delay
 .text.__NVIC_SetPriorityGrouping
                0x080090e8       0x48 ./Drivers/STM32F4xx_HAL_Driver/Src/stm32f4xx_hal_cortex.o
 .text.__NVIC_GetPriorityGrouping
                0x08009130       0x1c ./Drivers/STM32F4xx_HAL_Driver/Src/stm32f4xx_hal_cortex.o
 .text.__NVIC_EnableIRQ
                0x0800914c       0x3c ./Drivers/STM32F4xx_HAL_Driver/Src/stm32f4xx_hal_cortex.o
 .text.__NVIC_SetPriority
                0x08009188       0x54 ./Drivers/STM32F4xx_HAL_Driver/Src/stm32f4xx_hal_cortex.o
 .text.NVIC_EncodePriority
                0x080091dc       0x66 ./Drivers/STM32F4xx_HAL_Driver/Src/stm32f4xx_hal_cortex.o
 .text.HAL_NVIC_SetPriorityGrouping
                0x08009242       0x16 ./Drivers/STM32F4xx_HAL_Driver/Src/stm32f4xx_hal_cortex.o
                0x08009242                HAL_NVIC_SetPriorityGrouping
 .text.HAL_NVIC_SetPriority
                0x08009258       0x38 ./Drivers/STM32F4xx_HAL_Driver/Src/stm32f4xx_hal_cortex.o
                0x08009258                HAL_NVIC_SetPriority
 .text.HAL_NVIC_EnableIRQ
                0x08009290       0x1c ./Drivers/STM32F4xx_HAL_Driver/Src/stm32f4xx_hal_cortex.o
                0x08009290                HAL_NVIC_EnableIRQ
 .text.HAL_GPIO_Init
                0x080092ac      0x308 ./Drivers/STM32F4xx_HAL_Driver/Src/stm32f4xx_hal_gpio.o
                0x080092ac                HAL_GPIO_Init
 .text.HAL_GPIO_WritePin
                0x080095b4       0x32 ./Drivers/STM32F4xx_HAL_Driver/Src/stm32f4xx_hal_gpio.o
                0x080095b4                HAL_GPIO_WritePin
 *fill*         0x080095e6        0x2 
 .text.HAL_RCC_OscConfig
                0x080095e8      0x4f0 ./Drivers/STM32F4xx_HAL_Driver/Src/stm32f4xx_hal_rcc.o
                0x080095e8                HAL_RCC_OscConfig
 .text.HAL_RCC_ClockConfig
                0x08009ad8      0x1cc ./Drivers/STM32F4xx_HAL_Driver/Src/stm32f4xx_hal_rcc.o
                0x08009ad8                HAL_RCC_ClockConfig
 .text.HAL_RCC_GetSysClockFreq
                0x08009ca4      0x20c ./Drivers/STM32F4xx_HAL_Driver/Src/stm32f4xx_hal_rcc.o
                0x08009ca4                HAL_RCC_GetSysClockFreq
 .text.HAL_RCC_GetHCLKFreq
                0x08009eb0       0x18 ./Drivers/STM32F4xx_HAL_Driver/Src/stm32f4xx_hal_rcc.o
                0x08009eb0                HAL_RCC_GetHCLKFreq
 .text.HAL_RCC_GetPCLK1Freq
                0x08009ec8       0x28 ./Drivers/STM32F4xx_HAL_Driver/Src/stm32f4xx_hal_rcc.o
                0x08009ec8                HAL_RCC_GetPCLK1Freq
 .text.HAL_RCC_GetPCLK2Freq
                0x08009ef0       0x28 ./Drivers/STM32F4xx_HAL_Driver/Src/stm32f4xx_hal_rcc.o
                0x08009ef0                HAL_RCC_GetPCLK2Freq
 .text.HAL_RCC_GetClockConfig
                0x08009f18       0x64 ./Drivers/STM32F4xx_HAL_Driver/Src/stm32f4xx_hal_rcc.o
                0x08009f18                HAL_RCC_GetClockConfig
 .text.HAL_SPI_Init
                0x08009f7c      0x112 ./Drivers/STM32F4xx_HAL_Driver/Src/stm32f4xx_hal_spi.o
                0x08009f7c                HAL_SPI_Init
 .text.HAL_TIM_Base_Init
                0x0800a08e       0x9e ./Drivers/STM32F4xx_HAL_Driver/Src/stm32f4xx_hal_tim.o
                0x0800a08e                HAL_TIM_Base_Init
 .text.HAL_TIM_Base_MspInit
                0x0800a12c       0x14 ./Drivers/STM32F4xx_HAL_Driver/Src/stm32f4xx_hal_tim.o
                0x0800a12c                HAL_TIM_Base_MspInit
 .text.HAL_TIM_Base_Start_IT
                0x0800a140       0xc4 ./Drivers/STM32F4xx_HAL_Driver/Src/stm32f4xx_hal_tim.o
                0x0800a140                HAL_TIM_Base_Start_IT
 .text.HAL_TIM_IRQHandler
                0x0800a204      0x1e0 ./Drivers/STM32F4xx_HAL_Driver/Src/stm32f4xx_hal_tim.o
                0x0800a204                HAL_TIM_IRQHandler
 .text.HAL_TIM_OC_DelayElapsedCallback
                0x0800a3e4       0x14 ./Drivers/STM32F4xx_HAL_Driver/Src/stm32f4xx_hal_tim.o
                0x0800a3e4                HAL_TIM_OC_DelayElapsedCallback
 .text.HAL_TIM_IC_CaptureCallback
                0x0800a3f8       0x14 ./Drivers/STM32F4xx_HAL_Driver/Src/stm32f4xx_hal_tim.o
                0x0800a3f8                HAL_TIM_IC_CaptureCallback
 .text.HAL_TIM_PWM_PulseFinishedCallback
                0x0800a40c       0x14 ./Drivers/STM32F4xx_HAL_Driver/Src/stm32f4xx_hal_tim.o
                0x0800a40c                HAL_TIM_PWM_PulseFinishedCallback
 .text.HAL_TIM_TriggerCallback
                0x0800a420       0x14 ./Drivers/STM32F4xx_HAL_Driver/Src/stm32f4xx_hal_tim.o
                0x0800a420                HAL_TIM_TriggerCallback
 .text.TIM_Base_SetConfig
                0x0800a434      0x118 ./Drivers/STM32F4xx_HAL_Driver/Src/stm32f4xx_hal_tim.o
                0x0800a434                TIM_Base_SetConfig
 .text.HAL_TIMEx_CommutCallback
                0x0800a54c       0x14 ./Drivers/STM32F4xx_HAL_Driver/Src/stm32f4xx_hal_tim_ex.o
                0x0800a54c                HAL_TIMEx_CommutCallback
 .text.HAL_TIMEx_BreakCallback
                0x0800a560       0x14 ./Drivers/STM32F4xx_HAL_Driver/Src/stm32f4xx_hal_tim_ex.o
                0x0800a560                HAL_TIMEx_BreakCallback
 .text.HAL_UART_Init
                0x0800a574       0xa0 ./Drivers/STM32F4xx_HAL_Driver/Src/stm32f4xx_hal_uart.o
                0x0800a574                HAL_UART_Init
 .text.HAL_UART_Transmit
                0x0800a614      0x116 ./Drivers/STM32F4xx_HAL_Driver/Src/stm32f4xx_hal_uart.o
                0x0800a614                HAL_UART_Transmit
 .text.UART_WaitOnFlagUntilTimeout
                0x0800a72a       0xb2 ./Drivers/STM32F4xx_HAL_Driver/Src/stm32f4xx_hal_uart.o
 .text.UART_EndRxTransfer
                0x0800a7dc       0xc6 ./Drivers/STM32F4xx_HAL_Driver/Src/stm32f4xx_hal_uart.o
 *fill*         0x0800a8a2        0x2 
 .text.UART_SetConfig
                0x0800a8a4      0x4e8 ./Drivers/STM32F4xx_HAL_Driver/Src/stm32f4xx_hal_uart.o
 .text.__NVIC_SetPriority
                0x0800ad8c       0x54 ./Middlewares/Third_Party/FreeRTOS/Source/CMSIS_RTOS_V2/cmsis_os2.o
 .text.SysTick_Handler
                0x0800ade0       0x20 ./Middlewares/Third_Party/FreeRTOS/Source/CMSIS_RTOS_V2/cmsis_os2.o
                0x0800ade0                SysTick_Handler
 .text.SVC_Setup
                0x0800ae00       0x12 ./Middlewares/Third_Party/FreeRTOS/Source/CMSIS_RTOS_V2/cmsis_os2.o
 *fill*         0x0800ae12        0x2 
 .text.osKernelInitialize
                0x0800ae14       0x48 ./Middlewares/Third_Party/FreeRTOS/Source/CMSIS_RTOS_V2/cmsis_os2.o
                0x0800ae14                osKernelInitialize
 .text.osKernelStart
                0x0800ae5c       0x4c ./Middlewares/Third_Party/FreeRTOS/Source/CMSIS_RTOS_V2/cmsis_os2.o
                0x0800ae5c                osKernelStart
 .text.osThreadNew
                0x0800aea8      0x124 ./Middlewares/Third_Party/FreeRTOS/Source/CMSIS_RTOS_V2/cmsis_os2.o
                0x0800aea8                osThreadNew
 .text.osDelay  0x0800afcc       0x36 ./Middlewares/Third_Party/FreeRTOS/Source/CMSIS_RTOS_V2/cmsis_os2.o
                0x0800afcc                osDelay
 .text.osMessageQueueNew
                0x0800b002       0xe6 ./Middlewares/Third_Party/FreeRTOS/Source/CMSIS_RTOS_V2/cmsis_os2.o
                0x0800b002                osMessageQueueNew
 .text.vApplicationGetIdleTaskMemory
                0x0800b0e8       0x34 ./Middlewares/Third_Party/FreeRTOS/Source/CMSIS_RTOS_V2/cmsis_os2.o
                0x0800b0e8                vApplicationGetIdleTaskMemory
 .text.vApplicationGetTimerTaskMemory
                0x0800b11c       0x34 ./Middlewares/Third_Party/FreeRTOS/Source/CMSIS_RTOS_V2/cmsis_os2.o
                0x0800b11c                vApplicationGetTimerTaskMemory
 .text.vListInitialise
                0x0800b150       0x40 ./Middlewares/Third_Party/FreeRTOS/Source/list.o
                0x0800b150                vListInitialise
 .text.vListInitialiseItem
                0x0800b190       0x1a ./Middlewares/Third_Party/FreeRTOS/Source/list.o
                0x0800b190                vListInitialiseItem
 .text.vListInsertEnd
                0x0800b1aa       0x48 ./Middlewares/Third_Party/FreeRTOS/Source/list.o
                0x0800b1aa                vListInsertEnd
 .text.vListInsert
                0x0800b1f2       0x72 ./Middlewares/Third_Party/FreeRTOS/Source/list.o
                0x0800b1f2                vListInsert
 .text.uxListRemove
                0x0800b264       0x54 ./Middlewares/Third_Party/FreeRTOS/Source/list.o
                0x0800b264                uxListRemove
 .text.xQueueGenericReset
                0x0800b2b8       0xd4 ./Middlewares/Third_Party/FreeRTOS/Source/queue.o
                0x0800b2b8                xQueueGenericReset
 .text.xQueueGenericCreateStatic
                0x0800b38c       0xfa ./Middlewares/Third_Party/FreeRTOS/Source/queue.o
                0x0800b38c                xQueueGenericCreateStatic
 .text.xQueueGenericCreate
                0x0800b486       0x76 ./Middlewares/Third_Party/FreeRTOS/Source/queue.o
                0x0800b486                xQueueGenericCreate
 .text.prvInitialiseNewQueue
                0x0800b4fc       0x46 ./Middlewares/Third_Party/FreeRTOS/Source/queue.o
 *fill*         0x0800b542        0x2 
 .text.xQueueGenericSend
                0x0800b544      0x204 ./Middlewares/Third_Party/FreeRTOS/Source/queue.o
                0x0800b544                xQueueGenericSend
 .text.xQueueGenericSendFromISR
                0x0800b748      0x13c ./Middlewares/Third_Party/FreeRTOS/Source/queue.o
                0x0800b748                xQueueGenericSendFromISR
 .text.xQueueReceive
                0x0800b884      0x1c4 ./Middlewares/Third_Party/FreeRTOS/Source/queue.o
                0x0800b884                xQueueReceive
 .text.prvCopyDataToQueue
                0x0800ba48       0xd4 ./Middlewares/Third_Party/FreeRTOS/Source/queue.o
 .text.prvCopyDataFromQueue
                0x0800bb1c       0x4c ./Middlewares/Third_Party/FreeRTOS/Source/queue.o
 .text.prvUnlockQueue
                0x0800bb68       0xa4 ./Middlewares/Third_Party/FreeRTOS/Source/queue.o
 .text.prvIsQueueEmpty
                0x0800bc0c       0x2c ./Middlewares/Third_Party/FreeRTOS/Source/queue.o
 .text.prvIsQueueFull
                0x0800bc38       0x30 ./Middlewares/Third_Party/FreeRTOS/Source/queue.o
 .text.vQueueAddToRegistry
                0x0800bc68       0x54 ./Middlewares/Third_Party/FreeRTOS/Source/queue.o
                0x0800bc68                vQueueAddToRegistry
 .text.vQueueWaitForMessageRestricted
                0x0800bcbc       0x68 ./Middlewares/Third_Party/FreeRTOS/Source/queue.o
                0x0800bcbc                vQueueWaitForMessageRestricted
 .text.xTaskCreateStatic
                0x0800bd24       0xc0 ./Middlewares/Third_Party/FreeRTOS/Source/tasks.o
                0x0800bd24                xTaskCreateStatic
 .text.xTaskCreate
                0x0800bde4       0x8a ./Middlewares/Third_Party/FreeRTOS/Source/tasks.o
                0x0800bde4                xTaskCreate
 *fill*         0x0800be6e        0x2 
 .text.prvInitialiseNewTask
                0x0800be70      0x150 ./Middlewares/Third_Party/FreeRTOS/Source/tasks.o
 .text.prvAddNewTaskToReadyList
                0x0800bfc0       0xe0 ./Middlewares/Third_Party/FreeRTOS/Source/tasks.o
 .text.vTaskDelay
                0x0800c0a0       0x6c ./Middlewares/Third_Party/FreeRTOS/Source/tasks.o
                0x0800c0a0                vTaskDelay
 .text.vTaskStartScheduler
                0x0800c10c       0xe0 ./Middlewares/Third_Party/FreeRTOS/Source/tasks.o
                0x0800c10c                vTaskStartScheduler
 .text.vTaskSuspendAll
                0x0800c1ec       0x1c ./Middlewares/Third_Party/FreeRTOS/Source/tasks.o
                0x0800c1ec                vTaskSuspendAll
 .text.xTaskResumeAll
                0x0800c208      0x13c ./Middlewares/Third_Party/FreeRTOS/Source/tasks.o
                0x0800c208                xTaskResumeAll
 .text.xTaskGetTickCount
                0x0800c344       0x20 ./Middlewares/Third_Party/FreeRTOS/Source/tasks.o
                0x0800c344                xTaskGetTickCount
 .text.xTaskIncrementTick
                0x0800c364      0x174 ./Middlewares/Third_Party/FreeRTOS/Source/tasks.o
                0x0800c364                xTaskIncrementTick
 .text.vTaskSwitchContext
                0x0800c4d8       0xcc ./Middlewares/Third_Party/FreeRTOS/Source/tasks.o
                0x0800c4d8                vTaskSwitchContext
 .text.vTaskPlaceOnEventList
                0x0800c5a4       0x4c ./Middlewares/Third_Party/FreeRTOS/Source/tasks.o
                0x0800c5a4                vTaskPlaceOnEventList
 .text.vTaskPlaceOnEventListRestricted
                0x0800c5f0       0x58 ./Middlewares/Third_Party/FreeRTOS/Source/tasks.o
                0x0800c5f0                vTaskPlaceOnEventListRestricted
 .text.xTaskRemoveFromEventList
                0x0800c648       0xc8 ./Middlewares/Third_Party/FreeRTOS/Source/tasks.o
                0x0800c648                xTaskRemoveFromEventList
 .text.vTaskInternalSetTimeOutState
                0x0800c710       0x2c ./Middlewares/Third_Party/FreeRTOS/Source/tasks.o
                0x0800c710                vTaskInternalSetTimeOutState
 .text.xTaskCheckForTimeOut
                0x0800c73c       0xc8 ./Middlewares/Third_Party/FreeRTOS/Source/tasks.o
                0x0800c73c                xTaskCheckForTimeOut
 .text.vTaskMissedYield
                0x0800c804       0x18 ./Middlewares/Third_Party/FreeRTOS/Source/tasks.o
                0x0800c804                vTaskMissedYield
 .text.prvIdleTask
                0x0800c81c       0x30 ./Middlewares/Third_Party/FreeRTOS/Source/tasks.o
 .text.prvInitialiseTaskLists
                0x0800c84c       0x80 ./Middlewares/Third_Party/FreeRTOS/Source/tasks.o
 .text.prvCheckTasksWaitingTermination
                0x0800c8cc       0x5c ./Middlewares/Third_Party/FreeRTOS/Source/tasks.o
 .text.prvDeleteTCB
                0x0800c928       0x6a ./Middlewares/Third_Party/FreeRTOS/Source/tasks.o
 *fill*         0x0800c992        0x2 
 .text.prvResetNextTaskUnblockTime
                0x0800c994       0x40 ./Middlewares/Third_Party/FreeRTOS/Source/tasks.o
 .text.xTaskGetSchedulerState
                0x0800c9d4       0x3c ./Middlewares/Third_Party/FreeRTOS/Source/tasks.o
                0x0800c9d4                xTaskGetSchedulerState
 .text.xTaskPriorityDisinherit
                0x0800ca10       0xe0 ./Middlewares/Third_Party/FreeRTOS/Source/tasks.o
                0x0800ca10                xTaskPriorityDisinherit
 .text.prvAddCurrentTaskToDelayedList
                0x0800caf0       0xa8 ./Middlewares/Third_Party/FreeRTOS/Source/tasks.o
 .text.xTimerCreateTimerTask
                0x0800cb98       0x94 ./Middlewares/Third_Party/FreeRTOS/Source/timers.o
                0x0800cb98                xTimerCreateTimerTask
 .text.xTimerGenericCommand
                0x0800cc2c       0x9c ./Middlewares/Third_Party/FreeRTOS/Source/timers.o
                0x0800cc2c                xTimerGenericCommand
 .text.prvProcessExpiredTimer
                0x0800ccc8       0x9c ./Middlewares/Third_Party/FreeRTOS/Source/timers.o
 .text.prvTimerTask
                0x0800cd64       0x26 ./Middlewares/Third_Party/FreeRTOS/Source/timers.o
 *fill*         0x0800cd8a        0x2 
 .text.prvProcessTimerOrBlockTask
                0x0800cd8c       0x9c ./Middlewares/Third_Party/FreeRTOS/Source/timers.o
 .text.prvGetNextExpireTime
                0x0800ce28       0x48 ./Middlewares/Third_Party/FreeRTOS/Source/timers.o
 .text.prvSampleTimeNow
                0x0800ce70       0x40 ./Middlewares/Third_Party/FreeRTOS/Source/timers.o
 .text.prvInsertTimerInActiveList
                0x0800ceb0       0x84 ./Middlewares/Third_Party/FreeRTOS/Source/timers.o
 .text.prvProcessReceivedCommands
                0x0800cf34      0x1cc ./Middlewares/Third_Party/FreeRTOS/Source/timers.o
 .text.prvSwitchTimerLists
                0x0800d100       0xcc ./Middlewares/Third_Party/FreeRTOS/Source/timers.o
 .text.prvCheckForValidListAndQueue
                0x0800d1cc       0x80 ./Middlewares/Third_Party/FreeRTOS/Source/timers.o
 .text.pxPortInitialiseStack
                0x0800d24c       0x68 ./Middlewares/Third_Party/FreeRTOS/Source/portable/GCC/ARM_CM4F/port.o
                0x0800d24c                pxPortInitialiseStack
 .text.prvTaskExitError
                0x0800d2b4       0x5c ./Middlewares/Third_Party/FreeRTOS/Source/portable/GCC/ARM_CM4F/port.o
 .text.SVC_Handler
                0x0800d310       0x28 ./Middlewares/Third_Party/FreeRTOS/Source/portable/GCC/ARM_CM4F/port.o
                0x0800d310                SVC_Handler
 .text.prvPortStartFirstTask
                0x0800d338       0x28 ./Middlewares/Third_Party/FreeRTOS/Source/portable/GCC/ARM_CM4F/port.o
 .text.xPortStartScheduler
                0x0800d360      0x148 ./Middlewares/Third_Party/FreeRTOS/Source/portable/GCC/ARM_CM4F/port.o
                0x0800d360                xPortStartScheduler
 .text.vPortEnterCritical
                0x0800d4a8       0x64 ./Middlewares/Third_Party/FreeRTOS/Source/portable/GCC/ARM_CM4F/port.o
                0x0800d4a8                vPortEnterCritical
 .text.vPortExitCritical
                0x0800d50c       0x54 ./Middlewares/Third_Party/FreeRTOS/Source/portable/GCC/ARM_CM4F/port.o
                0x0800d50c                vPortExitCritical
 .text.PendSV_Handler
                0x0800d560       0x68 ./Middlewares/Third_Party/FreeRTOS/Source/portable/GCC/ARM_CM4F/port.o
                0x0800d560                PendSV_Handler
 .text.xPortSysTickHandler
                0x0800d5c8       0x44 ./Middlewares/Third_Party/FreeRTOS/Source/portable/GCC/ARM_CM4F/port.o
                0x0800d5c8                xPortSysTickHandler
 .text.vPortSetupTimerInterrupt
                0x0800d60c       0x48 ./Middlewares/Third_Party/FreeRTOS/Source/portable/GCC/ARM_CM4F/port.o
                0x0800d60c                vPortSetupTimerInterrupt
 .text.vPortEnableVFP
                0x0800d654       0x14 ./Middlewares/Third_Party/FreeRTOS/Source/portable/GCC/ARM_CM4F/port.o
 .text.vPortValidateInterruptPriority
                0x0800d668       0x84 ./Middlewares/Third_Party/FreeRTOS/Source/portable/GCC/ARM_CM4F/port.o
                0x0800d668                vPortValidateInterruptPriority
 .text.pvPortMalloc
                0x0800d6ec      0x19c ./Middlewares/Third_Party/FreeRTOS/Source/portable/MemMang/heap_4.o
                0x0800d6ec                pvPortMalloc
 .text.vPortFree
                0x0800d888       0xc8 ./Middlewares/Third_Party/FreeRTOS/Source/portable/MemMang/heap_4.o
                0x0800d888                vPortFree
 .text.prvHeapInit
                0x0800d950       0xc4 ./Middlewares/Third_Party/FreeRTOS/Source/portable/MemMang/heap_4.o
 .text.prvInsertBlockIntoFreeList
                0x0800da14       0xb4 ./Middlewares/Third_Party/FreeRTOS/Source/portable/MemMang/heap_4.o
 .text.malloc   0x0800dac8       0x10 C:/ST/STM32CubeIDE_1.16.1/STM32CubeIDE/plugins/com.st.stm32cube.ide.mcu.externaltools.gnu-tools-for-stm32.12.3.rel1.win32_1.0.200.202406191623/tools/bin/../lib/gcc/arm-none-eabi/12.3.1/../../../../arm-none-eabi/lib/thumb/v7e-m+fp/hard\libc_nano.a(libc_a-malloc.o)
                0x0800dac8                malloc
 .text.free     0x0800dad8       0x10 C:/ST/STM32CubeIDE_1.16.1/STM32CubeIDE/plugins/com.st.stm32cube.ide.mcu.externaltools.gnu-tools-for-stm32.12.3.rel1.win32_1.0.200.202406191623/tools/bin/../lib/gcc/arm-none-eabi/12.3.1/../../../../arm-none-eabi/lib/thumb/v7e-m+fp/hard\libc_nano.a(libc_a-malloc.o)
                0x0800dad8                free
 .text.sbrk_aligned
                0x0800dae8       0x44 C:/ST/STM32CubeIDE_1.16.1/STM32CubeIDE/plugins/com.st.stm32cube.ide.mcu.externaltools.gnu-tools-for-stm32.12.3.rel1.win32_1.0.200.202406191623/tools/bin/../lib/gcc/arm-none-eabi/12.3.1/../../../../arm-none-eabi/lib/thumb/v7e-m+fp/hard\libc_nano.a(libc_a-mallocr.o)
 .text._malloc_r
                0x0800db2c      0x100 C:/ST/STM32CubeIDE_1.16.1/STM32CubeIDE/plugins/com.st.stm32cube.ide.mcu.externaltools.gnu-tools-for-stm32.12.3.rel1.win32_1.0.200.202406191623/tools/bin/../lib/gcc/arm-none-eabi/12.3.1/../../../../arm-none-eabi/lib/thumb/v7e-m+fp/hard\libc_nano.a(libc_a-mallocr.o)
                0x0800db2c                _malloc_r
 .text.__malloc_lock
                0x0800dc2c        0xc C:/ST/STM32CubeIDE_1.16.1/STM32CubeIDE/plugins/com.st.stm32cube.ide.mcu.externaltools.gnu-tools-for-stm32.12.3.rel1.win32_1.0.200.202406191623/tools/bin/../lib/gcc/arm-none-eabi/12.3.1/../../../../arm-none-eabi/lib/thumb/v7e-m+fp/hard\libc_nano.a(libc_a-mlock.o)
                0x0800dc2c                __malloc_lock
 .text.__malloc_unlock
                0x0800dc38        0xc C:/ST/STM32CubeIDE_1.16.1/STM32CubeIDE/plugins/com.st.stm32cube.ide.mcu.externaltools.gnu-tools-for-stm32.12.3.rel1.win32_1.0.200.202406191623/tools/bin/../lib/gcc/arm-none-eabi/12.3.1/../../../../arm-none-eabi/lib/thumb/v7e-m+fp/hard\libc_nano.a(libc_a-mlock.o)
                0x0800dc38                __malloc_unlock
 .text.realloc  0x0800dc44       0x10 C:/ST/STM32CubeIDE_1.16.1/STM32CubeIDE/plugins/com.st.stm32cube.ide.mcu.externaltools.gnu-tools-for-stm32.12.3.rel1.win32_1.0.200.202406191623/tools/bin/../lib/gcc/arm-none-eabi/12.3.1/../../../../arm-none-eabi/lib/thumb/v7e-m+fp/hard\libc_nano.a(libc_a-realloc.o)
                0x0800dc44                realloc
 .text._realloc_r
                0x0800dc54       0x5c C:/ST/STM32CubeIDE_1.16.1/STM32CubeIDE/plugins/com.st.stm32cube.ide.mcu.externaltools.gnu-tools-for-stm32.12.3.rel1.win32_1.0.200.202406191623/tools/bin/../lib/gcc/arm-none-eabi/12.3.1/../../../../arm-none-eabi/lib/thumb/v7e-m+fp/hard\libc_nano.a(libc_a-reallocr.o)
                0x0800dc54                _realloc_r
 .text.sulp     0x0800dcb0       0x3c C:/ST/STM32CubeIDE_1.16.1/STM32CubeIDE/plugins/com.st.stm32cube.ide.mcu.externaltools.gnu-tools-for-stm32.12.3.rel1.win32_1.0.200.202406191623/tools/bin/../lib/gcc/arm-none-eabi/12.3.1/../../../../arm-none-eabi/lib/thumb/v7e-m+fp/hard\libc_nano.a(libc_a-strtod.o)
 *fill*         0x0800dcec        0x4 
 .text._strtod_l
                0x0800dcf0      0xbc8 C:/ST/STM32CubeIDE_1.16.1/STM32CubeIDE/plugins/com.st.stm32cube.ide.mcu.externaltools.gnu-tools-for-stm32.12.3.rel1.win32_1.0.200.202406191623/tools/bin/../lib/gcc/arm-none-eabi/12.3.1/../../../../arm-none-eabi/lib/thumb/v7e-m+fp/hard\libc_nano.a(libc_a-strtod.o)
                0x0800dcf0                _strtod_l
 .text.strtod   0x0800e8b8       0x18 C:/ST/STM32CubeIDE_1.16.1/STM32CubeIDE/plugins/com.st.stm32cube.ide.mcu.externaltools.gnu-tools-for-stm32.12.3.rel1.win32_1.0.200.202406191623/tools/bin/../lib/gcc/arm-none-eabi/12.3.1/../../../../arm-none-eabi/lib/thumb/v7e-m+fp/hard\libc_nano.a(libc_a-strtod.o)
                0x0800e8b8                strtod
 .text.std      0x0800e8d0       0x6c C:/ST/STM32CubeIDE_1.16.1/STM32CubeIDE/plugins/com.st.stm32cube.ide.mcu.externaltools.gnu-tools-for-stm32.12.3.rel1.win32_1.0.200.202406191623/tools/bin/../lib/gcc/arm-none-eabi/12.3.1/../../../../arm-none-eabi/lib/thumb/v7e-m+fp/hard\libc_nano.a(libc_a-findfp.o)
 .text.stdio_exit_handler
                0x0800e93c       0x18 C:/ST/STM32CubeIDE_1.16.1/STM32CubeIDE/plugins/com.st.stm32cube.ide.mcu.externaltools.gnu-tools-for-stm32.12.3.rel1.win32_1.0.200.202406191623/tools/bin/../lib/gcc/arm-none-eabi/12.3.1/../../../../arm-none-eabi/lib/thumb/v7e-m+fp/hard\libc_nano.a(libc_a-findfp.o)
 .text.cleanup_stdio
                0x0800e954       0x40 C:/ST/STM32CubeIDE_1.16.1/STM32CubeIDE/plugins/com.st.stm32cube.ide.mcu.externaltools.gnu-tools-for-stm32.12.3.rel1.win32_1.0.200.202406191623/tools/bin/../lib/gcc/arm-none-eabi/12.3.1/../../../../arm-none-eabi/lib/thumb/v7e-m+fp/hard\libc_nano.a(libc_a-findfp.o)
 .text.global_stdio_init.part.0
                0x0800e994       0x3c C:/ST/STM32CubeIDE_1.16.1/STM32CubeIDE/plugins/com.st.stm32cube.ide.mcu.externaltools.gnu-tools-for-stm32.12.3.rel1.win32_1.0.200.202406191623/tools/bin/../lib/gcc/arm-none-eabi/12.3.1/../../../../arm-none-eabi/lib/thumb/v7e-m+fp/hard\libc_nano.a(libc_a-findfp.o)
 .text.__sfp_lock_acquire
                0x0800e9d0        0xc C:/ST/STM32CubeIDE_1.16.1/STM32CubeIDE/plugins/com.st.stm32cube.ide.mcu.externaltools.gnu-tools-for-stm32.12.3.rel1.win32_1.0.200.202406191623/tools/bin/../lib/gcc/arm-none-eabi/12.3.1/../../../../arm-none-eabi/lib/thumb/v7e-m+fp/hard\libc_nano.a(libc_a-findfp.o)
                0x0800e9d0                __sfp_lock_acquire
 .text.__sfp_lock_release
                0x0800e9dc        0xc C:/ST/STM32CubeIDE_1.16.1/STM32CubeIDE/plugins/com.st.stm32cube.ide.mcu.externaltools.gnu-tools-for-stm32.12.3.rel1.win32_1.0.200.202406191623/tools/bin/../lib/gcc/arm-none-eabi/12.3.1/../../../../arm-none-eabi/lib/thumb/v7e-m+fp/hard\libc_nano.a(libc_a-findfp.o)
                0x0800e9dc                __sfp_lock_release
 .text.__sinit  0x0800e9e8       0x30 C:/ST/STM32CubeIDE_1.16.1/STM32CubeIDE/plugins/com.st.stm32cube.ide.mcu.externaltools.gnu-tools-for-stm32.12.3.rel1.win32_1.0.200.202406191623/tools/bin/../lib/gcc/arm-none-eabi/12.3.1/../../../../arm-none-eabi/lib/thumb/v7e-m+fp/hard\libc_nano.a(libc_a-findfp.o)
                0x0800e9e8                __sinit
 .text._fwalk_sglue
                0x0800ea18       0x3c C:/ST/STM32CubeIDE_1.16.1/STM32CubeIDE/plugins/com.st.stm32cube.ide.mcu.externaltools.gnu-tools-for-stm32.12.3.rel1.win32_1.0.200.202406191623/tools/bin/../lib/gcc/arm-none-eabi/12.3.1/../../../../arm-none-eabi/lib/thumb/v7e-m+fp/hard\libc_nano.a(libc_a-fwalk.o)
                0x0800ea18                _fwalk_sglue
 .text.printf   0x0800ea54       0x24 C:/ST/STM32CubeIDE_1.16.1/STM32CubeIDE/plugins/com.st.stm32cube.ide.mcu.externaltools.gnu-tools-for-stm32.12.3.rel1.win32_1.0.200.202406191623/tools/bin/../lib/gcc/arm-none-eabi/12.3.1/../../../../arm-none-eabi/lib/thumb/v7e-m+fp/hard\libc_nano.a(libc_a-printf.o)
                0x0800ea54                iprintf
                0x0800ea54                printf
 .text._puts_r  0x0800ea78       0xaa C:/ST/STM32CubeIDE_1.16.1/STM32CubeIDE/plugins/com.st.stm32cube.ide.mcu.externaltools.gnu-tools-for-stm32.12.3.rel1.win32_1.0.200.202406191623/tools/bin/../lib/gcc/arm-none-eabi/12.3.1/../../../../arm-none-eabi/lib/thumb/v7e-m+fp/hard\libc_nano.a(libc_a-puts.o)
                0x0800ea78                _puts_r
 *fill*         0x0800eb22        0x2 
 .text.puts     0x0800eb24       0x10 C:/ST/STM32CubeIDE_1.16.1/STM32CubeIDE/plugins/com.st.stm32cube.ide.mcu.externaltools.gnu-tools-for-stm32.12.3.rel1.win32_1.0.200.202406191623/tools/bin/../lib/gcc/arm-none-eabi/12.3.1/../../../../arm-none-eabi/lib/thumb/v7e-m+fp/hard\libc_nano.a(libc_a-puts.o)
                0x0800eb24                puts
 .text.__sread  0x0800eb34       0x22 C:/ST/STM32CubeIDE_1.16.1/STM32CubeIDE/plugins/com.st.stm32cube.ide.mcu.externaltools.gnu-tools-for-stm32.12.3.rel1.win32_1.0.200.202406191623/tools/bin/../lib/gcc/arm-none-eabi/12.3.1/../../../../arm-none-eabi/lib/thumb/v7e-m+fp/hard\libc_nano.a(libc_a-stdio.o)
                0x0800eb34                __sread
 .text.__swrite
                0x0800eb56       0x38 C:/ST/STM32CubeIDE_1.16.1/STM32CubeIDE/plugins/com.st.stm32cube.ide.mcu.externaltools.gnu-tools-for-stm32.12.3.rel1.win32_1.0.200.202406191623/tools/bin/../lib/gcc/arm-none-eabi/12.3.1/../../../../arm-none-eabi/lib/thumb/v7e-m+fp/hard\libc_nano.a(libc_a-stdio.o)
                0x0800eb56                __swrite
 .text.__sseek  0x0800eb8e       0x24 C:/ST/STM32CubeIDE_1.16.1/STM32CubeIDE/plugins/com.st.stm32cube.ide.mcu.externaltools.gnu-tools-for-stm32.12.3.rel1.win32_1.0.200.202406191623/tools/bin/../lib/gcc/arm-none-eabi/12.3.1/../../../../arm-none-eabi/lib/thumb/v7e-m+fp/hard\libc_nano.a(libc_a-stdio.o)
                0x0800eb8e                __sseek
 .text.__sclose
                0x0800ebb2        0x8 C:/ST/STM32CubeIDE_1.16.1/STM32CubeIDE/plugins/com.st.stm32cube.ide.mcu.externaltools.gnu-tools-for-stm32.12.3.rel1.win32_1.0.200.202406191623/tools/bin/../lib/gcc/arm-none-eabi/12.3.1/../../../../arm-none-eabi/lib/thumb/v7e-m+fp/hard\libc_nano.a(libc_a-stdio.o)
                0x0800ebb2                __sclose
 .text.__swbuf_r
                0x0800ebba       0x7c C:/ST/STM32CubeIDE_1.16.1/STM32CubeIDE/plugins/com.st.stm32cube.ide.mcu.externaltools.gnu-tools-for-stm32.12.3.rel1.win32_1.0.200.202406191623/tools/bin/../lib/gcc/arm-none-eabi/12.3.1/../../../../arm-none-eabi/lib/thumb/v7e-m+fp/hard\libc_nano.a(libc_a-wbuf.o)
                0x0800ebba                __swbuf_r
 *fill*         0x0800ec36        0x2 
 .text.__swsetup_r
                0x0800ec38       0xac C:/ST/STM32CubeIDE_1.16.1/STM32CubeIDE/plugins/com.st.stm32cube.ide.mcu.externaltools.gnu-tools-for-stm32.12.3.rel1.win32_1.0.200.202406191623/tools/bin/../lib/gcc/arm-none-eabi/12.3.1/../../../../arm-none-eabi/lib/thumb/v7e-m+fp/hard\libc_nano.a(libc_a-wsetup.o)
                0x0800ec38                __swsetup_r
 .text.memset   0x0800ece4       0x10 C:/ST/STM32CubeIDE_1.16.1/STM32CubeIDE/plugins/com.st.stm32cube.ide.mcu.externaltools.gnu-tools-for-stm32.12.3.rel1.win32_1.0.200.202406191623/tools/bin/../lib/gcc/arm-none-eabi/12.3.1/../../../../arm-none-eabi/lib/thumb/v7e-m+fp/hard\libc_nano.a(libc_a-memset.o)
                0x0800ece4                memset
 .text.strchr   0x0800ecf4       0x1a C:/ST/STM32CubeIDE_1.16.1/STM32CubeIDE/plugins/com.st.stm32cube.ide.mcu.externaltools.gnu-tools-for-stm32.12.3.rel1.win32_1.0.200.202406191623/tools/bin/../lib/gcc/arm-none-eabi/12.3.1/../../../../arm-none-eabi/lib/thumb/v7e-m+fp/hard\libc_nano.a(libc_a-strchr.o)
                0x0800ecf4                strchr
 .text.strncmp  0x0800ed0e       0x24 C:/ST/STM32CubeIDE_1.16.1/STM32CubeIDE/plugins/com.st.stm32cube.ide.mcu.externaltools.gnu-tools-for-stm32.12.3.rel1.win32_1.0.200.202406191623/tools/bin/../lib/gcc/arm-none-eabi/12.3.1/../../../../arm-none-eabi/lib/thumb/v7e-m+fp/hard\libc_nano.a(libc_a-strncmp.o)
                0x0800ed0e                strncmp
 .text.strncpy  0x0800ed32       0x26 C:/ST/STM32CubeIDE_1.16.1/STM32CubeIDE/plugins/com.st.stm32cube.ide.mcu.externaltools.gnu-tools-for-stm32.12.3.rel1.win32_1.0.200.202406191623/tools/bin/../lib/gcc/arm-none-eabi/12.3.1/../../../../arm-none-eabi/lib/thumb/v7e-m+fp/hard\libc_nano.a(libc_a-strncpy.o)
                0x0800ed32                strncpy
 .text._close_r
                0x0800ed58       0x20 C:/ST/STM32CubeIDE_1.16.1/STM32CubeIDE/plugins/com.st.stm32cube.ide.mcu.externaltools.gnu-tools-for-stm32.12.3.rel1.win32_1.0.200.202406191623/tools/bin/../lib/gcc/arm-none-eabi/12.3.1/../../../../arm-none-eabi/lib/thumb/v7e-m+fp/hard\libc_nano.a(libc_a-closer.o)
                0x0800ed58                _close_r
 .text._reclaim_reent
                0x0800ed78       0xac C:/ST/STM32CubeIDE_1.16.1/STM32CubeIDE/plugins/com.st.stm32cube.ide.mcu.externaltools.gnu-tools-for-stm32.12.3.rel1.win32_1.0.200.202406191623/tools/bin/../lib/gcc/arm-none-eabi/12.3.1/../../../../arm-none-eabi/lib/thumb/v7e-m+fp/hard\libc_nano.a(libc_a-reent.o)
                0x0800ed78                _reclaim_reent
 .text._lseek_r
                0x0800ee24       0x24 C:/ST/STM32CubeIDE_1.16.1/STM32CubeIDE/plugins/com.st.stm32cube.ide.mcu.externaltools.gnu-tools-for-stm32.12.3.rel1.win32_1.0.200.202406191623/tools/bin/../lib/gcc/arm-none-eabi/12.3.1/../../../../arm-none-eabi/lib/thumb/v7e-m+fp/hard\libc_nano.a(libc_a-lseekr.o)
                0x0800ee24                _lseek_r
 .text._read_r  0x0800ee48       0x24 C:/ST/STM32CubeIDE_1.16.1/STM32CubeIDE/plugins/com.st.stm32cube.ide.mcu.externaltools.gnu-tools-for-stm32.12.3.rel1.win32_1.0.200.202406191623/tools/bin/../lib/gcc/arm-none-eabi/12.3.1/../../../../arm-none-eabi/lib/thumb/v7e-m+fp/hard\libc_nano.a(libc_a-readr.o)
                0x0800ee48                _read_r
 .text._sbrk_r  0x0800ee6c       0x20 C:/ST/STM32CubeIDE_1.16.1/STM32CubeIDE/plugins/com.st.stm32cube.ide.mcu.externaltools.gnu-tools-for-stm32.12.3.rel1.win32_1.0.200.202406191623/tools/bin/../lib/gcc/arm-none-eabi/12.3.1/../../../../arm-none-eabi/lib/thumb/v7e-m+fp/hard\libc_nano.a(libc_a-sbrkr.o)
                0x0800ee6c                _sbrk_r
 .text._write_r
                0x0800ee8c       0x24 C:/ST/STM32CubeIDE_1.16.1/STM32CubeIDE/plugins/com.st.stm32cube.ide.mcu.externaltools.gnu-tools-for-stm32.12.3.rel1.win32_1.0.200.202406191623/tools/bin/../lib/gcc/arm-none-eabi/12.3.1/../../../../arm-none-eabi/lib/thumb/v7e-m+fp/hard\libc_nano.a(libc_a-writer.o)
                0x0800ee8c                _write_r
 .text.__errno  0x0800eeb0        0xc C:/ST/STM32CubeIDE_1.16.1/STM32CubeIDE/plugins/com.st.stm32cube.ide.mcu.externaltools.gnu-tools-for-stm32.12.3.rel1.win32_1.0.200.202406191623/tools/bin/../lib/gcc/arm-none-eabi/12.3.1/../../../../arm-none-eabi/lib/thumb/v7e-m+fp/hard\libc_nano.a(libc_a-errno.o)
                0x0800eeb0                __errno
 .text.__libc_init_array
                0x0800eebc       0x48 C:/ST/STM32CubeIDE_1.16.1/STM32CubeIDE/plugins/com.st.stm32cube.ide.mcu.externaltools.gnu-tools-for-stm32.12.3.rel1.win32_1.0.200.202406191623/tools/bin/../lib/gcc/arm-none-eabi/12.3.1/../../../../arm-none-eabi/lib/thumb/v7e-m+fp/hard\libc_nano.a(libc_a-init.o)
                0x0800eebc                __libc_init_array
 .text.__retarget_lock_init_recursive
                0x0800ef04        0x2 C:/ST/STM32CubeIDE_1.16.1/STM32CubeIDE/plugins/com.st.stm32cube.ide.mcu.externaltools.gnu-tools-for-stm32.12.3.rel1.win32_1.0.200.202406191623/tools/bin/../lib/gcc/arm-none-eabi/12.3.1/../../../../arm-none-eabi/lib/thumb/v7e-m+fp/hard\libc_nano.a(libc_a-lock.o)
                0x0800ef04                __retarget_lock_init_recursive
 .text.__retarget_lock_acquire_recursive
                0x0800ef06        0x2 C:/ST/STM32CubeIDE_1.16.1/STM32CubeIDE/plugins/com.st.stm32cube.ide.mcu.externaltools.gnu-tools-for-stm32.12.3.rel1.win32_1.0.200.202406191623/tools/bin/../lib/gcc/arm-none-eabi/12.3.1/../../../../arm-none-eabi/lib/thumb/v7e-m+fp/hard\libc_nano.a(libc_a-lock.o)
                0x0800ef06                __retarget_lock_acquire_recursive
 .text.__retarget_lock_release_recursive
                0x0800ef08        0x2 C:/ST/STM32CubeIDE_1.16.1/STM32CubeIDE/plugins/com.st.stm32cube.ide.mcu.externaltools.gnu-tools-for-stm32.12.3.rel1.win32_1.0.200.202406191623/tools/bin/../lib/gcc/arm-none-eabi/12.3.1/../../../../arm-none-eabi/lib/thumb/v7e-m+fp/hard\libc_nano.a(libc_a-lock.o)
                0x0800ef08                __retarget_lock_release_recursive
 .text.strcpy   0x0800ef0a       0x10 C:/ST/STM32CubeIDE_1.16.1/STM32CubeIDE/plugins/com.st.stm32cube.ide.mcu.externaltools.gnu-tools-for-stm32.12.3.rel1.win32_1.0.200.202406191623/tools/bin/../lib/gcc/arm-none-eabi/12.3.1/../../../../arm-none-eabi/lib/thumb/v7e-m+fp/hard\libc_nano.a(libc_a-strcpy.o)
                0x0800ef0a                strcpy
 .text.memcpy   0x0800ef1a       0x1c C:/ST/STM32CubeIDE_1.16.1/STM32CubeIDE/plugins/com.st.stm32cube.ide.mcu.externaltools.gnu-tools-for-stm32.12.3.rel1.win32_1.0.200.202406191623/tools/bin/../lib/gcc/arm-none-eabi/12.3.1/../../../../arm-none-eabi/lib/thumb/v7e-m+fp/hard\libc_nano.a(libc_a-memcpy-stub.o)
                0x0800ef1a                memcpy
 *fill*         0x0800ef36        0x2 
 .text.nan      0x0800ef38       0x10 C:/ST/STM32CubeIDE_1.16.1/STM32CubeIDE/plugins/com.st.stm32cube.ide.mcu.externaltools.gnu-tools-for-stm32.12.3.rel1.win32_1.0.200.202406191623/tools/bin/../lib/gcc/arm-none-eabi/12.3.1/../../../../arm-none-eabi/lib/thumb/v7e-m+fp/hard\libc_nano.a(libm_a-s_nan.o)
                0x0800ef38                nan
 .text._free_r  0x0800ef48       0x94 C:/ST/STM32CubeIDE_1.16.1/STM32CubeIDE/plugins/com.st.stm32cube.ide.mcu.externaltools.gnu-tools-for-stm32.12.3.rel1.win32_1.0.200.202406191623/tools/bin/../lib/gcc/arm-none-eabi/12.3.1/../../../../arm-none-eabi/lib/thumb/v7e-m+fp/hard\libc_nano.a(libc_a-freer.o)
                0x0800ef48                _free_r
 .text.rshift   0x0800efdc       0xa4 C:/ST/STM32CubeIDE_1.16.1/STM32CubeIDE/plugins/com.st.stm32cube.ide.mcu.externaltools.gnu-tools-for-stm32.12.3.rel1.win32_1.0.200.202406191623/tools/bin/../lib/gcc/arm-none-eabi/12.3.1/../../../../arm-none-eabi/lib/thumb/v7e-m+fp/hard\libc_nano.a(libc_a-gdtoa-gethex.o)
 .text.__hexdig_fun
                0x0800f080       0x2a C:/ST/STM32CubeIDE_1.16.1/STM32CubeIDE/plugins/com.st.stm32cube.ide.mcu.externaltools.gnu-tools-for-stm32.12.3.rel1.win32_1.0.200.202406191623/tools/bin/../lib/gcc/arm-none-eabi/12.3.1/../../../../arm-none-eabi/lib/thumb/v7e-m+fp/hard\libc_nano.a(libc_a-gdtoa-gethex.o)
                0x0800f080                __hexdig_fun
 *fill*         0x0800f0aa        0x2 
 .text.__gethex
                0x0800f0ac      0x420 C:/ST/STM32CubeIDE_1.16.1/STM32CubeIDE/plugins/com.st.stm32cube.ide.mcu.externaltools.gnu-tools-for-stm32.12.3.rel1.win32_1.0.200.202406191623/tools/bin/../lib/gcc/arm-none-eabi/12.3.1/../../../../arm-none-eabi/lib/thumb/v7e-m+fp/hard\libc_nano.a(libc_a-gdtoa-gethex.o)
                0x0800f0ac                __gethex
 .text.L_shift  0x0800f4cc       0x24 C:/ST/STM32CubeIDE_1.16.1/STM32CubeIDE/plugins/com.st.stm32cube.ide.mcu.externaltools.gnu-tools-for-stm32.12.3.rel1.win32_1.0.200.202406191623/tools/bin/../lib/gcc/arm-none-eabi/12.3.1/../../../../arm-none-eabi/lib/thumb/v7e-m+fp/hard\libc_nano.a(libc_a-gdtoa-hexnan.o)
 .text.__match  0x0800f4f0       0x28 C:/ST/STM32CubeIDE_1.16.1/STM32CubeIDE/plugins/com.st.stm32cube.ide.mcu.externaltools.gnu-tools-for-stm32.12.3.rel1.win32_1.0.200.202406191623/tools/bin/../lib/gcc/arm-none-eabi/12.3.1/../../../../arm-none-eabi/lib/thumb/v7e-m+fp/hard\libc_nano.a(libc_a-gdtoa-hexnan.o)
                0x0800f4f0                __match
 .text.__hexnan
                0x0800f518      0x136 C:/ST/STM32CubeIDE_1.16.1/STM32CubeIDE/plugins/com.st.stm32cube.ide.mcu.externaltools.gnu-tools-for-stm32.12.3.rel1.win32_1.0.200.202406191623/tools/bin/../lib/gcc/arm-none-eabi/12.3.1/../../../../arm-none-eabi/lib/thumb/v7e-m+fp/hard\libc_nano.a(libc_a-gdtoa-hexnan.o)
                0x0800f518                __hexnan
 .text.__ascii_mbtowc
                0x0800f64e       0x24 C:/ST/STM32CubeIDE_1.16.1/STM32CubeIDE/plugins/com.st.stm32cube.ide.mcu.externaltools.gnu-tools-for-stm32.12.3.rel1.win32_1.0.200.202406191623/tools/bin/../lib/gcc/arm-none-eabi/12.3.1/../../../../arm-none-eabi/lib/thumb/v7e-m+fp/hard\libc_nano.a(libc_a-mbtowc_r.o)
                0x0800f64e                __ascii_mbtowc
 *fill*         0x0800f672        0x2 
 .text._Balloc  0x0800f674       0x80 C:/ST/STM32CubeIDE_1.16.1/STM32CubeIDE/plugins/com.st.stm32cube.ide.mcu.externaltools.gnu-tools-for-stm32.12.3.rel1.win32_1.0.200.202406191623/tools/bin/../lib/gcc/arm-none-eabi/12.3.1/../../../../arm-none-eabi/lib/thumb/v7e-m+fp/hard\libc_nano.a(libc_a-mprec.o)
                0x0800f674                _Balloc
 .text._Bfree   0x0800f6f4       0x44 C:/ST/STM32CubeIDE_1.16.1/STM32CubeIDE/plugins/com.st.stm32cube.ide.mcu.externaltools.gnu-tools-for-stm32.12.3.rel1.win32_1.0.200.202406191623/tools/bin/../lib/gcc/arm-none-eabi/12.3.1/../../../../arm-none-eabi/lib/thumb/v7e-m+fp/hard\libc_nano.a(libc_a-mprec.o)
                0x0800f6f4                _Bfree
 .text.__multadd
                0x0800f738       0x8c C:/ST/STM32CubeIDE_1.16.1/STM32CubeIDE/plugins/com.st.stm32cube.ide.mcu.externaltools.gnu-tools-for-stm32.12.3.rel1.win32_1.0.200.202406191623/tools/bin/../lib/gcc/arm-none-eabi/12.3.1/../../../../arm-none-eabi/lib/thumb/v7e-m+fp/hard\libc_nano.a(libc_a-mprec.o)
                0x0800f738                __multadd
 .text.__s2b    0x0800f7c4       0x94 C:/ST/STM32CubeIDE_1.16.1/STM32CubeIDE/plugins/com.st.stm32cube.ide.mcu.externaltools.gnu-tools-for-stm32.12.3.rel1.win32_1.0.200.202406191623/tools/bin/../lib/gcc/arm-none-eabi/12.3.1/../../../../arm-none-eabi/lib/thumb/v7e-m+fp/hard\libc_nano.a(libc_a-mprec.o)
                0x0800f7c4                __s2b
 .text.__hi0bits
                0x0800f858       0x3e C:/ST/STM32CubeIDE_1.16.1/STM32CubeIDE/plugins/com.st.stm32cube.ide.mcu.externaltools.gnu-tools-for-stm32.12.3.rel1.win32_1.0.200.202406191623/tools/bin/../lib/gcc/arm-none-eabi/12.3.1/../../../../arm-none-eabi/lib/thumb/v7e-m+fp/hard\libc_nano.a(libc_a-mprec.o)
                0x0800f858                __hi0bits
 .text.__lo0bits
                0x0800f896       0x5a C:/ST/STM32CubeIDE_1.16.1/STM32CubeIDE/plugins/com.st.stm32cube.ide.mcu.externaltools.gnu-tools-for-stm32.12.3.rel1.win32_1.0.200.202406191623/tools/bin/../lib/gcc/arm-none-eabi/12.3.1/../../../../arm-none-eabi/lib/thumb/v7e-m+fp/hard\libc_nano.a(libc_a-mprec.o)
                0x0800f896                __lo0bits
 .text.__i2b    0x0800f8f0       0x2c C:/ST/STM32CubeIDE_1.16.1/STM32CubeIDE/plugins/com.st.stm32cube.ide.mcu.externaltools.gnu-tools-for-stm32.12.3.rel1.win32_1.0.200.202406191623/tools/bin/../lib/gcc/arm-none-eabi/12.3.1/../../../../arm-none-eabi/lib/thumb/v7e-m+fp/hard\libc_nano.a(libc_a-mprec.o)
                0x0800f8f0                __i2b
 .text.__multiply
                0x0800f91c      0x154 C:/ST/STM32CubeIDE_1.16.1/STM32CubeIDE/plugins/com.st.stm32cube.ide.mcu.externaltools.gnu-tools-for-stm32.12.3.rel1.win32_1.0.200.202406191623/tools/bin/../lib/gcc/arm-none-eabi/12.3.1/../../../../arm-none-eabi/lib/thumb/v7e-m+fp/hard\libc_nano.a(libc_a-mprec.o)
                0x0800f91c                __multiply
 .text.__pow5mult
                0x0800fa70       0xb4 C:/ST/STM32CubeIDE_1.16.1/STM32CubeIDE/plugins/com.st.stm32cube.ide.mcu.externaltools.gnu-tools-for-stm32.12.3.rel1.win32_1.0.200.202406191623/tools/bin/../lib/gcc/arm-none-eabi/12.3.1/../../../../arm-none-eabi/lib/thumb/v7e-m+fp/hard\libc_nano.a(libc_a-mprec.o)
                0x0800fa70                __pow5mult
 .text.__lshift
                0x0800fb24       0xd8 C:/ST/STM32CubeIDE_1.16.1/STM32CubeIDE/plugins/com.st.stm32cube.ide.mcu.externaltools.gnu-tools-for-stm32.12.3.rel1.win32_1.0.200.202406191623/tools/bin/../lib/gcc/arm-none-eabi/12.3.1/../../../../arm-none-eabi/lib/thumb/v7e-m+fp/hard\libc_nano.a(libc_a-mprec.o)
                0x0800fb24                __lshift
 .text.__mcmp   0x0800fbfc       0x36 C:/ST/STM32CubeIDE_1.16.1/STM32CubeIDE/plugins/com.st.stm32cube.ide.mcu.externaltools.gnu-tools-for-stm32.12.3.rel1.win32_1.0.200.202406191623/tools/bin/../lib/gcc/arm-none-eabi/12.3.1/../../../../arm-none-eabi/lib/thumb/v7e-m+fp/hard\libc_nano.a(libc_a-mprec.o)
                0x0800fbfc                __mcmp
 *fill*         0x0800fc32        0x2 
 .text.__mdiff  0x0800fc34      0x128 C:/ST/STM32CubeIDE_1.16.1/STM32CubeIDE/plugins/com.st.stm32cube.ide.mcu.externaltools.gnu-tools-for-stm32.12.3.rel1.win32_1.0.200.202406191623/tools/bin/../lib/gcc/arm-none-eabi/12.3.1/../../../../arm-none-eabi/lib/thumb/v7e-m+fp/hard\libc_nano.a(libc_a-mprec.o)
                0x0800fc34                __mdiff
 .text.__ulp    0x0800fd5c       0x4c C:/ST/STM32CubeIDE_1.16.1/STM32CubeIDE/plugins/com.st.stm32cube.ide.mcu.externaltools.gnu-tools-for-stm32.12.3.rel1.win32_1.0.200.202406191623/tools/bin/../lib/gcc/arm-none-eabi/12.3.1/../../../../arm-none-eabi/lib/thumb/v7e-m+fp/hard\libc_nano.a(libc_a-mprec.o)
                0x0800fd5c                __ulp
 .text.__b2d    0x0800fda8       0x94 C:/ST/STM32CubeIDE_1.16.1/STM32CubeIDE/plugins/com.st.stm32cube.ide.mcu.externaltools.gnu-tools-for-stm32.12.3.rel1.win32_1.0.200.202406191623/tools/bin/../lib/gcc/arm-none-eabi/12.3.1/../../../../arm-none-eabi/lib/thumb/v7e-m+fp/hard\libc_nano.a(libc_a-mprec.o)
                0x0800fda8                __b2d
 .text.__d2b    0x0800fe3c       0xb0 C:/ST/STM32CubeIDE_1.16.1/STM32CubeIDE/plugins/com.st.stm32cube.ide.mcu.externaltools.gnu-tools-for-stm32.12.3.rel1.win32_1.0.200.202406191623/tools/bin/../lib/gcc/arm-none-eabi/12.3.1/../../../../arm-none-eabi/lib/thumb/v7e-m+fp/hard\libc_nano.a(libc_a-mprec.o)
                0x0800fe3c                __d2b
 .text.__ratio  0x0800feec       0x64 C:/ST/STM32CubeIDE_1.16.1/STM32CubeIDE/plugins/com.st.stm32cube.ide.mcu.externaltools.gnu-tools-for-stm32.12.3.rel1.win32_1.0.200.202406191623/tools/bin/../lib/gcc/arm-none-eabi/12.3.1/../../../../arm-none-eabi/lib/thumb/v7e-m+fp/hard\libc_nano.a(libc_a-mprec.o)
                0x0800feec                __ratio
 .text.__copybits
                0x0800ff50       0x46 C:/ST/STM32CubeIDE_1.16.1/STM32CubeIDE/plugins/com.st.stm32cube.ide.mcu.externaltools.gnu-tools-for-stm32.12.3.rel1.win32_1.0.200.202406191623/tools/bin/../lib/gcc/arm-none-eabi/12.3.1/../../../../arm-none-eabi/lib/thumb/v7e-m+fp/hard\libc_nano.a(libc_a-mprec.o)
                0x0800ff50                __copybits
 .text.__any_on
                0x0800ff96       0x42 C:/ST/STM32CubeIDE_1.16.1/STM32CubeIDE/plugins/com.st.stm32cube.ide.mcu.externaltools.gnu-tools-for-stm32.12.3.rel1.win32_1.0.200.202406191623/tools/bin/../lib/gcc/arm-none-eabi/12.3.1/../../../../arm-none-eabi/lib/thumb/v7e-m+fp/hard\libc_nano.a(libc_a-mprec.o)
                0x0800ff96                __any_on
 .text._malloc_usable_size_r
                0x0800ffd8       0x10 C:/ST/STM32CubeIDE_1.16.1/STM32CubeIDE/plugins/com.st.stm32cube.ide.mcu.externaltools.gnu-tools-for-stm32.12.3.rel1.win32_1.0.200.202406191623/tools/bin/../lib/gcc/arm-none-eabi/12.3.1/../../../../arm-none-eabi/lib/thumb/v7e-m+fp/hard\libc_nano.a(libc_a-msizer.o)
                0x0800ffd8                _malloc_usable_size_r
 .text.__ascii_wctomb
                0x0800ffe8       0x1a C:/ST/STM32CubeIDE_1.16.1/STM32CubeIDE/plugins/com.st.stm32cube.ide.mcu.externaltools.gnu-tools-for-stm32.12.3.rel1.win32_1.0.200.202406191623/tools/bin/../lib/gcc/arm-none-eabi/12.3.1/../../../../arm-none-eabi/lib/thumb/v7e-m+fp/hard\libc_nano.a(libc_a-wctomb_r.o)
                0x0800ffe8                __ascii_wctomb
 .text.__sfputc_r
                0x08010002       0x2e C:/ST/STM32CubeIDE_1.16.1/STM32CubeIDE/plugins/com.st.stm32cube.ide.mcu.externaltools.gnu-tools-for-stm32.12.3.rel1.win32_1.0.200.202406191623/tools/bin/../lib/gcc/arm-none-eabi/12.3.1/../../../../arm-none-eabi/lib/thumb/v7e-m+fp/hard\libc_nano.a(libc_a-nano-vfprintf.o)
 .text.__sfputs_r
                0x08010030       0x24 C:/ST/STM32CubeIDE_1.16.1/STM32CubeIDE/plugins/com.st.stm32cube.ide.mcu.externaltools.gnu-tools-for-stm32.12.3.rel1.win32_1.0.200.202406191623/tools/bin/../lib/gcc/arm-none-eabi/12.3.1/../../../../arm-none-eabi/lib/thumb/v7e-m+fp/hard\libc_nano.a(libc_a-nano-vfprintf.o)
                0x08010030                __sfputs_r
 .text._vfprintf_r