Archive member included to satisfy reference by file (symbol)

C:/ST/STM32CubeIDE_1.16.1/STM32CubeIDE/plugins/com.st.stm32cube.ide.mcu.externaltools.gnu-tools-for-stm32.12.3.rel1.win32_1.0.200.202406191623/tools/bin/../lib/gcc/arm-none-eabi/12.3.1/../../../../arm-none-eabi/lib/thumb/v7e-m+fp/hard\libc_nano.a(libc_a-exit.o)
                              C:/ST/STM32CubeIDE_1.16.1/STM32CubeIDE/plugins/com.st.stm32cube.ide.mcu.externaltools.gnu-tools-for-stm32.12.3.rel1.win32_1.0.200.202406191623/tools/bin/../lib/gcc/arm-none-eabi/12.3.1/../../../../arm-none-eabi/lib/thumb/v7e-m+fp/hard/crt0.o (exit)
C:/ST/STM32CubeIDE_1.16.1/STM32CubeIDE/plugins/com.st.stm32cube.ide.mcu.externaltools.gnu-tools-for-stm32.12.3.rel1.win32_1.0.200.202406191623/tools/bin/../lib/gcc/arm-none-eabi/12.3.1/../../../../arm-none-eabi/lib/thumb/v7e-m+fp/hard\libc_nano.a(libc_a-findfp.o)
                              ./Middlewares/Third_Party/FreeRTOS/Source/tasks.o (__sf)
C:/ST/STM32CubeIDE_1.16.1/STM32CubeIDE/plugins/com.st.stm32cube.ide.mcu.externaltools.gnu-tools-for-stm32.12.3.rel1.win32_1.0.200.202406191623/tools/bin/../lib/gcc/arm-none-eabi/12.3.1/../../../../arm-none-eabi/lib/thumb/v7e-m+fp/hard\libc_nano.a(libc_a-fwalk.o)
                              C:/ST/STM32CubeIDE_1.16.1/STM32CubeIDE/plugins/com.st.stm32cube.ide.mcu.externaltools.gnu-tools-for-stm32.12.3.rel1.win32_1.0.200.202406191623/tools/bin/../lib/gcc/arm-none-eabi/12.3.1/../../../../arm-none-eabi/lib/thumb/v7e-m+fp/hard\libc_nano.a(libc_a-findfp.o) (_fwalk_sglue)
C:/ST/STM32CubeIDE_1.16.1/STM32CubeIDE/plugins/com.st.stm32cube.ide.mcu.externaltools.gnu-tools-for-stm32.12.3.rel1.win32_1.0.200.202406191623/tools/bin/../lib/gcc/arm-none-eabi/12.3.1/../../../../arm-none-eabi/lib/thumb/v7e-m+fp/hard\libc_nano.a(libc_a-printf.o)
                              ./Core/Src/main.o (printf)
C:/ST/STM32CubeIDE_1.16.1/STM32CubeIDE/plugins/com.st.stm32cube.ide.mcu.externaltools.gnu-tools-for-stm32.12.3.rel1.win32_1.0.200.202406191623/tools/bin/../lib/gcc/arm-none-eabi/12.3.1/../../../../arm-none-eabi/lib/thumb/v7e-m+fp/hard\libc_nano.a(libc_a-puts.o)
                              ./Core/Src/main.o (puts)
C:/ST/STM32CubeIDE_1.16.1/STM32CubeIDE/plugins/com.st.stm32cube.ide.mcu.externaltools.gnu-tools-for-stm32.12.3.rel1.win32_1.0.200.202406191623/tools/bin/../lib/gcc/arm-none-eabi/12.3.1/../../../../arm-none-eabi/lib/thumb/v7e-m+fp/hard\libc_nano.a(libc_a-snprintf.o)
                              ./Core/Src/wiznet/MQTT/MQTTPacket/MQTTFormat.o (snprintf)
C:/ST/STM32CubeIDE_1.16.1/STM32CubeIDE/plugins/com.st.stm32cube.ide.mcu.externaltools.gnu-tools-for-stm32.12.3.rel1.win32_1.0.200.202406191623/tools/bin/../lib/gcc/arm-none-eabi/12.3.1/../../../../arm-none-eabi/lib/thumb/v7e-m+fp/hard\libc_nano.a(libc_a-stdio.o)
                              C:/ST/STM32CubeIDE_1.16.1/STM32CubeIDE/plugins/com.st.stm32cube.ide.mcu.externaltools.gnu-tools-for-stm32.12.3.rel1.win32_1.0.200.202406191623/tools/bin/../lib/gcc/arm-none-eabi/12.3.1/../../../../arm-none-eabi/lib/thumb/v7e-m+fp/hard\libc_nano.a(libc_a-findfp.o) (__sread)
C:/ST/STM32CubeIDE_1.16.1/STM32CubeIDE/plugins/com.st.stm32cube.ide.mcu.externaltools.gnu-tools-for-stm32.12.3.rel1.win32_1.0.200.202406191623/tools/bin/../lib/gcc/arm-none-eabi/12.3.1/../../../../arm-none-eabi/lib/thumb/v7e-m+fp/hard\libc_nano.a(libc_a-wbuf.o)
                              C:/ST/STM32CubeIDE_1.16.1/STM32CubeIDE/plugins/com.st.stm32cube.ide.mcu.externaltools.gnu-tools-for-stm32.12.3.rel1.win32_1.0.200.202406191623/tools/bin/../lib/gcc/arm-none-eabi/12.3.1/../../../../arm-none-eabi/lib/thumb/v7e-m+fp/hard\libc_nano.a(libc_a-puts.o) (__swbuf_r)
C:/ST/STM32CubeIDE_1.16.1/STM32CubeIDE/plugins/com.st.stm32cube.ide.mcu.externaltools.gnu-tools-for-stm32.12.3.rel1.win32_1.0.200.202406191623/tools/bin/../lib/gcc/arm-none-eabi/12.3.1/../../../../arm-none-eabi/lib/thumb/v7e-m+fp/hard\libc_nano.a(libc_a-wsetup.o)
                              C:/ST/STM32CubeIDE_1.16.1/STM32CubeIDE/plugins/com.st.stm32cube.ide.mcu.externaltools.gnu-tools-for-stm32.12.3.rel1.win32_1.0.200.202406191623/tools/bin/../lib/gcc/arm-none-eabi/12.3.1/../../../../arm-none-eabi/lib/thumb/v7e-m+fp/hard\libc_nano.a(libc_a-puts.o) (__swsetup_r)
C:/ST/STM32CubeIDE_1.16.1/STM32CubeIDE/plugins/com.st.stm32cube.ide.mcu.externaltools.gnu-tools-for-stm32.12.3.rel1.win32_1.0.200.202406191623/tools/bin/../lib/gcc/arm-none-eabi/12.3.1/../../../../arm-none-eabi/lib/thumb/v7e-m+fp/hard\libc_nano.a(libc_a-memcmp.o)
                              ./Core/Src/wiznet/MQTT/MQTTPacket/MQTTConnectServer.o (memcmp)
C:/ST/STM32CubeIDE_1.16.1/STM32CubeIDE/plugins/com.st.stm32cube.ide.mcu.externaltools.gnu-tools-for-stm32.12.3.rel1.win32_1.0.200.202406191623/tools/bin/../lib/gcc/arm-none-eabi/12.3.1/../../../../arm-none-eabi/lib/thumb/v7e-m+fp/hard\libc_nano.a(libc_a-memset.o)
[...]
Memory Configuration

Name             Origin             Length             Attributes
RAM              0x20000000         0x00018000         xrw
FLASH            0x08000000         0x00080000         xr
*default*        0x00000000         0xffffffff

Linker script and memory map

LOAD C:/ST/STM32CubeIDE_1.16.1/STM32CubeIDE/plugins/com.st.stm32cube.ide.mcu.externaltools.gnu-tools-for-stm32.12.3.rel1.win32_1.0.200.202406191623/tools/bin/../lib/gcc/arm-none-eabi/12.3.1/thumb/v7e-m+fp/hard/crti.o
LOAD C:/ST/STM32CubeIDE_1.16.1/STM32CubeIDE/plugins/com.st.stm32cube.ide.mcu.externaltools.gnu-tools-for-stm32.12.3.rel1.win32_1.0.200.202406191623/tools/bin/../lib/gcc/arm-none-eabi/12.3.1/thumb/v7e-m+fp/hard/crtbegin.o
LOAD C:/ST/STM32CubeIDE_1.16.1/STM32CubeIDE/plugins/com.st.stm32cube.ide.mcu.externaltools.gnu-tools-for-stm32.12.3.rel1.win32_1.0.200.202406191623/tools/bin/../lib/gcc/arm-none-eabi/12.3.1/../../../../arm-none-eabi/lib/thumb/v7e-m+fp/hard/crt0.o
LOAD ./Core/Src/freertos.o
LOAD ./Core/Src/main.o
LOAD ./Core/Src/stm32f4xx_hal_msp.o
LOAD ./Core/Src/stm32f4xx_hal_timebase_tim.o
LOAD ./Core/Src/stm32f4xx_it.o
LOAD ./Core/Src/syscalls.o
LOAD ./Core/Src/sysmem.o
LOAD ./Core/Src/system_stm32f4xx.o
LOAD ./Core/Src/wiznet/DHCP/dhcp.o
LOAD ./Core/Src/wiznet/DNS/dns.o
LOAD ./Core/Src/wiznet/MQTT/MQTTClient.o
LOAD ./Core/Src/wiznet/MQTT/mqtt_interface.o
LOAD ./Core/Src/wiznet/MQTT/MQTTPacket/MQTTConnectClient.o
LOAD ./Core/Src/wiznet/MQTT/MQTTPacket/MQTTConnectServer.o
LOAD ./Core/Src/wiznet/MQTT/MQTTPacket/MQTTDeserializePublish.o
LOAD ./Core/Src/wiznet/MQTT/MQTTPacket/MQTTFormat.o
LOAD ./Core/Src/wiznet/MQTT/MQTTPacket/MQTTPacket.o
LOAD ./Core/Src/wiznet/MQTT/MQTTPacket/MQTTSerializePublish.o
LOAD ./Core/Src/wiznet/MQTT/MQTTPacket/MQTTSubscribeClient.o
LOAD ./Core/Src/wiznet/MQTT/MQTTPacket/MQTTSubscribeServer.o
LOAD ./Core/Src/wiznet/MQTT/MQTTPacket/MQTTUnsubscribeClient.o
LOAD ./Core/Src/wiznet/MQTT/MQTTPacket/MQTTUnsubscribeServer.o
LOAD ./Core/Src/wiznet/W5500/w5500.o
LOAD ./Core/Src/wiznet/socket.o
LOAD ./Core/Src/wiznet/w5500_spi.o
LOAD ./Core/Src/wiznet/wizchip_conf.o
LOAD ./Core/Startup/startup_stm32f401retx.o
LOAD ./Drivers/STM32F4xx_HAL_Driver/Src/stm32f4xx_hal.o
LOAD ./Drivers/STM32F4xx_HAL_Driver/Src/stm32f4xx_hal_cortex.o
LOAD ./Drivers/STM32F4xx_HAL_Driver/Src/stm32f4xx_hal_dma.o
LOAD ./Drivers/STM32F4xx_HAL_Driver/Src/stm32f4xx_hal_dma_ex.o
LOAD ./Drivers/STM32F4xx_HAL_Driver/Src/stm32f4xx_hal_exti.o
LOAD ./Drivers/STM32F4xx_HAL_Driver/Src/stm32f4xx_hal_flash.o
LOAD ./Drivers/STM32F4xx_HAL_Driver/Src/stm32f4xx_hal_flash_ex.o
LOAD ./Drivers/STM32F4xx_HAL_Driver/Src/stm32f4xx_hal_flash_ramfunc.o
LOAD ./Drivers/STM32F4xx_HAL_Driver/Src/stm32f4xx_hal_gpio.o
LOAD ./Drivers/STM32F4xx_HAL_Driver/Src/stm32f4xx_hal_pwr.o
LOAD ./Drivers/STM32F4xx_HAL_Driver/Src/stm32f4xx_hal_pwr_ex.o
LOAD ./Drivers/STM32F4xx_HAL_Driver/Src/stm32f4xx_hal_rcc.o
LOAD ./Drivers/STM32F4xx_HAL_Driver/Src/stm32f4xx_hal_rcc_ex.o
LOAD ./Drivers/STM32F4xx_HAL_Driver/Src/stm32f4xx_hal_spi.o
LOAD ./Drivers/STM32F4xx_HAL_Driver/Src/stm32f4xx_hal_tim.o
LOAD ./Drivers/STM32F4xx_HAL_Driver/Src/stm32f4xx_hal_tim_ex.o
LOAD ./Drivers/STM32F4xx_HAL_Driver/Src/stm32f4xx_hal_uart.o
LOAD ./Middlewares/Third_Party/FreeRTOS/Source/CMSIS_RTOS_V2/cmsis_os2.o
LOAD ./Middlewares/Third_Party/FreeRTOS/Source/croutine.o
LOAD ./Middlewares/Third_Party/FreeRTOS/Source/event_groups.o
LOAD ./Middlewares/Third_Party/FreeRTOS/Source/list.o
LOAD ./Middlewares/Third_Party/FreeRTOS/Source/queue.o
LOAD ./Middlewares/Third_Party/FreeRTOS/Source/stream_buffer.o
LOAD ./Middlewares/Third_Party/FreeRTOS/Source/tasks.o
LOAD ./Middlewares/Third_Party/FreeRTOS/Source/timers.o
LOAD ./Middlewares/Third_Party/FreeRTOS/Source/portable/GCC/ARM_CM4F/port.o
LOAD ./Middlewares/Third_Party/FreeRTOS/Source/portable/MemMang/heap_4.o
START GROUP
LOAD C:/ST/STM32CubeIDE_1.16.1/STM32CubeIDE/plugins/com.st.stm32cube.ide.mcu.externaltools.gnu-tools-for-stm32.12.3.rel1.win32_1.0.200.202406191623/tools/bin/../lib/gcc/arm-none-eabi/12.3.1/../../../../arm-none-eabi/lib/thumb/v7e-m+fp/hard\libc_nano.a
LOAD C:/ST/STM32CubeIDE_1.16.1/STM32CubeIDE/plugins/com.st.stm32cube.ide.mcu.externaltools.gnu-tools-for-stm32.12.3.rel1.win32_1.0.200.202406191623/tools/bin/../lib/gcc/arm-none-eabi/12.3.1/../../../../arm-none-eabi/lib/thumb/v7e-m+fp/hard\libm.a
END GROUP
START GROUP
LOAD C:/ST/STM32CubeIDE_1.16.1/STM32CubeIDE/plugins/com.st.stm32cube.ide.mcu.externaltools.gnu-tools-for-stm32.12.3.rel1.win32_1.0.200.202406191623/tools/bin/../lib/gcc/arm-none-eabi/12.3.1/thumb/v7e-m+fp/hard\libgcc.a
LOAD C:/ST/STM32CubeIDE_1.16.1/STM32CubeIDE/plugins/com.st.stm32cube.ide.mcu.externaltools.gnu-tools-for-stm32.12.3.rel1.win32_1.0.200.202406191623/tools/bin/../lib/gcc/arm-none-eabi/12.3.1/../../../../arm-none-eabi/lib/thumb/v7e-m+fp/hard\libc_nano.a
END GROUP
START GROUP
LOAD C:/ST/STM32CubeIDE_1.16.1/STM32CubeIDE/plugins/com.st.stm32cube.ide.mcu.externaltools.gnu-tools-for-stm32.12.3.rel1.win32_1.0.200.202406191623/tools/bin/../lib/gcc/arm-none-eabi/12.3.1/thumb/v7e-m+fp/hard\libgcc.a
LOAD C:/ST/STM32CubeIDE_1.16.1/STM32CubeIDE/plugins/com.st.stm32cube.ide.mcu.externaltools.gnu-tools-for-stm32.12.3.rel1.win32_1.0.200.202406191623/tools/bin/../lib/gcc/arm-none-eabi/12.3.1/../../../../arm-none-eabi/lib/thumb/v7e-m+fp/hard\libc_nano.a
LOAD C:/ST/STM32CubeIDE_1.16.1/STM32CubeIDE/plugins/com.st.stm32cube.ide.mcu.externaltools.gnu-tools-for-stm32.12.3.rel1.win32_1.0.200.202406191623/tools/bin/../lib/gcc/arm-none-eabi/12.3.1/../../../../arm-none-eabi/lib/thumb/v7e-m+fp/hard\libnosys.a
END GROUP
START GROUP
LOAD C:/ST/STM32CubeIDE_1.16.1/STM32CubeIDE/plugins/com.st.stm32cube.ide.mcu.externaltools.gnu-tools-for-stm32.12.3.rel1.win32_1.0.200.202406191623/tools/bin/../lib/gcc/arm-none-eabi/12.3.1/thumb/v7e-m+fp/hard\libgcc.a
LOAD C:/ST/STM32CubeIDE_1.16.1/STM32CubeIDE/plugins/com.st.stm32cube.ide.mcu.externaltools.gnu-tools-for-stm32.12.3.rel1.win32_1.0.200.202406191623/tools/bin/../lib/gcc/arm-none-eabi/12.3.1/../../../../arm-none-eabi/lib/thumb/v7e-m+fp/hard\libc_nano.a
LOAD C:/ST/STM32CubeIDE_1.16.1/STM32CubeIDE/plugins/com.st.stm32cube.ide.mcu.externaltools.gnu-tools-for-stm32.12.3.rel1.win32_1.0.200.202406191623/tools/bin/../lib/gcc/arm-none-eabi/12.3.1/../../../../arm-none-eabi/lib/thumb/v7e-m+fp/hard\libnosys.a
END GROUP
LOAD C:/ST/STM32CubeIDE_1.16.1/STM32CubeIDE/plugins/com.st.stm32cube.ide.mcu.externaltools.gnu-tools-for-stm32.12.3.rel1.win32_1.0.200.202406191623/tools/bin/../lib/gcc/arm-none-eabi/12.3.1/thumb/v7e-m+fp/hard/crtend.o
LOAD C:/ST/STM32CubeIDE_1.16.1/STM32CubeIDE/plugins/com.st.stm32cube.ide.mcu.externaltools.gnu-tools-for-stm32.12.3.rel1.win32_1.0.200.202406191623/tools/bin/../lib/gcc/arm-none-eabi/12.3.1/thumb/v7e-m+fp/hard/crtn.o
                0x20018000                        _estack = (ORIGIN (RAM) + LENGTH (RAM))
                0x00000200                        _Min_Heap_Size = 0x200
                0x00000400                        _Min_Stack_Size = 0x400

.isr_vector     0x08000000      0x194
                0x08000000                        . = ALIGN (0x4)
 *(.isr_vector)
 .isr_vector    0x08000000      0x194 ./Core/Startup/startup_stm32f401retx.o
                0x08000000                g_pfnVectors
                0x08000194                        . = ALIGN (0x4)

.text           0x080001a0     0xcf38
                0x080001a0                        . = ALIGN (0x4)
 *(.text)
 .text          0x080001a0       0x40 C:/ST/STM32CubeIDE_1.16.1/STM32CubeIDE/plugins/com.st.stm32cube.ide.mcu.externaltools.gnu-tools-for-stm32.12.3.rel1.win32_1.0.200.202406191623/tools/bin/../lib/gcc/arm-none-eabi/12.3.1/thumb/v7e-m+fp/hard/crtbegin.o
 .text          0x080001e0       0x14 C:/ST/STM32CubeIDE_1.16.1/STM32CubeIDE/plugins/com.st.stm32cube.ide.mcu.externaltools.gnu-tools-for-stm32.12.3.rel1.win32_1.0.200.202406191623/tools/bin/../lib/gcc/arm-none-eabi/12.3.1/../../../../arm-none-eabi/lib/thumb/v7e-m+fp/hard\libc_nano.a(libc_a-strcmp.o)
                0x080001e0                strcmp
 .text          0x080001f4       0x10 C:/ST/STM32CubeIDE_1.16.1/STM32CubeIDE/plugins/com.st.stm32cube.ide.mcu.externaltools.gnu-tools-for-stm32.12.3.rel1.win32_1.0.200.202406191623/tools/bin/../lib/gcc/arm-none-eabi/12.3.1/../../../../arm-none-eabi/lib/thumb/v7e-m+fp/hard\libc_nano.a(libc_a-strlen.o)
                0x080001f4                strlen
 *fill*         0x08000204        0xc 
 .text          0x08000210       0xa0 C:/ST/STM32CubeIDE_1.16.1/STM32CubeIDE/plugins/com.st.stm32cube.ide.mcu.externaltools.gnu-tools-for-stm32.12.3.rel1.win32_1.0.200.202406191623/tools/bin/../lib/gcc/arm-none-eabi/12.3.1/../../../../arm-none-eabi/lib/thumb/v7e-m+fp/hard\libc_nano.a(libc_a-memchr.o)
                0x08000210                memchr
 .text          0x080002b0       0x30 C:/ST/STM32CubeIDE_1.16.1/STM32CubeIDE/plugins/com.st.stm32cube.ide.mcu.externaltools.gnu-tools-for-stm32.12.3.rel1.win32_1.0.200.202406191623/tools/bin/../lib/gcc/arm-none-eabi/12.3.1/thumb/v7e-m+fp/hard\libgcc.a(_aeabi_uldivmod.o)
                0x080002b0                __aeabi_uldivmod
 .text          0x080002e0      0x2bc C:/ST/STM32CubeIDE_1.16.1/STM32CubeIDE/plugins/com.st.stm32cube.ide.mcu.externaltools.gnu-tools-for-stm32.12.3.rel1.win32_1.0.200.202406191623/tools/bin/../lib/gcc/arm-none-eabi/12.3.1/thumb/v7e-m+fp/hard\libgcc.a(_udivmoddi4.o)
                0x080002e0                __udivmoddi4
 .text          0x0800059c        0x4 C:/ST/STM32CubeIDE_1.16.1/STM32CubeIDE/plugins/com.st.stm32cube.ide.mcu.externaltools.gnu-tools-for-stm32.12.3.rel1.win32_1.0.200.202406191623/tools/bin/../lib/gcc/arm-none-eabi/12.3.1/thumb/v7e-m+fp/hard\libgcc.a(_dvmd_tls.o)
                0x0800059c                __aeabi_idiv0
                0x0800059c                __aeabi_ldiv0
 *(.text*)
 .text.main     0x080005a0       0xd0 ./Core/Src/main.o
                0x080005a0                main
 .text.SystemClock_Config
                0x08000670       0xd4 ./Core/Src/main.o
                0x08000670                SystemClock_Config
 .text.MX_SPI1_Init
                0x08000744       0x7c ./Core/Src/main.o
 .text.MX_USART2_UART_Init
                0x080007c0       0x54 ./Core/Src/main.o
 .text.MX_GPIO_Init
                0x08000814      0x138 ./Core/Src/main.o
 .text.Task_MQTTHandler
                0x0800094c      0x260 ./Core/Src/main.o
                0x0800094c                Task_MQTTHandler
 .text.MessageArrivedHandler
                0x08000bac      0x2a0 ./Core/Src/main.o
                0x08000bac                MessageArrivedHandler
 .text.__io_putchar
                0x08000e4c       0x24 ./Core/Src/main.o
                0x08000e4c                __io_putchar
 .text.PHYStatusCheck
                0x08000e70       0x4c ./Core/Src/main.o
 .text.PrintPHYConf
                0x08000ebc       0x88 ./Core/Src/main.o
 .text.OnDHCPIPAssigned
                0x08000f44       0x50 ./Core/Src/main.o
                0x08000f44                OnDHCPIPAssigned
 .text.DisplayNetworkConfigurations
                0x08000f94       0xc8 ./Core/Src/main.o
                0x08000f94                DisplayNetworkConfigurations
 .text.StartDefaultTask
                0x0800105c       0x10 ./Core/Src/main.o
                0x0800105c                StartDefaultTask
 .text.HAL_TIM_PeriodElapsedCallback
                0x0800106c       0x50 ./Core/Src/main.o
                0x0800106c                HAL_TIM_PeriodElapsedCallback
 .text.Error_Handler
                0x080010bc        0xc ./Core/Src/main.o
                0x080010bc                Error_Handler
 .text.HAL_MspInit
                0x080010c8       0x58 ./Core/Src/stm32f4xx_hal_msp.o
                0x080010c8                HAL_MspInit
 .text.HAL_SPI_MspInit
                0x08001120       0x90 ./Core/Src/stm32f4xx_hal_msp.o
                0x08001120                HAL_SPI_MspInit
 .text.HAL_UART_MspInit
                0x080011b0       0x90 ./Core/Src/stm32f4xx_hal_msp.o
                0x080011b0                HAL_UART_MspInit
 .text.HAL_InitTick
                0x08001240       0xe4 ./Core/Src/stm32f4xx_hal_timebase_tim.o
                0x08001240                HAL_InitTick
 .text.NMI_Handler
                0x08001324        0x8 ./Core/Src/stm32f4xx_it.o
                0x08001324                NMI_Handler
 .text.HardFault_Handler
                0x0800132c        0x8 ./Core/Src/stm32f4xx_it.o
                0x0800132c                HardFault_Handler
 .text.MemManage_Handler
                0x08001334        0x8 ./Core/Src/stm32f4xx_it.o
                0x08001334                MemManage_Handler
 .text.BusFault_Handler
                0x0800133c        0x8 ./Core/Src/stm32f4xx_it.o
                0x0800133c                BusFault_Handler
 .text.UsageFault_Handler
                0x08001344        0x8 ./Core/Src/stm32f4xx_it.o
                0x08001344                UsageFault_Handler
 .text.DebugMon_Handler
                0x0800134c        0xe ./Core/Src/stm32f4xx_it.o
                0x0800134c                DebugMon_Handler
 *fill*         0x0800135a        0x2 
 .text.TIM1_UP_TIM10_IRQHandler
                0x0800135c       0x14 ./Core/Src/stm32f4xx_it.o
                0x0800135c                TIM1_UP_TIM10_IRQHandler
 .text._read    0x08001370       0x3a ./Core/Src/syscalls.o
                0x08001370                _read
 .text._write   0x080013aa       0x38 ./Core/Src/syscalls.o
                0x080013aa                _write
 .text._close   0x080013e2       0x18 ./Core/Src/syscalls.o
                0x080013e2                _close
 .text._fstat   0x080013fa       0x20 ./Core/Src/syscalls.o
                0x080013fa                _fstat
 .text._isatty  0x0800141a       0x16 ./Core/Src/syscalls.o
                0x0800141a                _isatty
 .text._lseek   0x08001430       0x1a ./Core/Src/syscalls.o
                0x08001430                _lseek
 *fill*         0x0800144a        0x2 
 .text._sbrk    0x0800144c       0x6c ./Core/Src/sysmem.o
                0x0800144c                _sbrk
 .text.SystemInit
                0x080014b8       0x24 ./Core/Src/system_stm32f4xx.o
                0x080014b8                SystemInit
 .text.default_ip_assign
                0x080014dc       0x38 ./Core/Src/wiznet/DHCP/dhcp.o
                0x080014dc                default_ip_assign
 .text.default_ip_update
                0x08001514       0x2c ./Core/Src/wiznet/DHCP/dhcp.o
                0x08001514                default_ip_update
 .text.default_ip_conflict
                0x08001540       0x28 ./Core/Src/wiznet/DHCP/dhcp.o
                0x08001540                default_ip_conflict
 .text.reg_dhcp_cbfunc
                0x08001568       0x68 ./Core/Src/wiznet/DHCP/dhcp.o
                0x08001568                reg_dhcp_cbfunc
 .text.makeDHCPMSG
                0x080015d0      0x1ec ./Core/Src/wiznet/DHCP/dhcp.o
                0x080015d0                makeDHCPMSG
 .text.send_DHCP_DISCOVER
                0x080017bc      0x398 ./Core/Src/wiznet/DHCP/dhcp.o
                0x080017bc                send_DHCP_DISCOVER
 .text.send_DHCP_REQUEST
                0x08001b54      0x520 ./Core/Src/wiznet/DHCP/dhcp.o
                0x08001b54                send_DHCP_REQUEST
 .text.send_DHCP_DECLINE
                0x08002074      0x2ac ./Core/Src/wiznet/DHCP/dhcp.o
                0x08002074                send_DHCP_DECLINE
 .text.parseDHCPMSG
                0x08002320      0x480 ./Core/Src/wiznet/DHCP/dhcp.o
                0x08002320                parseDHCPMSG
 .text.DHCP_run
                0x080027a0      0x298 ./Core/Src/wiznet/DHCP/dhcp.o
                0x080027a0                DHCP_run
 .text.check_DHCP_timeout
                0x08002a38       0xc0 ./Core/Src/wiznet/DHCP/dhcp.o
                0x08002a38                check_DHCP_timeout
 .text.check_DHCP_leasedIP
                0x08002af8       0x88 ./Core/Src/wiznet/DHCP/dhcp.o
                0x08002af8                check_DHCP_leasedIP
 .text.DHCP_init
                0x08002b80      0x128 ./Core/Src/wiznet/DHCP/dhcp.o
                0x08002b80                DHCP_init
 .text.reset_DHCP_timeout
                0x08002ca8       0x2c ./Core/Src/wiznet/DHCP/dhcp.o
                0x08002ca8                reset_DHCP_timeout
 .text.DHCP_time_handler
                0x08002cd4       0x1c ./Core/Src/wiznet/DHCP/dhcp.o
                0x08002cd4                DHCP_time_handler
 .text.getIPfromDHCP
                0x08002cf0       0x40 ./Core/Src/wiznet/DHCP/dhcp.o
                0x08002cf0                getIPfromDHCP
 .text.getGWfromDHCP
                0x08002d30       0x40 ./Core/Src/wiznet/DHCP/dhcp.o
                0x08002d30                getGWfromDHCP
 .text.getSNfromDHCP
                0x08002d70       0x40 ./Core/Src/wiznet/DHCP/dhcp.o
                0x08002d70                getSNfromDHCP
 .text.getDNSfromDHCP
                0x08002db0       0x40 ./Core/Src/wiznet/DHCP/dhcp.o
                0x08002db0                getDNSfromDHCP
 .text.NibbleToHex
                0x08002df0       0x32 ./Core/Src/wiznet/DHCP/dhcp.o
                0x08002df0                NibbleToHex
 .text.get16    0x08002e22       0x2e ./Core/Src/wiznet/DNS/dns.o
                0x08002e22                get16
 .text.put16    0x08002e50       0x36 ./Core/Src/wiznet/DNS/dns.o
                0x08002e50                put16
 .text.parse_name
                0x08002e86      0x10e ./Core/Src/wiznet/DNS/dns.o
                0x08002e86                parse_name
 .text.dns_question
                0x08002f94       0x4a ./Core/Src/wiznet/DNS/dns.o
                0x08002f94                dns_question
 .text.dns_answer
                0x08002fde      0x228 ./Core/Src/wiznet/DNS/dns.o
                0x08002fde                dns_answer
 .text.parseDNSMSG
                0x08003206      0x18e ./Core/Src/wiznet/DNS/dns.o
                0x08003206                parseDNSMSG
 .text.dns_makequery
                0x08003394      0x17c ./Core/Src/wiznet/DNS/dns.o
                0x08003394                dns_makequery
 .text.check_DNS_timeout
                0x08003510       0x4c ./Core/Src/wiznet/DNS/dns.o
                0x08003510                check_DNS_timeout
 .text.DNS_init
                0x0800355c       0x38 ./Core/Src/wiznet/DNS/dns.o
                0x0800355c                DNS_init
 .text.DNS_run  0x08003594      0x198 ./Core/Src/wiznet/DNS/dns.o
                0x08003594                DNS_run
 .text.DNS_time_handler
                0x0800372c       0x1c ./Core/Src/wiznet/DNS/dns.o
                0x0800372c                DNS_time_handler
 .text.NewMessageData
                0x08003748       0x24 ./Core/Src/wiznet/MQTT/MQTTClient.o
 .text.getNextPacketId
                0x0800376c       0x32 ./Core/Src/wiznet/MQTT/MQTTClient.o
 .text.sendPacket
                0x0800379e       0x92 ./Core/Src/wiznet/MQTT/MQTTClient.o
 .text.MQTTClientInit
                0x08003830       0x8a ./Core/Src/wiznet/MQTT/MQTTClient.o
                0x08003830                MQTTClientInit
 .text.decodePacket
                0x080038ba       0x88 ./Core/Src/wiznet/MQTT/MQTTClient.o
 .text.readPacket
                0x08003942      0x108 ./Core/Src/wiznet/MQTT/MQTTClient.o
 .text.isTopicMatched
                0x08003a4a       0xd2 ./Core/Src/wiznet/MQTT/MQTTClient.o
 .text.deliverMessage
                0x08003b1c       0xd0 ./Core/Src/wiznet/MQTT/MQTTClient.o
                0x08003b1c                deliverMessage
 .text.keepalive
                0x08003bec       0xa2 ./Core/Src/wiznet/MQTT/MQTTClient.o
                0x08003bec                keepalive
 .text.MQTTCleanSession
                0x08003c8e       0x38 ./Core/Src/wiznet/MQTT/MQTTClient.o
                0x08003c8e                MQTTCleanSession
 .text.MQTTCloseSession
                0x08003cc6       0x2a ./Core/Src/wiznet/MQTT/MQTTClient.o
                0x08003cc6                MQTTCloseSession
 .text.cycle    0x08003cf0      0x200 ./Core/Src/wiznet/MQTT/MQTTClient.o
                0x08003cf0                cycle
 .text.MQTTYield
                0x08003ef0       0x5a ./Core/Src/wiznet/MQTT/MQTTClient.o
                0x08003ef0                MQTTYield
 .text.waitfor  0x08003f4a       0x44 ./Core/Src/wiznet/MQTT/MQTTClient.o
                0x08003f4a                waitfor
 *fill*         0x08003f8e        0x2 
 .text.MQTTConnectWithResults
                0x08003f90      0x124 ./Core/Src/wiznet/MQTT/MQTTClient.o
                0x08003f90                MQTTConnectWithResults
 .text.MQTTConnect
                0x080040b4       0x22 ./Core/Src/wiznet/MQTT/MQTTClient.o
                0x080040b4                MQTTConnect
 .text.MQTTSetMessageHandler
                0x080040d6       0xd4 ./Core/Src/wiznet/MQTT/MQTTClient.o
                0x080040d6                MQTTSetMessageHandler
 .text.MQTTSubscribeWithResults
                0x080041aa      0x11c ./Core/Src/wiznet/MQTT/MQTTClient.o
                0x080041aa                MQTTSubscribeWithResults
 .text.MQTTSubscribe
                0x080042c6       0x2c ./Core/Src/wiznet/MQTT/MQTTClient.o
                0x080042c6                MQTTSubscribe
 *fill*         0x080042f2        0x2 
 .text.MilliTimer_Handler
                0x080042f4       0x1c ./Core/Src/wiznet/MQTT/mqtt_interface.o
                0x080042f4                MilliTimer_Handler
 .text.TimerInit
                0x08004310       0x1a ./Core/Src/wiznet/MQTT/mqtt_interface.o
                0x08004310                TimerInit
 *fill*         0x0800432a        0x2 
 .text.TimerIsExpired
                0x0800432c       0x2c ./Core/Src/wiznet/MQTT/mqtt_interface.o
                0x0800432c                TimerIsExpired
 .text.TimerCountdownMS
                0x08004358       0x28 ./Core/Src/wiznet/MQTT/mqtt_interface.o
                0x08004358                TimerCountdownMS
 .text.TimerCountdown
                0x08004380       0x30 ./Core/Src/wiznet/MQTT/mqtt_interface.o
                0x08004380                TimerCountdown
 .text.TimerLeftMS
                0x080043b0       0x2c ./Core/Src/wiznet/MQTT/mqtt_interface.o
                0x080043b0                TimerLeftMS
 .text.NewNetwork
                0x080043dc       0x3c ./Core/Src/wiznet/MQTT/mqtt_interface.o
                0x080043dc                NewNetwork
 .text.w5x00_read
                0x08004418       0x5a ./Core/Src/wiznet/MQTT/mqtt_interface.o
                0x08004418                w5x00_read
 .text.w5x00_write
                0x08004472       0x48 ./Core/Src/wiznet/MQTT/mqtt_interface.o
                0x08004472                w5x00_write
 .text.w5x00_disconnect
                0x080044ba       0x1c ./Core/Src/wiznet/MQTT/mqtt_interface.o
                0x080044ba                w5x00_disconnect
 .text.ConnectNetwork
                0x080044d6       0x58 ./Core/Src/wiznet/MQTT/mqtt_interface.o
                0x080044d6                ConnectNetwork
 .text.MQTTSerialize_connectLength
                0x0800452e       0xc2 ./Core/Src/wiznet/MQTT/MQTTPacket/MQTTConnectClient.o
                0x0800452e                MQTTSerialize_connectLength
 .text.MQTTSerialize_connect
                0x080045f0      0x1d8 ./Core/Src/wiznet/MQTT/MQTTPacket/MQTTConnectClient.o
                0x080045f0                MQTTSerialize_connect
 .text.MQTTDeserialize_connack
                0x080047c8       0xaa ./Core/Src/wiznet/MQTT/MQTTPacket/MQTTConnectClient.o
                0x080047c8                MQTTDeserialize_connack
 .text.MQTTSerialize_zero
                0x08004872       0x70 ./Core/Src/wiznet/MQTT/MQTTPacket/MQTTConnectClient.o
                0x08004872                MQTTSerialize_zero
 .text.MQTTSerialize_pingreq
                0x080048e2       0x1e ./Core/Src/wiznet/MQTT/MQTTPacket/MQTTConnectClient.o
                0x080048e2                MQTTSerialize_pingreq
 .text.MQTTDeserialize_publish
                0x08004900       0xe4 ./Core/Src/wiznet/MQTT/MQTTPacket/MQTTDeserializePublish.o
                0x08004900                MQTTDeserialize_publish
 .text.MQTTDeserialize_ack
                0x080049e4       0x96 ./Core/Src/wiznet/MQTT/MQTTPacket/MQTTDeserializePublish.o
                0x080049e4                MQTTDeserialize_ack
 .text.MQTTPacket_encode
                0x08004a7a       0x5e ./Core/Src/wiznet/MQTT/MQTTPacket/MQTTPacket.o
                0x08004a7a                MQTTPacket_encode
 .text.MQTTPacket_decode
                0x08004ad8       0x78 ./Core/Src/wiznet/MQTT/MQTTPacket/MQTTPacket.o
                0x08004ad8                MQTTPacket_decode
 .text.MQTTPacket_len
                0x08004b50       0x54 ./Core/Src/wiznet/MQTT/MQTTPacket/MQTTPacket.o
                0x08004b50                MQTTPacket_len
 .text.bufchar  0x08004ba4       0x40 ./Core/Src/wiznet/MQTT/MQTTPacket/MQTTPacket.o
                0x08004ba4                bufchar
 .text.MQTTPacket_decodeBuf
                0x08004be4       0x2c ./Core/Src/wiznet/MQTT/MQTTPacket/MQTTPacket.o
                0x08004be4                MQTTPacket_decodeBuf
 .text.readInt  0x08004c10       0x36 ./Core/Src/wiznet/MQTT/MQTTPacket/MQTTPacket.o
                0x08004c10                readInt
 .text.readChar
                0x08004c46       0x28 ./Core/Src/wiznet/MQTT/MQTTPacket/MQTTPacket.o
                0x08004c46                readChar
 .text.writeChar
                0x08004c6e       0x2a ./Core/Src/wiznet/MQTT/MQTTPacket/MQTTPacket.o
                0x08004c6e                writeChar
 .text.writeInt
                0x08004c98       0x52 ./Core/Src/wiznet/MQTT/MQTTPacket/MQTTPacket.o
                0x08004c98                writeInt
 .text.writeCString
                0x08004cea       0x3e ./Core/Src/wiznet/MQTT/MQTTPacket/MQTTPacket.o
                0x08004cea                writeCString
 .text.writeMQTTString
                0x08004d28       0x5c ./Core/Src/wiznet/MQTT/MQTTPacket/MQTTPacket.o
                0x08004d28                writeMQTTString
 .text.readMQTTLenString
                0x08004d84       0x62 ./Core/Src/wiznet/MQTT/MQTTPacket/MQTTPacket.o
                0x08004d84                readMQTTLenString
 .text.MQTTstrlen
                0x08004de6       0x32 ./Core/Src/wiznet/MQTT/MQTTPacket/MQTTPacket.o
                0x08004de6                MQTTstrlen
 .text.MQTTPacket_equals
                0x08004e18       0x6e ./Core/Src/wiznet/MQTT/MQTTPacket/MQTTPacket.o
                0x08004e18                MQTTPacket_equals
 .text.MQTTSerialize_ack
                0x08004e86       0xaa ./Core/Src/wiznet/MQTT/MQTTPacket/MQTTSerializePublish.o
                0x08004e86                MQTTSerialize_ack
 .text.MQTTSerialize_subscribeLength
                0x08004f30       0x4e ./Core/Src/wiznet/MQTT/MQTTPacket/MQTTSubscribeClient.o
                0x08004f30                MQTTSerialize_subscribeLength
 .text.MQTTSerialize_subscribe
                0x08004f7e       0xf8 ./Core/Src/wiznet/MQTT/MQTTPacket/MQTTSubscribeClient.o
                0x08004f7e                MQTTSerialize_subscribe
 .text.MQTTDeserialize_suback
                0x08005076       0xce ./Core/Src/wiznet/MQTT/MQTTPacket/MQTTSubscribeClient.o
                0x08005076                MQTTDeserialize_suback
 .text.WIZCHIP_READ
                0x08005144       0x98 ./Core/Src/wiznet/W5500/w5500.o
                0x08005144                WIZCHIP_READ
 .text.WIZCHIP_WRITE
                0x080051dc       0x9c ./Core/Src/wiznet/W5500/w5500.o
                0x080051dc                WIZCHIP_WRITE
 .text.WIZCHIP_READ_BUF
                0x08005278       0xc0 ./Core/Src/wiznet/W5500/w5500.o
                0x08005278                WIZCHIP_READ_BUF
 .text.WIZCHIP_WRITE_BUF
                0x08005338       0xc0 ./Core/Src/wiznet/W5500/w5500.o
                0x08005338                WIZCHIP_WRITE_BUF
 .text.getSn_TX_FSR
                0x080053f8       0x92 ./Core/Src/wiznet/W5500/w5500.o
                0x080053f8                getSn_TX_FSR
 .text.getSn_RX_RSR
                0x0800548a       0x92 ./Core/Src/wiznet/W5500/w5500.o
                0x0800548a                getSn_RX_RSR
 .text.wiz_send_data
                0x0800551c       0xb4 ./Core/Src/wiznet/W5500/w5500.o
                0x0800551c                wiz_send_data
 .text.wiz_recv_data
                0x080055d0       0xb4 ./Core/Src/wiznet/W5500/w5500.o
                0x080055d0                wiz_recv_data
 .text.wiz_recv_ignore
                0x08005684       0x8c ./Core/Src/wiznet/W5500/w5500.o
                0x08005684                wiz_recv_ignore
 .text.socket   0x08005710      0x228 ./Core/Src/wiznet/socket.o
                0x08005710                socket
 .text.close    0x08005938       0xdc ./Core/Src/wiznet/socket.o
                0x08005938                close
 .text.connect  0x08005a14      0x1b8 ./Core/Src/wiznet/socket.o
                0x08005a14                connect
 .text.disconnect
                0x08005bcc       0xec ./Core/Src/wiznet/socket.o
                0x08005bcc                disconnect
 .text.send     0x08005cb8      0x1f0 ./Core/Src/wiznet/socket.o
                0x08005cb8                send
 .text.recv     0x08005ea8      0x168 ./Core/Src/wiznet/socket.o
                0x08005ea8                recv
 .text.sendto   0x08006010      0x268 ./Core/Src/wiznet/socket.o
                0x08006010                sendto
 .text.recvfrom
                0x08006278      0x3d8 ./Core/Src/wiznet/socket.o
                0x08006278                recvfrom
 .text.SPIReadWrite
                0x08006650       0x50 ./Core/Src/wiznet/w5500_spi.o
                0x08006650                SPIReadWrite
 .text.wizchip_select
                0x080066a0       0x18 ./Core/Src/wiznet/w5500_spi.o
                0x080066a0                wizchip_select
 .text.wizchip_deselect
                0x080066b8       0x18 ./Core/Src/wiznet/w5500_spi.o
                0x080066b8                wizchip_deselect
 .text.wizchip_reset_high
                0x080066d0       0x18 ./Core/Src/wiznet/w5500_spi.o
                0x080066d0                wizchip_reset_high
 .text.wizchip_reset_low
                0x080066e8       0x18 ./Core/Src/wiznet/w5500_spi.o
                0x080066e8                wizchip_reset_low
 .text.wizchip_read
                0x08006700       0x1a ./Core/Src/wiznet/w5500_spi.o
                0x08006700                wizchip_read
 .text.wizchip_write
                0x0800671a       0x1a ./Core/Src/wiznet/w5500_spi.o
                0x0800671a                wizchip_write
 .text.wizchip_readburst
                0x08006734       0x3e ./Core/Src/wiznet/w5500_spi.o
                0x08006734                wizchip_readburst
 .text.wizchip_writeburst
                0x08006772       0x3a ./Core/Src/wiznet/w5500_spi.o
                0x08006772                wizchip_writeburst
 .text.W5500IOInit
                0x080067ac        0xe ./Core/Src/wiznet/w5500_spi.o
                0x080067ac                W5500IOInit
 .text.w5500_enter_critical
                0x080067ba       0x12 ./Core/Src/wiznet/w5500_spi.o
                0x080067ba                w5500_enter_critical
 .text.w5500_exit_critical
                0x080067cc       0x12 ./Core/Src/wiznet/w5500_spi.o
                0x080067cc                w5500_exit_critical
 *fill*         0x080067de        0x2 
 .text.W5500Init
                0x080067e0       0xf4 ./Core/Src/wiznet/w5500_spi.o
                0x080067e0                W5500Init
 .text.wizchip_cris_enter
                0x080068d4        0xe ./Core/Src/wiznet/wizchip_conf.o
                0x080068d4                wizchip_cris_enter
 .text.wizchip_cris_exit
                0x080068e2        0xe ./Core/Src/wiznet/wizchip_conf.o
                0x080068e2                wizchip_cris_exit
 .text.wizchip_cs_select
                0x080068f0        0xe ./Core/Src/wiznet/wizchip_conf.o
                0x080068f0                wizchip_cs_select
 .text.wizchip_cs_deselect
                0x080068fe        0xe ./Core/Src/wiznet/wizchip_conf.o
                0x080068fe                wizchip_cs_deselect
 .text.wizchip_bus_readdata
                0x0800690c       0x1a ./Core/Src/wiznet/wizchip_conf.o
                0x0800690c                wizchip_bus_readdata
 .text.wizchip_bus_writedata
                0x08006926       0x1e ./Core/Src/wiznet/wizchip_conf.o
                0x08006926                wizchip_bus_writedata
 .text.wizchip_spi_readbyte
                0x08006944       0x10 ./Core/Src/wiznet/wizchip_conf.o
                0x08006944                wizchip_spi_readbyte
 .text.wizchip_spi_writebyte
                0x08006954       0x16 ./Core/Src/wiznet/wizchip_conf.o
                0x08006954                wizchip_spi_writebyte
 .text.wizchip_spi_readburst
                0x0800696a       0x18 ./Core/Src/wiznet/wizchip_conf.o
                0x0800696a                wizchip_spi_readburst
 .text.wizchip_spi_writeburst
                0x08006982       0x18 ./Core/Src/wiznet/wizchip_conf.o
                0x08006982                wizchip_spi_writeburst
 *fill*         0x0800699a        0x2 
 .text.reg_wizchip_cris_cbfunc
                0x0800699c       0x4c ./Core/Src/wiznet/wizchip_conf.o
                0x0800699c                reg_wizchip_cris_cbfunc
 .text.reg_wizchip_cs_cbfunc
                0x080069e8       0x4c ./Core/Src/wiznet/wizchip_conf.o
                0x080069e8                reg_wizchip_cs_cbfunc
 .text.reg_wizchip_spi_cbfunc
                0x08006a34       0x58 ./Core/Src/wiznet/wizchip_conf.o
                0x08006a34                reg_wizchip_spi_cbfunc
 .text.reg_wizchip_spiburst_cbfunc
                0x08006a8c       0x58 ./Core/Src/wiznet/wizchip_conf.o
                0x08006a8c                reg_wizchip_spiburst_cbfunc
 .text.ctlwizchip
                0x08006ae4      0x1c0 ./Core/Src/wiznet/wizchip_conf.o
                0x08006ae4                ctlwizchip
 .text.ctlnetwork
                0x08006ca4       0x7c ./Core/Src/wiznet/wizchip_conf.o
                0x08006ca4                ctlnetwork
 .text.wizchip_sw_reset
                0x08006d20       0x98 ./Core/Src/wiznet/wizchip_conf.o
                0x08006d20                wizchip_sw_reset
 .text.wizchip_init
                0x08006db8      0x118 ./Core/Src/wiznet/wizchip_conf.o
                0x08006db8                wizchip_init
 .text.wizchip_clrinterrupt
                0x08006ed0       0x68 ./Core/Src/wiznet/wizchip_conf.o
                0x08006ed0                wizchip_clrinterrupt
 .text.wizchip_getinterrupt
                0x08006f38       0x4a ./Core/Src/wiznet/wizchip_conf.o
                0x08006f38                wizchip_getinterrupt
 .text.wizchip_setinterruptmask
                0x08006f82       0x36 ./Core/Src/wiznet/wizchip_conf.o
                0x08006f82                wizchip_setinterruptmask
 .text.wizchip_getinterruptmask
                0x08006fb8       0x46 ./Core/Src/wiznet/wizchip_conf.o
                0x08006fb8                wizchip_getinterruptmask
 .text.wizphy_getphylink
                0x08006ffe       0x2c ./Core/Src/wiznet/wizchip_conf.o
                0x08006ffe                wizphy_getphylink
 .text.wizphy_getphypmode
                0x0800702a       0x32 ./Core/Src/wiznet/wizchip_conf.o
                0x0800702a                wizphy_getphypmode
 .text.wizphy_reset
                0x0800705c       0x4e ./Core/Src/wiznet/wizchip_conf.o
                0x0800705c                wizphy_reset
 .text.wizphy_setphyconf
                0x080070aa       0x84 ./Core/Src/wiznet/wizchip_conf.o
                0x080070aa                wizphy_setphyconf
 *fill*         0x0800712e        0x2 
 .text.wizphy_getphyconf
                0x08007130       0xd4 ./Core/Src/wiznet/wizchip_conf.o
                0x08007130                wizphy_getphyconf
 .text.wizphy_setphypmode
                0x08007204       0x94 ./Core/Src/wiznet/wizchip_conf.o
                0x08007204                wizphy_setphypmode
 .text.wizchip_setnetinfo
                0x08007298       0x80 ./Core/Src/wiznet/wizchip_conf.o
                0x08007298                wizchip_setnetinfo
 .text.wizchip_getnetinfo
                0x08007318       0x80 ./Core/Src/wiznet/wizchip_conf.o
                0x08007318                wizchip_getnetinfo
 .text.wizchip_setnetmode
                0x08007398       0x44 ./Core/Src/wiznet/wizchip_conf.o
                0x08007398                wizchip_setnetmode
 .text.wizchip_getnetmode
                0x080073dc       0x10 ./Core/Src/wiznet/wizchip_conf.o
                0x080073dc                wizchip_getnetmode
 .text.wizchip_settimeout
                0x080073ec       0x42 ./Core/Src/wiznet/wizchip_conf.o
                0x080073ec                wizchip_settimeout
 .text.wizchip_gettimeout
                0x0800742e       0x40 ./Core/Src/wiznet/wizchip_conf.o
                0x0800742e                wizchip_gettimeout
 *fill*         0x0800746e        0x2 
 .text.Reset_Handler
                0x08007470       0x50 ./Core/Startup/startup_stm32f401retx.o
                0x08007470                Reset_Handler
 .text.Default_Handler
                0x080074c0        0x2 ./Core/Startup/startup_stm32f401retx.o
                0x080074c0                RTC_Alarm_IRQHandler
                0x080074c0                EXTI2_IRQHandler
                0x080074c0                SPI4_IRQHandler
                0x080074c0                TIM1_CC_IRQHandler
                0x080074c0                DMA2_Stream5_IRQHandler
                0x080074c0                DMA1_Stream5_IRQHandler
                0x080074c0                PVD_IRQHandler
                0x080074c0                SDIO_IRQHandler
                0x080074c0                TAMP_STAMP_IRQHandler
                0x080074c0                EXTI3_IRQHandler
                0x080074c0                I2C3_ER_IRQHandler
                0x080074c0                EXTI0_IRQHandler
                0x080074c0                I2C2_EV_IRQHandler
                0x080074c0                DMA1_Stream2_IRQHandler
                0x080074c0                FPU_IRQHandler
                0x080074c0                DMA2_Stream2_IRQHandler
                0x080074c0                SPI1_IRQHandler
                0x080074c0                TIM1_BRK_TIM9_IRQHandler
                0x080074c0                DMA2_Stream3_IRQHandler
                0x080074c0                USART6_IRQHandler
                0x080074c0                DMA2_Stream0_IRQHandler
                0x080074c0                TIM4_IRQHandler
                0x080074c0                I2C1_EV_IRQHandler
                0x080074c0                DMA1_Stream6_IRQHandler
                0x080074c0                DMA1_Stream1_IRQHandler
                0x080074c0                TIM3_IRQHandler
                0x080074c0                RCC_IRQHandler
                0x080074c0                Default_Handler
                0x080074c0                EXTI15_10_IRQHandler
                0x080074c0                ADC_IRQHandler
                0x080074c0                DMA1_Stream7_IRQHandler
                0x080074c0                TIM5_IRQHandler
                0x080074c0                DMA2_Stream7_IRQHandler
                0x080074c0                I2C3_EV_IRQHandler
                0x080074c0                EXTI9_5_IRQHandler
                0x080074c0                RTC_WKUP_IRQHandler
                0x080074c0                SPI2_IRQHandler
                0x080074c0                DMA1_Stream0_IRQHandler
                0x080074c0                EXTI4_IRQHandler
                0x080074c0                WWDG_IRQHandler
                0x080074c0                TIM2_IRQHandler
                0x080074c0                OTG_FS_WKUP_IRQHandler
                0x080074c0                TIM1_TRG_COM_TIM11_IRQHandler
                0x080074c0                EXTI1_IRQHandler
                0x080074c0                USART2_IRQHandler
                0x080074c0                I2C2_ER_IRQHandler
                0x080074c0                DMA2_Stream1_IRQHandler
                0x080074c0                FLASH_IRQHandler
                0x080074c0                DMA2_Stream4_IRQHandler
                0x080074c0                USART1_IRQHandler
                0x080074c0                OTG_FS_IRQHandler
                0x080074c0                SPI3_IRQHandler
                0x080074c0                DMA1_Stream4_IRQHandler
                0x080074c0                I2C1_ER_IRQHandler
                0x080074c0                DMA2_Stream6_IRQHandler
                0x080074c0                DMA1_Stream3_IRQHandler
 *fill*         0x080074c2        0x2 
 .text.HAL_Init
                0x080074c4       0x44 ./Drivers/STM32F4xx_HAL_Driver/Src/stm32f4xx_hal.o
                0x080074c4                HAL_Init
 .text.HAL_IncTick
                0x08007508       0x28 ./Drivers/STM32F4xx_HAL_Driver/Src/stm32f4xx_hal.o
                0x08007508                HAL_IncTick
 .text.HAL_GetTick
                0x08007530       0x18 ./Drivers/STM32F4xx_HAL_Driver/Src/stm32f4xx_hal.o
                0x08007530                HAL_GetTick
 .text.HAL_Delay
                0x08007548       0x48 ./Drivers/STM32F4xx_HAL_Driver/Src/stm32f4xx_hal.o
                0x08007548                HAL_Delay
 .text.__NVIC_SetPriorityGrouping
                0x08007590       0x48 ./Drivers/STM32F4xx_HAL_Driver/Src/stm32f4xx_hal_cortex.o
 .text.__NVIC_GetPriorityGrouping
                0x080075d8       0x1c ./Drivers/STM32F4xx_HAL_Driver/Src/stm32f4xx_hal_cortex.o
 .text.__NVIC_EnableIRQ
                0x080075f4       0x3c ./Drivers/STM32F4xx_HAL_Driver/Src/stm32f4xx_hal_cortex.o
 .text.__NVIC_SetPriority
                0x08007630       0x54 ./Drivers/STM32F4xx_HAL_Driver/Src/stm32f4xx_hal_cortex.o
 .text.NVIC_EncodePriority
                0x08007684       0x66 ./Drivers/STM32F4xx_HAL_Driver/Src/stm32f4xx_hal_cortex.o
 .text.HAL_NVIC_SetPriorityGrouping
                0x080076ea       0x16 ./Drivers/STM32F4xx_HAL_Driver/Src/stm32f4xx_hal_cortex.o
                0x080076ea                HAL_NVIC_SetPriorityGrouping
 .text.HAL_NVIC_SetPriority
                0x08007700       0x38 ./Drivers/STM32F4xx_HAL_Driver/Src/stm32f4xx_hal_cortex.o
                0x08007700                HAL_NVIC_SetPriority
 .text.HAL_NVIC_EnableIRQ
                0x08007738       0x1c ./Drivers/STM32F4xx_HAL_Driver/Src/stm32f4xx_hal_cortex.o
                0x08007738                HAL_NVIC_EnableIRQ
 .text.HAL_GPIO_Init
                0x08007754      0x308 ./Drivers/STM32F4xx_HAL_Driver/Src/stm32f4xx_hal_gpio.o
                0x08007754                HAL_GPIO_Init
 .text.HAL_GPIO_WritePin
                0x08007a5c       0x32 ./Drivers/STM32F4xx_HAL_Driver/Src/stm32f4xx_hal_gpio.o
                0x08007a5c                HAL_GPIO_WritePin
 .text.HAL_GPIO_TogglePin
                0x08007a8e       0x34 ./Drivers/STM32F4xx_HAL_Driver/Src/stm32f4xx_hal_gpio.o
                0x08007a8e                HAL_GPIO_TogglePin
 *fill*         0x08007ac2        0x2 
 .text.HAL_RCC_OscConfig
                0x08007ac4      0x4f0 ./Drivers/STM32F4xx_HAL_Driver/Src/stm32f4xx_hal_rcc.o
                0x08007ac4                HAL_RCC_OscConfig
 .text.HAL_RCC_ClockConfig
                0x08007fb4      0x1cc ./Drivers/STM32F4xx_HAL_Driver/Src/stm32f4xx_hal_rcc.o
                0x08007fb4                HAL_RCC_ClockConfig
 .text.HAL_RCC_GetSysClockFreq
                0x08008180      0x20c ./Drivers/STM32F4xx_HAL_Driver/Src/stm32f4xx_hal_rcc.o
                0x08008180                HAL_RCC_GetSysClockFreq
 .text.HAL_RCC_GetHCLKFreq
                0x0800838c       0x18 ./Drivers/STM32F4xx_HAL_Driver/Src/stm32f4xx_hal_rcc.o
                0x0800838c                HAL_RCC_GetHCLKFreq
 .text.HAL_RCC_GetPCLK1Freq
                0x080083a4       0x28 ./Drivers/STM32F4xx_HAL_Driver/Src/stm32f4xx_hal_rcc.o
                0x080083a4                HAL_RCC_GetPCLK1Freq
 .text.HAL_RCC_GetPCLK2Freq
                0x080083cc       0x28 ./Drivers/STM32F4xx_HAL_Driver/Src/stm32f4xx_hal_rcc.o
                0x080083cc                HAL_RCC_GetPCLK2Freq
 .text.HAL_RCC_GetClockConfig
                0x080083f4       0x64 ./Drivers/STM32F4xx_HAL_Driver/Src/stm32f4xx_hal_rcc.o
                0x080083f4                HAL_RCC_GetClockConfig
 .text.HAL_SPI_Init
                0x08008458      0x112 ./Drivers/STM32F4xx_HAL_Driver/Src/stm32f4xx_hal_spi.o
                0x08008458                HAL_SPI_Init
 .text.HAL_TIM_Base_Init
                0x0800856a       0x9e ./Drivers/STM32F4xx_HAL_Driver/Src/stm32f4xx_hal_tim.o
                0x0800856a                HAL_TIM_Base_Init
 .text.HAL_TIM_Base_MspInit
                0x08008608       0x14 ./Drivers/STM32F4xx_HAL_Driver/Src/stm32f4xx_hal_tim.o
                0x08008608                HAL_TIM_Base_MspInit
 .text.HAL_TIM_Base_Start_IT
                0x0800861c       0xc4 ./Drivers/STM32F4xx_HAL_Driver/Src/stm32f4xx_hal_tim.o
                0x0800861c                HAL_TIM_Base_Start_IT
 .text.HAL_TIM_IRQHandler
                0x080086e0      0x1e0 ./Drivers/STM32F4xx_HAL_Driver/Src/stm32f4xx_hal_tim.o
                0x080086e0                HAL_TIM_IRQHandler
 .text.HAL_TIM_OC_DelayElapsedCallback
                0x080088c0       0x14 ./Drivers/STM32F4xx_HAL_Driver/Src/stm32f4xx_hal_tim.o
                0x080088c0                HAL_TIM_OC_DelayElapsedCallback
 .text.HAL_TIM_IC_CaptureCallback
                0x080088d4       0x14 ./Drivers/STM32F4xx_HAL_Driver/Src/stm32f4xx_hal_tim.o
                0x080088d4                HAL_TIM_IC_CaptureCallback
 .text.HAL_TIM_PWM_PulseFinishedCallback
                0x080088e8       0x14 ./Drivers/STM32F4xx_HAL_Driver/Src/stm32f4xx_hal_tim.o
                0x080088e8                HAL_TIM_PWM_PulseFinishedCallback
 .text.HAL_TIM_TriggerCallback
                0x080088fc       0x14 ./Drivers/STM32F4xx_HAL_Driver/Src/stm32f4xx_hal_tim.o
                0x080088fc                HAL_TIM_TriggerCallback
 .text.TIM_Base_SetConfig
                0x08008910      0x118 ./Drivers/STM32F4xx_HAL_Driver/Src/stm32f4xx_hal_tim.o
                0x08008910                TIM_Base_SetConfig
 .text.HAL_TIMEx_CommutCallback
                0x08008a28       0x14 ./Drivers/STM32F4xx_HAL_Driver/Src/stm32f4xx_hal_tim_ex.o
                0x08008a28                HAL_TIMEx_CommutCallback
 .text.HAL_TIMEx_BreakCallback
                0x08008a3c       0x14 ./Drivers/STM32F4xx_HAL_Driver/Src/stm32f4xx_hal_tim_ex.o
                0x08008a3c                HAL_TIMEx_BreakCallback
 .text.HAL_UART_Init
                0x08008a50       0xa0 ./Drivers/STM32F4xx_HAL_Driver/Src/stm32f4xx_hal_uart.o
                0x08008a50                HAL_UART_Init
 .text.HAL_UART_Transmit
                0x08008af0      0x116 ./Drivers/STM32F4xx_HAL_Driver/Src/stm32f4xx_hal_uart.o
                0x08008af0                HAL_UART_Transmit
 .text.UART_WaitOnFlagUntilTimeout
                0x08008c06       0xb2 ./Drivers/STM32F4xx_HAL_Driver/Src/stm32f4xx_hal_uart.o
 .text.UART_EndRxTransfer
                0x08008cb8       0xc6 ./Drivers/STM32F4xx_HAL_Driver/Src/stm32f4xx_hal_uart.o
 *fill*         0x08008d7e        0x2 
 .text.UART_SetConfig
                0x08008d80      0x4e8 ./Drivers/STM32F4xx_HAL_Driver/Src/stm32f4xx_hal_uart.o
 .text.__NVIC_SetPriority
                0x08009268       0x54 ./Middlewares/Third_Party/FreeRTOS/Source/CMSIS_RTOS_V2/cmsis_os2.o
 .text.SysTick_Handler
                0x080092bc       0x20 ./Middlewares/Third_Party/FreeRTOS/Source/CMSIS_RTOS_V2/cmsis_os2.o
                0x080092bc                SysTick_Handler
 .text.SVC_Setup
                0x080092dc       0x12 ./Middlewares/Third_Party/FreeRTOS/Source/CMSIS_RTOS_V2/cmsis_os2.o
 *fill*         0x080092ee        0x2 
 .text.osKernelInitialize
                0x080092f0       0x48 ./Middlewares/Third_Party/FreeRTOS/Source/CMSIS_RTOS_V2/cmsis_os2.o
                0x080092f0                osKernelInitialize
 .text.osKernelStart
                0x08009338       0x4c ./Middlewares/Third_Party/FreeRTOS/Source/CMSIS_RTOS_V2/cmsis_os2.o
                0x08009338                osKernelStart
 .text.osThreadNew
                0x08009384      0x124 ./Middlewares/Third_Party/FreeRTOS/Source/CMSIS_RTOS_V2/cmsis_os2.o
                0x08009384                osThreadNew
 .text.osDelay  0x080094a8       0x36 ./Middlewares/Third_Party/FreeRTOS/Source/CMSIS_RTOS_V2/cmsis_os2.o
                0x080094a8                osDelay
 .text.osMessageQueueNew
                0x080094de       0xe6 ./Middlewares/Third_Party/FreeRTOS/Source/CMSIS_RTOS_V2/cmsis_os2.o
                0x080094de                osMessageQueueNew
 .text.osMessageQueuePut
                0x080095c4       0xc0 ./Middlewares/Third_Party/FreeRTOS/Source/CMSIS_RTOS_V2/cmsis_os2.o
                0x080095c4                osMessageQueuePut
 .text.vApplicationGetIdleTaskMemory
                0x08009684       0x34 ./Middlewares/Third_Party/FreeRTOS/Source/CMSIS_RTOS_V2/cmsis_os2.o
                0x08009684                vApplicationGetIdleTaskMemory
 .text.vApplicationGetTimerTaskMemory
                0x080096b8       0x34 ./Middlewares/Third_Party/FreeRTOS/Source/CMSIS_RTOS_V2/cmsis_os2.o
                0x080096b8                vApplicationGetTimerTaskMemory
 .text.vListInitialise
                0x080096ec       0x40 ./Middlewares/Third_Party/FreeRTOS/Source/list.o
                0x080096ec                vListInitialise
 .text.vListInitialiseItem
                0x0800972c       0x1a ./Middlewares/Third_Party/FreeRTOS/Source/list.o
                0x0800972c                vListInitialiseItem
 .text.vListInsertEnd
                0x08009746       0x48 ./Middlewares/Third_Party/FreeRTOS/Source/list.o
                0x08009746                vListInsertEnd
 .text.vListInsert
                0x0800978e       0x72 ./Middlewares/Third_Party/FreeRTOS/Source/list.o
                0x0800978e                vListInsert
 .text.uxListRemove
                0x08009800       0x54 ./Middlewares/Third_Party/FreeRTOS/Source/list.o
                0x08009800                uxListRemove
 .text.xQueueGenericReset
                0x08009854       0xd4 ./Middlewares/Third_Party/FreeRTOS/Source/queue.o
                0x08009854                xQueueGenericReset
 .text.xQueueGenericCreateStatic
                0x08009928       0xfa ./Middlewares/Third_Party/FreeRTOS/Source/queue.o
                0x08009928                xQueueGenericCreateStatic
 .text.xQueueGenericCreate
                0x08009a22       0x76 ./Middlewares/Third_Party/FreeRTOS/Source/queue.o
                0x08009a22                xQueueGenericCreate
 .text.prvInitialiseNewQueue
                0x08009a98       0x46 ./Middlewares/Third_Party/FreeRTOS/Source/queue.o
 *fill*         0x08009ade        0x2 
 .text.xQueueGenericSend
                0x08009ae0      0x204 ./Middlewares/Third_Party/FreeRTOS/Source/queue.o
                0x08009ae0                xQueueGenericSend
 .text.xQueueGenericSendFromISR
                0x08009ce4      0x13c ./Middlewares/Third_Party/FreeRTOS/Source/queue.o
                0x08009ce4                xQueueGenericSendFromISR
 .text.xQueueReceive
                0x08009e20      0x1c4 ./Middlewares/Third_Party/FreeRTOS/Source/queue.o
                0x08009e20                xQueueReceive
 .text.prvCopyDataToQueue
                0x08009fe4       0xd4 ./Middlewares/Third_Party/FreeRTOS/Source/queue.o
 .text.prvCopyDataFromQueue
                0x0800a0b8       0x4c ./Middlewares/Third_Party/FreeRTOS/Source/queue.o
 .text.prvUnlockQueue
                0x0800a104       0xa4 ./Middlewares/Third_Party/FreeRTOS/Source/queue.o
 .text.prvIsQueueEmpty
                0x0800a1a8       0x2c ./Middlewares/Third_Party/FreeRTOS/Source/queue.o
 .text.prvIsQueueFull
                0x0800a1d4       0x30 ./Middlewares/Third_Party/FreeRTOS/Source/queue.o
 .text.vQueueAddToRegistry
                0x0800a204       0x54 ./Middlewares/Third_Party/FreeRTOS/Source/queue.o
                0x0800a204                vQueueAddToRegistry
 .text.vQueueWaitForMessageRestricted
                0x0800a258       0x68 ./Middlewares/Third_Party/FreeRTOS/Source/queue.o
                0x0800a258                vQueueWaitForMessageRestricted
 .text.xTaskCreateStatic
                0x0800a2c0       0xc0 ./Middlewares/Third_Party/FreeRTOS/Source/tasks.o
                0x0800a2c0                xTaskCreateStatic
 .text.xTaskCreate
                0x0800a380       0x8a ./Middlewares/Third_Party/FreeRTOS/Source/tasks.o
                0x0800a380                xTaskCreate
 *fill*         0x0800a40a        0x2 
 .text.prvInitialiseNewTask
                0x0800a40c      0x150 ./Middlewares/Third_Party/FreeRTOS/Source/tasks.o
 .text.prvAddNewTaskToReadyList
                0x0800a55c       0xe0 ./Middlewares/Third_Party/FreeRTOS/Source/tasks.o
 .text.vTaskDelay
                0x0800a63c       0x6c ./Middlewares/Third_Party/FreeRTOS/Source/tasks.o
                0x0800a63c                vTaskDelay
 .text.vTaskStartScheduler
                0x0800a6a8       0xe0 ./Middlewares/Third_Party/FreeRTOS/Source/tasks.o
                0x0800a6a8                vTaskStartScheduler
 .text.vTaskSuspendAll
                0x0800a788       0x1c ./Middlewares/Third_Party/FreeRTOS/Source/tasks.o
                0x0800a788                vTaskSuspendAll
 .text.xTaskResumeAll
                0x0800a7a4      0x13c ./Middlewares/Third_Party/FreeRTOS/Source/tasks.o
                0x0800a7a4                xTaskResumeAll
 .text.xTaskGetTickCount
                0x0800a8e0       0x20 ./Middlewares/Third_Party/FreeRTOS/Source/tasks.o
                0x0800a8e0                xTaskGetTickCount
 .text.xTaskIncrementTick
                0x0800a900      0x174 ./Middlewares/Third_Party/FreeRTOS/Source/tasks.o
                0x0800a900                xTaskIncrementTick
 .text.vTaskSwitchContext
                0x0800aa74       0xcc ./Middlewares/Third_Party/FreeRTOS/Source/tasks.o
                0x0800aa74                vTaskSwitchContext
 .text.vTaskPlaceOnEventList
                0x0800ab40       0x4c ./Middlewares/Third_Party/FreeRTOS/Source/tasks.o
                0x0800ab40                vTaskPlaceOnEventList
 .text.vTaskPlaceOnEventListRestricted
                0x0800ab8c       0x58 ./Middlewares/Third_Party/FreeRTOS/Source/tasks.o
                0x0800ab8c                vTaskPlaceOnEventListRestricted
 .text.xTaskRemoveFromEventList
                0x0800abe4       0xc8 ./Middlewares/Third_Party/FreeRTOS/Source/tasks.o
                0x0800abe4                xTaskRemoveFromEventList
 .text.vTaskInternalSetTimeOutState
                0x0800acac       0x2c ./Middlewares/Third_Party/FreeRTOS/Source/tasks.o
                0x0800acac                vTaskInternalSetTimeOutState
 .text.xTaskCheckForTimeOut
                0x0800acd8       0xc8 ./Middlewares/Third_Party/FreeRTOS/Source/tasks.o
                0x0800acd8                xTaskCheckForTimeOut
 .text.vTaskMissedYield
                0x0800ada0       0x18 ./Middlewares/Third_Party/FreeRTOS/Source/tasks.o
                0x0800ada0                vTaskMissedYield
 .text.prvIdleTask
                0x0800adb8       0x30 ./Middlewares/Third_Party/FreeRTOS/Source/tasks.o
 .text.prvInitialiseTaskLists
                0x0800ade8       0x80 ./Middlewares/Third_Party/FreeRTOS/Source/tasks.o
 .text.prvCheckTasksWaitingTermination
                0x0800ae68       0x5c ./Middlewares/Third_Party/FreeRTOS/Source/tasks.o
 .text.prvDeleteTCB
                0x0800aec4       0x6a ./Middlewares/Third_Party/FreeRTOS/Source/tasks.o
 *fill*         0x0800af2e        0x2 
 .text.prvResetNextTaskUnblockTime
                0x0800af30       0x40 ./Middlewares/Third_Party/FreeRTOS/Source/tasks.o
 .text.xTaskGetSchedulerState
                0x0800af70       0x3c ./Middlewares/Third_Party/FreeRTOS/Source/tasks.o
                0x0800af70                xTaskGetSchedulerState
 .text.xTaskPriorityDisinherit
                0x0800afac       0xe0 ./Middlewares/Third_Party/FreeRTOS/Source/tasks.o
                0x0800afac                xTaskPriorityDisinherit
 .text.prvAddCurrentTaskToDelayedList
                0x0800b08c       0xa8 ./Middlewares/Third_Party/FreeRTOS/Source/tasks.o
 .text.xTimerCreateTimerTask
                0x0800b134       0x94 ./Middlewares/Third_Party/FreeRTOS/Source/timers.o
                0x0800b134                xTimerCreateTimerTask
 .text.xTimerGenericCommand
                0x0800b1c8       0x9c ./Middlewares/Third_Party/FreeRTOS/Source/timers.o
                0x0800b1c8                xTimerGenericCommand
 .text.prvProcessExpiredTimer
                0x0800b264       0x9c ./Middlewares/Third_Party/FreeRTOS/Source/timers.o
 .text.prvTimerTask
                0x0800b300       0x26 ./Middlewares/Third_Party/FreeRTOS/Source/timers.o
 *fill*         0x0800b326        0x2 
 .text.prvProcessTimerOrBlockTask
                0x0800b328       0x9c ./Middlewares/Third_Party/FreeRTOS/Source/timers.o
 .text.prvGetNextExpireTime
                0x0800b3c4       0x48 ./Middlewares/Third_Party/FreeRTOS/Source/timers.o
 .text.prvSampleTimeNow
                0x0800b40c       0x40 ./Middlewares/Third_Party/FreeRTOS/Source/timers.o
 .text.prvInsertTimerInActiveList
                0x0800b44c       0x84 ./Middlewares/Third_Party/FreeRTOS/Source/timers.o
 .text.prvProcessReceivedCommands
                0x0800b4d0      0x1cc ./Middlewares/Third_Party/FreeRTOS/Source/timers.o
 .text.prvSwitchTimerLists
                0x0800b69c       0xcc ./Middlewares/Third_Party/FreeRTOS/Source/timers.o
 .text.prvCheckForValidListAndQueue
                0x0800b768       0x80 ./Middlewares/Third_Party/FreeRTOS/Source/timers.o
 .text.pxPortInitialiseStack
                0x0800b7e8       0x68 ./Middlewares/Third_Party/FreeRTOS/Source/portable/GCC/ARM_CM4F/port.o
                0x0800b7e8                pxPortInitialiseStack
 .text.prvTaskExitError
                0x0800b850       0x5c ./Middlewares/Third_Party/FreeRTOS/Source/portable/GCC/ARM_CM4F/port.o
 *fill*         0x0800b8ac        0x4 
 .text.SVC_Handler
                0x0800b8b0       0x28 ./Middlewares/Third_Party/FreeRTOS/Source/portable/GCC/ARM_CM4F/port.o
                0x0800b8b0                SVC_Handler
 .text.prvPortStartFirstTask
                0x0800b8d8       0x28 ./Middlewares/Third_Party/FreeRTOS/Source/portable/GCC/ARM_CM4F/port.o
 .text.xPortStartScheduler
                0x0800b900      0x148 ./Middlewares/Third_Party/FreeRTOS/Source/portable/GCC/ARM_CM4F/port.o
                0x0800b900                xPortStartScheduler
 .text.vPortEnterCritical
                0x0800ba48       0x64 ./Middlewares/Third_Party/FreeRTOS/Source/portable/GCC/ARM_CM4F/port.o
                0x0800ba48                vPortEnterCritical
 .text.vPortExitCritical
                0x0800baac       0x54 ./Middlewares/Third_Party/FreeRTOS/Source/portable/GCC/ARM_CM4F/port.o
                0x0800baac                vPortExitCritical
 .text.PendSV_Handler
                0x0800bb00       0x68 ./Middlewares/Third_Party/FreeRTOS/Source/portable/GCC/ARM_CM4F/port.o
                0x0800bb00                PendSV_Handler
 .text.xPortSysTickHandler
                0x0800bb68       0x44 ./Middlewares/Third_Party/FreeRTOS/Source/portable/GCC/ARM_CM4F/port.o
                0x0800bb68                xPortSysTickHandler
 .text.vPortSetupTimerInterrupt
                0x0800bbac       0x48 ./Middlewares/Third_Party/FreeRTOS/Source/portable/GCC/ARM_CM4F/port.o
                0x0800bbac                vPortSetupTimerInterrupt
 .text.vPortEnableVFP
                0x0800bbf4       0x14 ./Middlewares/Third_Party/FreeRTOS/Source/portable/GCC/ARM_CM4F/port.o
 .text.vPortValidateInterruptPriority
                0x0800bc08       0x84 ./Middlewares/Third_Party/FreeRTOS/Source/portable/GCC/ARM_CM4F/port.o
                0x0800bc08                vPortValidateInterruptPriority
 .text.pvPortMalloc
                0x0800bc8c      0x19c ./Middlewares/Third_Party/FreeRTOS/Source/portable/MemMang/heap_4.o
                0x0800bc8c                pvPortMalloc
 .text.vPortFree
                0x0800be28       0xc8 ./Middlewares/Third_Party/FreeRTOS/Source/portable/MemMang/heap_4.o
                0x0800be28                vPortFree
 .text.prvHeapInit
                0x0800bef0       0xc4 ./Middlewares/Third_Party/FreeRTOS/Source/portable/MemMang/heap_4.o
 .text.prvInsertBlockIntoFreeList
                0x0800bfb4       0xb4 ./Middlewares/Third_Party/FreeRTOS/Source/portable/MemMang/heap_4.o
 .text.std      0x0800c068       0x6c C:/ST/STM32CubeIDE_1.16.1/STM32CubeIDE/plugins/com.st.stm32cube.ide.mcu.externaltools.gnu-tools-for-stm32.12.3.rel1.win32_1.0.200.202406191623/tools/bin/../lib/gcc/arm-none-eabi/12.3.1/../../../../arm-none-eabi/lib/thumb/v7e-m+fp/hard\libc_nano.a(libc_a-findfp.o)
 .text.stdio_exit_handler
                0x0800c0d4       0x18 C:/ST/STM32CubeIDE_1.16.1/STM32CubeIDE/plugins/com.st.stm32cube.ide.mcu.externaltools.gnu-tools-for-stm32.12.3.rel1.win32_1.0.200.202406191623/tools/bin/../lib/gcc/arm-none-eabi/12.3.1/../../../../arm-none-eabi/lib/thumb/v7e-m+fp/hard\libc_nano.a(libc_a-findfp.o)
 .text.cleanup_stdio
                0x0800c0ec       0x40 C:/ST/STM32CubeIDE_1.16.1/STM32CubeIDE/plugins/com.st.stm32cube.ide.mcu.externaltools.gnu-tools-for-stm32.12.3.rel1.win32_1.0.200.202406191623/tools/bin/../lib/gcc/arm-none-eabi/12.3.1/../../../../arm-none-eabi/lib/thumb/v7e-m+fp/hard\libc_nano.a(libc_a-findfp.o)
 .text.global_stdio_init.part.0
                0x0800c12c       0x3c C:/ST/STM32CubeIDE_1.16.1/STM32CubeIDE/plugins/com.st.stm32cube.ide.mcu.externaltools.gnu-tools-for-stm32.12.3.rel1.win32_1.0.200.202406191623/tools/bin/../lib/gcc/arm-none-eabi/12.3.1/../../../../arm-none-eabi/lib/thumb/v7e-m+fp/hard\libc_nano.a(libc_a-findfp.o)
 .text.__sfp_lock_acquire
                0x0800c168        0xc C:/ST/STM32CubeIDE_1.16.1/STM32CubeIDE/plugins/com.st.stm32cube.ide.mcu.externaltools.gnu-tools-for-stm32.12.3.rel1.win32_1.0.200.202406191623/tools/bin/../lib/gcc/arm-none-eabi/12.3.1/../../../../arm-none-eabi/lib/thumb/v7e-m+fp/hard\libc_nano.a(libc_a-findfp.o)
                0x0800c168                __sfp_lock_acquire
 .text.__sfp_lock_release
                0x0800c174        0xc C:/ST/STM32CubeIDE_1.16.1/STM32CubeIDE/plugins/com.st.stm32cube.ide.mcu.externaltools.gnu-tools-for-stm32.12.3.rel1.win32_1.0.200.202406191623/tools/bin/../lib/gcc/arm-none-eabi/12.3.1/../../../../arm-none-eabi/lib/thumb/v7e-m+fp/hard\libc_nano.a(libc_a-findfp.o)
                0x0800c174                __sfp_lock_release
 .text.__sinit  0x0800c180       0x30 C:/ST/STM32CubeIDE_1.16.1/STM32CubeIDE/plugins/com.st.stm32cube.ide.mcu.externaltools.gnu-tools-for-stm32.12.3.rel1.win32_1.0.200.202406191623/tools/bin/../lib/gcc/arm-none-eabi/12.3.1/../../../../arm-none-eabi/lib/thumb/v7e-m+fp/hard\libc_nano.a(libc_a-findfp.o)
                0x0800c180                __sinit
 .text._fwalk_sglue
                0x0800c1b0       0x3c C:/ST/STM32CubeIDE_1.16.1/STM32CubeIDE/plugins/com.st.stm32cube.ide.mcu.externaltools.gnu-tools-for-stm32.12.3.rel1.win32_1.0.200.202406191623/tools/bin/../lib/gcc/arm-none-eabi/12.3.1/../../../../arm-none-eabi/lib/thumb/v7e-m+fp/hard\libc_nano.a(libc_a-fwalk.o)
                0x0800c1b0                _fwalk_sglue
 .text.printf   0x0800c1ec       0x24 C:/ST/STM32CubeIDE_1.16.1/STM32CubeIDE/plugins/com.st.stm32cube.ide.mcu.externaltools.gnu-tools-for-stm32.12.3.rel1.win32_1.0.200.202406191623/tools/bin/../lib/gcc/arm-none-eabi/12.3.1/../../../../arm-none-eabi/lib/thumb/v7e-m+fp/hard\libc_nano.a(libc_a-printf.o)
                0x0800c1ec                iprintf
                0x0800c1ec                printf
 .text._puts_r  0x0800c210       0xaa C:/ST/STM32CubeIDE_1.16.1/STM32CubeIDE/plugins/com.st.stm32cube.ide.mcu.externaltools.gnu-tools-for-stm32.12.3.rel1.win32_1.0.200.202406191623/tools/bin/../lib/gcc/arm-none-eabi/12.3.1/../../../../arm-none-eabi/lib/thumb/v7e-m+fp/hard\libc_nano.a(libc_a-puts.o)
                0x0800c210                _puts_r
 *fill*         0x0800c2ba        0x2 
 .text.puts     0x0800c2bc       0x10 C:/ST/STM32CubeIDE_1.16.1/STM32CubeIDE/plugins/com.st.stm32cube.ide.mcu.externaltools.gnu-tools-for-stm32.12.3.rel1.win32_1.0.200.202406191623/tools/bin/../lib/gcc/arm-none-eabi/12.3.1/../../../../arm-none-eabi/lib/thumb/v7e-m+fp/hard\libc_nano.a(libc_a-puts.o)
                0x0800c2bc                puts
 .text.__sread  0x0800c2cc       0x22 C:/ST/STM32CubeIDE_1.16.1/STM32CubeIDE/plugins/com.st.stm32cube.ide.mcu.externaltools.gnu-tools-for-stm32.12.3.rel1.win32_1.0.200.202406191623/tools/bin/../lib/gcc/arm-none-eabi/12.3.1/../../../../arm-none-eabi/lib/thumb/v7e-m+fp/hard\libc_nano.a(libc_a-stdio.o)
                0x0800c2cc                __sread
 .text.__swrite
                0x0800c2ee       0x38 C:/ST/STM32CubeIDE_1.16.1/STM32CubeIDE/plugins/com.st.stm32cube.ide.mcu.externaltools.gnu-tools-for-stm32.12.3.rel1.win32_1.0.200.202406191623/tools/bin/../lib/gcc/arm-none-eabi/12.3.1/../../../../arm-none-eabi/lib/thumb/v7e-m+fp/hard\libc_nano.a(libc_a-stdio.o)
                0x0800c2ee                __swrite
 .text.__sseek  0x0800c326       0x24 C:/ST/STM32CubeIDE_1.16.1/STM32CubeIDE/plugins/com.st.stm32cube.ide.mcu.externaltools.gnu-tools-for-stm32.12.3.rel1.win32_1.0.200.202406191623/tools/bin/../lib/gcc/arm-none-eabi/12.3.1/../../../../arm-none-eabi/lib/thumb/v7e-m+fp/hard\libc_nano.a(libc_a-stdio.o)
                0x0800c326                __sseek
 .text.__sclose
                0x0800c34a        0x8 C:/ST/STM32CubeIDE_1.16.1/STM32CubeIDE/plugins/com.st.stm32cube.ide.mcu.externaltools.gnu-tools-for-stm32.12.3.rel1.win32_1.0.200.202406191623/tools/bin/../lib/gcc/arm-none-eabi/12.3.1/../../../../arm-none-eabi/lib/thumb/v7e-m+fp/hard\libc_nano.a(libc_a-stdio.o)
                0x0800c34a                __sclose
 .text.__swbuf_r
                0x0800c352       0x7c C:/ST/STM32CubeIDE_1.16.1/STM32CubeIDE/plugins/com.st.stm32cube.ide.mcu.externaltools.gnu-tools-for-stm32.12.3.rel1.win32_1.0.200.202406191623/tools/bin/../lib/gcc/arm-none-eabi/12.3.1/../../../../arm-none-eabi/lib/thumb/v7e-m+fp/hard\libc_nano.a(libc_a-wbuf.o)
                0x0800c352                __swbuf_r
 *fill*         0x0800c3ce        0x2 
 .text.__swsetup_r
                0x0800c3d0       0xac C:/ST/STM32CubeIDE_1.16.1/STM32CubeIDE/plugins/com.st.stm32cube.ide.mcu.externaltools.gnu-tools-for-stm32.12.3.rel1.win32_1.0.200.202406191623/tools/bin/../lib/gcc/arm-none-eabi/12.3.1/../../../../arm-none-eabi/lib/thumb/v7e-m+fp/hard\libc_nano.a(libc_a-wsetup.o)
                0x0800c3d0                __swsetup_r
 .text.memset   0x0800c47c       0x10 C:/ST/STM32CubeIDE_1.16.1/STM32CubeIDE/plugins/com.st.stm32cube.ide.mcu.externaltools.gnu-tools-for-stm32.12.3.rel1.win32_1.0.200.202406191623/tools/bin/../lib/gcc/arm-none-eabi/12.3.1/../../../../arm-none-eabi/lib/thumb/v7e-m+fp/hard\libc_nano.a(libc_a-memset.o)
                0x0800c47c                memset
 .text.strchr   0x0800c48c       0x1a C:/ST/STM32CubeIDE_1.16.1/STM32CubeIDE/plugins/com.st.stm32cube.ide.mcu.externaltools.gnu-tools-for-stm32.12.3.rel1.win32_1.0.200.202406191623/tools/bin/../lib/gcc/arm-none-eabi/12.3.1/../../../../arm-none-eabi/lib/thumb/v7e-m+fp/hard\libc_nano.a(libc_a-strchr.o)
                0x0800c48c                strchr
 .text.strncmp  0x0800c4a6       0x24 C:/ST/STM32CubeIDE_1.16.1/STM32CubeIDE/plugins/com.st.stm32cube.ide.mcu.externaltools.gnu-tools-for-stm32.12.3.rel1.win32_1.0.200.202406191623/tools/bin/../lib/gcc/arm-none-eabi/12.3.1/../../../../arm-none-eabi/lib/thumb/v7e-m+fp/hard\libc_nano.a(libc_a-strncmp.o)
                0x0800c4a6                strncmp
 .text.strncpy  0x0800c4ca       0x26 C:/ST/STM32CubeIDE_1.16.1/STM32CubeIDE/plugins/com.st.stm32cube.ide.mcu.externaltools.gnu-tools-for-stm32.12.3.rel1.win32_1.0.200.202406191623/tools/bin/../lib/gcc/arm-none-eabi/12.3.1/../../../../arm-none-eabi/lib/thumb/v7e-m+fp/hard\libc_nano.a(libc_a-strncpy.o)
                0x0800c4ca                strncpy
 .text._close_r
                0x0800c4f0       0x20 C:/ST/STM32CubeIDE_1.16.1/STM32CubeIDE/plugins/com.st.stm32cube.ide.mcu.externaltools.gnu-tools-for-stm32.12.3.rel1.win32_1.0.200.202406191623/tools/bin/../lib/gcc/arm-none-eabi/12.3.1/../../../../arm-none-eabi/lib/thumb/v7e-m+fp/hard\libc_nano.a(libc_a-closer.o)
                0x0800c4f0                _close_r
 .text._reclaim_reent
                0x0800c510       0xac C:/ST/STM32CubeIDE_1.16.1/STM32CubeIDE/plugins/com.st.stm32cube.ide.mcu.externaltools.gnu-tools-for-stm32.12.3.rel1.win32_1.0.200.202406191623/tools/bin/../lib/gcc/arm-none-eabi/12.3.1/../../../../arm-none-eabi/lib/thumb/v7e-m+fp/hard\libc_nano.a(libc_a-reent.o)
                0x0800c510                _reclaim_reent
 .text._lseek_r
                0x0800c5bc       0x24 C:/ST/STM32CubeIDE_1.16.1/STM32CubeIDE/plugins/com.st.stm32cube.ide.mcu.externaltools.gnu-tools-for-stm32.12.3.rel1.win32_1.0.200.202406191623/tools/bin/../lib/gcc/arm-none-eabi/12.3.1/../../../../arm-none-eabi/lib/thumb/v7e-m+fp/hard\libc_nano.a(libc_a-lseekr.o)
                0x0800c5bc                _lseek_r
 .text._read_r  0x0800c5e0       0x24 C:/ST/STM32CubeIDE_1.16.1/STM32CubeIDE/plugins/com.st.stm32cube.ide.mcu.externaltools.gnu-tools-for-stm32.12.3.rel1.win32_1.0.200.202406191623/tools/bin/../lib/gcc/arm-none-eabi/12.3.1/../../../../arm-none-eabi/lib/thumb/v7e-m+fp/hard\libc_nano.a(libc_a-readr.o)
                0x0800c5e0                _read_r
 .text._write_r
                0x0800c604       0x24 C:/ST/STM32CubeIDE_1.16.1/STM32CubeIDE/plugins/com.st.stm32cube.ide.mcu.externaltools.gnu-tools-for-stm32.12.3.rel1.win32_1.0.200.202406191623/tools/bin/../lib/gcc/arm-none-eabi/12.3.1/../../../../arm-none-eabi/lib/thumb/v7e-m+fp/hard\libc_nano.a(libc_a-writer.o)
                0x0800c604                _write_r
 .text.__errno  0x0800c628        0xc C:/ST/STM32CubeIDE_1.16.1/STM32CubeIDE/plugins/com.st.stm32cube.ide.mcu.externaltools.gnu-tools-for-stm32.12.3.rel1.win32_1.0.200.202406191623/tools/bin/../lib/gcc/arm-none-eabi/12.3.1/../../../../arm-none-eabi/lib/thumb/v7e-m+fp/hard\libc_nano.a(libc_a-errno.o)
                0x0800c628                __errno
 .text.__libc_init_array
                0x0800c634       0x48 C:/ST/STM32CubeIDE_1.16.1/STM32CubeIDE/plugins/com.st.stm32cube.ide.mcu.externaltools.gnu-tools-for-stm32.12.3.rel1.win32_1.0.200.202406191623/tools/bin/../lib/gcc/arm-none-eabi/12.3.1/../../../../arm-none-eabi/lib/thumb/v7e-m+fp/hard\libc_nano.a(libc_a-init.o)
                0x0800c634                __libc_init_array
 .text.__retarget_lock_init_recursive
                0x0800c67c        0x2 C:/ST/STM32CubeIDE_1.16.1/STM32CubeIDE/plugins/com.st.stm32cube.ide.mcu.externaltools.gnu-tools-for-stm32.12.3.rel1.win32_1.0.200.202406191623/tools/bin/../lib/gcc/arm-none-eabi/12.3.1/../../../../arm-none-eabi/lib/thumb/v7e-m+fp/hard\libc_nano.a(libc_a-lock.o)
                0x0800c67c                __retarget_lock_init_recursive
 .text.__retarget_lock_acquire_recursive
                0x0800c67e        0x2 C:/ST/STM32CubeIDE_1.16.1/STM32CubeIDE/plugins/com.st.stm32cube.ide.mcu.externaltools.gnu-tools-for-stm32.12.3.rel1.win32_1.0.200.202406191623/tools/bin/../lib/gcc/arm-none-eabi/12.3.1/../../../../arm-none-eabi/lib/thumb/v7e-m+fp/hard\libc_nano.a(libc_a-lock.o)
                0x0800c67e                __retarget_lock_acquire_recursive
 .text.__retarget_lock_release_recursive
                0x0800c680        0x2 C:/ST/STM32CubeIDE_1.16.1/STM32CubeIDE/plugins/com.st.stm32cube.ide.mcu.externaltools.gnu-tools-for-stm32.12.3.rel1.win32_1.0.200.202406191623/tools/bin/../lib/gcc/arm-none-eabi/12.3.1/../../../../arm-none-eabi/lib/thumb/v7e-m+fp/hard\libc_nano.a(libc_a-lock.o)
                0x0800c680                __retarget_lock_release_recursive
 .text.strcpy   0x0800c682       0x10 C:/ST/STM32CubeIDE_1.16.1/STM32CubeIDE/plugins/com.st.stm32cube.ide.mcu.externaltools.gnu-tools-for-stm32.12.3.rel1.win32_1.0.200.202406191623/tools/bin/../lib/gcc/arm-none-eabi/12.3.1/../../../../arm-none-eabi/lib/thumb/v7e-m+fp/hard\libc_nano.a(libc_a-strcpy.o)
                0x0800c682                strcpy
 .text.memcpy   0x0800c692       0x1c C:/ST/STM32CubeIDE_1.16.1/STM32CubeIDE/plugins/com.st.stm32cube.ide.mcu.externaltools.gnu-tools-for-stm32.12.3.rel1.win32_1.0.200.202406191623/tools/bin/../lib/gcc/arm-none-eabi/12.3.1/../../../../arm-none-eabi/lib/thumb/v7e-m+fp/hard\libc_nano.a(libc_a-memcpy-stub.o)
                0x0800c692                memcpy
 *fill*         0x0800c6ae        0x2 
 .text._free_r  0x0800c6b0       0x94 C:/ST/STM32CubeIDE_1.16.1/STM32CubeIDE/plugins/com.st.stm32cube.ide.mcu.externaltools.gnu-tools-for-stm32.12.3.rel1.win32_1.0.200.202406191623/tools/bin/../lib/gcc/arm-none-eabi/12.3.1/../../../../arm-none-eabi/lib/thumb/v7e-m+fp/hard\libc_nano.a(libc_a-freer.o)
                0x0800c6b0                _free_r
 .text.sbrk_aligned
                0x0800c744       0x44 C:/ST/STM32CubeIDE_1.16.1/STM32CubeIDE/plugins/com.st.stm32cube.ide.mcu.externaltools.gnu-tools-for-stm32.12.3.rel1.win32_1.0.200.202406191623/tools/bin/../lib/gcc/arm-none-eabi/12.3.1/../../../../arm-none-eabi/lib/thumb/v7e-m+fp/hard\libc_nano.a(libc_a-mallocr.o)
 .text._malloc_r
                0x0800c788      0x100 C:/ST/STM32CubeIDE_1.16.1/STM32CubeIDE/plugins/com.st.stm32cube.ide.mcu.externaltools.gnu-tools-for-stm32.12.3.rel1.win32_1.0.200.202406191623/tools/bin/../lib/gcc/arm-none-eabi/12.3.1/../../../../arm-none-eabi/lib/thumb/v7e-m+fp/hard\libc_nano.a(libc_a-mallocr.o)
                0x0800c788                _malloc_r
 .text.__malloc_lock
                0x0800c888        0xc C:/ST/STM32CubeIDE_1.16.1/STM32CubeIDE/plugins/com.st.stm32cube.ide.mcu.externaltools.gnu-tools-for-stm32.12.3.rel1.win32_1.0.200.202406191623/tools/bin/../lib/gcc/arm-none-eabi/12.3.1/../../../../arm-none-eabi/lib/thumb/v7e-m+fp/hard\libc_nano.a(libc_a-mlock.o)
                0x0800c888                __malloc_lock
 .text.__malloc_unlock
                0x0800c894        0xc C:/ST/STM32CubeIDE_1.16.1/STM32CubeIDE/plugins/com.st.stm32cube.ide.mcu.externaltools.gnu-tools-for-stm32.12.3.rel1.win32_1.0.200.202406191623/tools/bin/../lib/gcc/arm-none-eabi/12.3.1/../../../../arm-none-eabi/lib/thumb/v7e-m+fp/hard\libc_nano.a(libc_a-mlock.o)
                0x0800c894                __malloc_unlock
 .text.__sfputc_r
                0x0800c8a0       0x2e C:/ST/STM32CubeIDE_1.16.1/STM32CubeIDE/plugins/com.st.stm32cube.ide.mcu.externaltools.gnu-tools-for-stm32.12.3.rel1.win32_1.0.200.202406191623/tools/bin/../lib/gcc/arm-none-eabi/12.3.1/../../../../arm-none-eabi/lib/thumb/v7e-m+fp/hard\libc_nano.a(libc_a-nano-vfprintf.o)
 .text.__sfputs_r
                0x0800c8ce       0x24 C:/ST/STM32CubeIDE_1.16.1/STM32CubeIDE/plugins/com.st.stm32cube.ide.mcu.externaltools.gnu-tools-for-stm32.12.3.rel1.win32_1.0.200.202406191623/tools/bin/../lib/gcc/arm-none-eabi/12.3.1/../../../../arm-none-eabi/lib/thumb/v7e-m+fp/hard\libc_nano.a(libc_a-nano-vfprintf.o)
                0x0800c8ce                __sfputs_r
 *fill*         0x0800c8f2        0x2 
 .text._vfprintf_r
                0x0800c8f4      0x230 C:/ST/STM32CubeIDE_1.16.1/STM32CubeIDE/plugins/com.st.stm32cube.ide.mcu.externaltools.gnu-tools-for-stm32.12.3.rel1.win32_1.0.200.202406191623/tools/bin/../lib/gcc/arm-none-eabi/12.3.1/../../../../arm-none-eabi/lib/thumb/v7e-m+fp/hard\libc_nano.a(libc_a-nano-vfprintf.o)
                0x0800c8f4                _vfprintf_r
                0x0800c8f4                _vfiprintf_r
 .text._printf_common
                0x0800cb24       0xda C:/ST/STM32CubeIDE_1.16.1/STM32CubeIDE/plugins/com.st.stm32cube.ide.mcu.externaltools.gnu-tools-for-stm32.12.3.rel1.win32_1.0.200.202406191623/tools/bin/../lib/gcc/arm-none-eabi/12.3.1/../../../../arm-none-eabi/lib/thumb/v7e-m+fp/hard\libc_nano.a(libc_a-nano-vfprintf_i.o)
                0x0800cb24                _printf_common
 *fill*         0x0800cbfe        0x2 
 .text._printf_i
                0x0800cc00      0x240 C:/ST/STM32CubeIDE_1.16.1/STM32CubeIDE/plugins/com.st.stm32cube.ide.mcu.externaltools.gnu-tools-for-stm32.12.3.rel1.win32_1.0.200.202406191623/tools/bin/../lib/gcc/arm-none-eabi/12.3.1/../../../../arm-none-eabi/lib/thumb/v7e-m+fp/hard\libc_nano.a(libc_a-nano-vfprintf_i.o)
                0x0800cc00                _printf_i
 .text.__sflush_r
                0x0800ce40      0x108 C:/ST/STM32CubeIDE_1.16.1/STM32CubeIDE/plugins/com.st.stm32cube.ide.mcu.externaltools.gnu-tools-for-stm32.12.3.rel1.win32_1.0.200.202406191623/tools/bin/../lib/gcc/arm-none-eabi/12.3.1/../../../../arm-none-eabi/lib/thumb/v7e-m+fp/hard\libc_nano.a(libc_a-fflush.o)
                0x0800ce40                __sflush_r
 .text._fflush_r
                0x0800cf48       0x50 C:/ST/STM32CubeIDE_1.16.1/STM32CubeIDE/plugins/com.st.stm32cube.ide.mcu.externaltools.gnu-tools-for-stm32.12.3.rel1.win32_1.0.200.202406191623/tools/bin/../lib/gcc/arm-none-eabi/12.3.1/../../../../arm-none-eabi/lib/thumb/v7e-m+fp/hard\libc_nano.a(libc_a-fflush.o)
                0x0800cf48                _fflush_r
 .text.__swhatbuf_r
                0x0800cf98       0x4c C:/ST/STM32CubeIDE_1.16.1/STM32CubeIDE/plugins/com.st.stm32cube.ide.mcu.externaltools.gnu-tools-for-stm32.12.3.rel1.win32_1.0.200.202406191623/tools/bin/../lib/gcc/arm-none-eabi/12.3.1/../../../../arm-none-eabi/lib/thumb/v7e-m+fp/hard\libc_nano.a(libc_a-makebuf.o)
                0x0800cf98                __swhatbuf_r
 .text.__smakebuf_r
                0x0800cfe4       0x78 C:/ST/STM32CubeIDE_1.16.1/STM32CubeIDE/plugins/com.st.stm32cube.ide.mcu.externaltools.gnu-tools-for-stm32.12.3.rel1.win32_1.0.200.202406191623/tools/bin/../lib/gcc/arm-none-eabi/12.3.1/../../../../arm-none-eabi/lib/thumb/v7e-m+fp/hard\libc_nano.a(libc_a-makebuf.o)
                0x0800cfe4                __smakebuf_r
 .text._fstat_r
                0x0800d05c       0x24 C:/ST/STM32CubeIDE_1.16.1/STM32CubeIDE/plugins/com.st.stm32cube.ide.mcu.externaltools.gnu-tools-for-stm32.12.3.rel1.win32_1.0.200.202406191623/tools/bin/../lib/gcc/arm-none-eabi/12.3.1/../../../../arm-none-eabi/lib/thumb/v7e-m+fp/hard\libc_nano.a(libc_a-fstatr.o)
                0x0800d05c                _fstat_r
 .text._isatty_r
                0x0800d080       0x20 C:/ST/STM32CubeIDE_1.16.1/STM32CubeIDE/plugins/com.st.stm32cube.ide.mcu.externaltools.gnu-tools-for-stm32.12.3.rel1.win32_1.0.200.202406191623/tools/bin/../lib/gcc/arm-none-eabi/12.3.1/../../../../arm-none-eabi/lib/thumb/v7e-m+fp/hard\libc_nano.a(libc_a-isattyr.o)
                0x0800d080                _isatty_r
 .text._sbrk_r  0x0800d0a0       0x20 C:/ST/STM32CubeIDE_1.16.1/STM32CubeIDE/plugins/com.st.stm32cube.ide.mcu.externaltools.gnu-tools-for-stm32.12.3.rel1.win32_1.0.200.202406191623/tools/bin/../lib/gcc/arm-none-eabi/12.3.1/../../../../arm-none-eabi/lib/thumb/v7e-m+fp/hard\libc_nano.a(libc_a-sbrkr.o)
                0x0800d0a0                _sbrk_r
 *(.glue_7)
 .glue_7        0x0800d0c0        0x0 linker stubs
 *(.glue_7t)
 .glue_7t       0x0800d0c0        0x0 linker stubs
 *(.eh_frame)
 .eh_frame      0x0800d0c0        0x0 C:/ST/STM32CubeIDE_1.16.1/STM32CubeIDE/plugins/com.st.stm32cube.ide.mcu.externaltools.gnu-tools-for-stm32.12.3.rel1.win32_1.0.200.202406191623/tools/bin/../lib/gcc/arm-none-eabi/12.3.1/thumb/v7e-m+fp/hard/crtbegin.o
 *(.init)
 .init          0x0800d0c0        0x4 C:/ST/STM32CubeIDE_1.16.1/STM32CubeIDE/plugins/com.st.stm32cube.ide.mcu.externaltools.gnu-tools-for-stm32.12.3.rel1.win32_1.0.200.202406191623/tools/bin/../lib/gcc/arm-none-eabi/12.3.1/thumb/v7e-m+fp/hard/crti.o
                0x0800d0c0                _init
 .init          0x0800d0c4        0x8 C:/ST/STM32CubeIDE_1.16.1/STM32CubeIDE/plugins/com.st.stm32cube.ide.mcu.externaltools.gnu-tools-for-stm32.12.3.rel1.win32_1.0.200.202406191623/tools/bin/../lib/gcc/arm-none-eabi/12.3.1/thumb/v7e-m+fp/hard/crtn.o
 *(.fini)
 .fini          0x0800d0cc        0x4 C:/ST/STM32CubeIDE_1.16.1/STM32CubeIDE/plugins/com.st.stm32cube.ide.mcu.externaltools.gnu-tools-for-stm32.12.3.rel1.win32_1.0.200.202406191623/tools/bin/../lib/gcc/arm-none-eabi/12.3.1/thumb/v7e-m+fp/hard/crti.o
                0x0800d0cc                _fini
 .fini          0x0800d0d0        0x8 C:/ST/STM32CubeIDE_1.16.1/STM32CubeIDE/plugins/com.st.stm32cube.ide.mcu.externaltools.gnu-tools-for-stm32.12.3.rel1.win32_1.0.200.202406191623/tools/bin/../lib/gcc/arm-none-eabi/12.3.1/thumb/v7e-m+fp/hard/crtn.o
                0x0800d0d8                        . = ALIGN (0x4)
                0x0800d0d8                        _etext = .

.vfp11_veneer   0x0800d0d8        0x0
 .vfp11_veneer  0x0800d0d8        0x0 linker stubs

.v4_bx          0x0800d0d8        0x0
 .v4_bx         0x0800d0d8        0x0 linker stubs

.iplt           0x0800d0d8        0x0
 .iplt          0x0800d0d8        0x0 C:/ST/STM32CubeIDE_1.16.1/STM32CubeIDE/plugins/com.st.stm32cube.ide.mcu.externaltools.gnu-tools-for-stm32.12.3.rel1.win32_1.0.200.202406191623/tools/bin/../lib/gcc/arm-none-eabi/12.3.1/thumb/v7e-m+fp/hard/crtbegin.o

.rodata         0x0800d0d8      0x974
                0x0800d0d8                        . = ALIGN (0x4)
 *(.rodata)
 .rodata        0x0800d0d8      0x53d ./Core/Src/main.o
 *fill*         0x0800d615        0x3 
 .rodata        0x0800d618      0x1ca ./Core/Src/wiznet/DHCP/dhcp.o
 *fill*         0x0800d7e2        0x2 
 .rodata        0x0800d7e4       0xa3 ./Core/Src/wiznet/DNS/dns.o
 *fill*         0x0800d887        0x1 
 .rodata        0x0800d888       0x58 ./Core/Src/wiznet/MQTT/MQTTClient.o
 .rodata        0x0800d8e0        0xf ./Core/Src/wiznet/MQTT/MQTTPacket/MQTTConnectClient.o
 *fill*         0x0800d8ef        0x1 
 .rodata        0x0800d8f0       0xd4 ./Core/Src/wiznet/w5500_spi.o
 .rodata        0x0800d9c4        0x5 ./Middlewares/Third_Party/FreeRTOS/Source/tasks.o
 *fill*         0x0800d9c9        0x3 
 .rodata        0x0800d9cc        0xd ./Middlewares/Third_Party/FreeRTOS/Source/timers.o
 *(.rodata*)
 *fill*         0x0800d9d9        0x3 
 .rodata.defaultTask_attributes
                0x0800d9dc       0x24 ./Core/Src/main.o
                0x0800d9dc                defaultTask_attributes
 .rodata.AHBPrescTable
                0x0800da00       0x10 ./Core/Src/system_stm32f4xx.o
                0x0800da00                AHBPrescTable
 .rodata.APBPrescTable
                0x0800da10        0x8 ./Core/Src/system_stm32f4xx.o
                0x0800da10                APBPrescTable
 .rodata._vfprintf_r.str1.1
                0x0800da18       0x11 C:/ST/STM32CubeIDE_1.16.1/STM32CubeIDE/plugins/com.st.stm32cube.ide.mcu.externaltools.gnu-tools-for-stm32.12.3.rel1.win32_1.0.200.202406191623/tools/bin/../lib/gcc/arm-none-eabi/12.3.1/../../../../arm-none-eabi/lib/thumb/v7e-m+fp/hard\libc_nano.a(libc_a-nano-vfprintf.o)
 .rodata._printf_i.str1.1
                0x0800da29       0x22 C:/ST/STM32CubeIDE_1.16.1/STM32CubeIDE/plugins/com.st.stm32cube.ide.mcu.externaltools.gnu-tools-for-stm32.12.3.rel1.win32_1.0.200.202406191623/tools/bin/../lib/gcc/arm-none-eabi/12.3.1/../../../../arm-none-eabi/lib/thumb/v7e-m+fp/hard\libc_nano.a(libc_a-nano-vfprintf_i.o)
                0x0800da4c                        . = ALIGN (0x4)
 *fill*         0x0800da4b        0x1 

.ARM.extab      0x0800da4c        0x0
                0x0800da4c                        . = ALIGN (0x4)
 *(.ARM.extab* .gnu.linkonce.armextab.*)
                0x0800da4c                        . = ALIGN (0x4)

.ARM            0x0800da4c        0x8
                0x0800da4c                        . = ALIGN (0x4)
                0x0800da4c                        __exidx_start = .
 *(.ARM.exidx*)
 .ARM.exidx     0x0800da4c        0x8 C:/ST/STM32CubeIDE_1.16.1/STM32CubeIDE/plugins/com.st.stm32cube.ide.mcu.externaltools.gnu-tools-for-stm32.12.3.rel1.win32_1.0.200.202406191623/tools/bin/../lib/gcc/arm-none-eabi/12.3.1/../../../../arm-none-eabi/lib/thumb/v7e-m+fp/hard\libc_nano.a(libc_a-strcmp.o)
 .ARM.exidx     0x0800da54        0x0 C:/ST/STM32CubeIDE_1.16.1/STM32CubeIDE/plugins/com.st.stm32cube.ide.mcu.externaltools.gnu-tools-for-stm32.12.3.rel1.win32_1.0.200.202406191623/tools/bin/../lib/gcc/arm-none-eabi/12.3.1/../../../../arm-none-eabi/lib/thumb/v7e-m+fp/hard\libc_nano.a(libc_a-strlen.o)
                                  0x8 (size before relaxing)
 .ARM.exidx     0x0800da54        0x0 C:/ST/STM32CubeIDE_1.16.1/STM32CubeIDE/plugins/com.st.stm32cube.ide.mcu.externaltools.gnu-tools-for-stm32.12.3.rel1.win32_1.0.200.202406191623/tools/bin/../lib/gcc/arm-none-eabi/12.3.1/../../../../arm-none-eabi/lib/thumb/v7e-m+fp/hard\libc_nano.a(libc_a-memchr.o)
                                  0x8 (size before relaxing)
 .ARM.exidx     0x0800da54        0x0 C:/ST/STM32CubeIDE_1.16.1/STM32CubeIDE/plugins/com.st.stm32cube.ide.mcu.externaltools.gnu-tools-for-stm32.12.3.rel1.win32_1.0.200.202406191623/tools/bin/../lib/gcc/arm-none-eabi/12.3.1/thumb/v7e-m+fp/hard\libgcc.a(_udivmoddi4.o)
                                  0x8 (size before relaxing)
                0x0800da54                        __exidx_end = .
                0x0800da54                        . = ALIGN (0x4)

.preinit_array  0x0800da54        0x0
                0x0800da54                        . = ALIGN (0x4)
                0x0800da54                        PROVIDE (__preinit_array_start = .)
 *(.preinit_array*)
                0x0800da54                        PROVIDE (__preinit_array_end = .)
                0x0800da54                        . = ALIGN (0x4)

.init_array     0x0800da54        0x4
                0x0800da54                        . = ALIGN (0x4)
                0x0800da54                        PROVIDE (__init_array_start = .)
 *(SORT_BY_NAME(.init_array.*))
 *(.init_array*)
 .init_array    0x0800da54        0x4 C:/ST/STM32CubeIDE_1.16.1/STM32CubeIDE/plugins/com.st.stm32cube.ide.mcu.externaltools.gnu-tools-for-stm32.12.3.rel1.win32_1.0.200.202406191623/tools/bin/../lib/gcc/arm-none-eabi/12.3.1/thumb/v7e-m+fp/hard/crtbegin.o
                0x0800da58                        PROVIDE (__init_array_end = .)
                0x0800da58                        . = ALIGN (0x4)

.fini_array     0x0800da58        0x4
                0x0800da58                        . = ALIGN (0x4)
                [!provide]                        PROVIDE (__fini_array_start = .)
 *(SORT_BY_NAME(.fini_array.*))
 *(.fini_array*)
 .fini_array    0x0800da58        0x4 C:/ST/STM32CubeIDE_1.16.1/STM32CubeIDE/plugins/com.st.stm32cube.ide.mcu.externaltools.gnu-tools-for-stm32.12.3.rel1.win32_1.0.200.202406191623/tools/bin/../lib/gcc/arm-none-eabi/12.3.1/thumb/v7e-m+fp/hard/crtbegin.o
                [!provide]                        PROVIDE (__fini_array_end = .)
                0x0800da5c                        . = ALIGN (0x4)
                0x0800da5c                        _sidata = LOADADDR (.data)

.rel.dyn        0x0800da5c        0x0
 .rel.iplt      0x0800da5c        0x0 C:/ST/STM32CubeIDE_1.16.1/STM32CubeIDE/plugins/com.st.stm32cube.ide.mcu.externaltools.gnu-tools-for-stm32.12.3.rel1.win32_1.0.200.202406191623/tools/bin/../lib/gcc/arm-none-eabi/12.3.1/thumb/v7e-m+fp/hard/crtbegin.o

.data           0x20000000      0x138 load address 0x0800da5c
                0x20000000                        . = ALIGN (0x4)
                0x20000000                        _sdata = .
 *(.data)
 *(.data*)
 .data.destination_port
                0x20000000        0x2 ./Core/Src/main.o
                0x20000000                destination_port
 *fill*         0x20000002        0x2 
 .data.connect_data
                0x20000004       0x58 ./Core/Src/main.o
                0x20000004                connect_data
 .data.gWIZNETINFO
                0x2000005c       0x17 ./Core/Src/main.o
                0x2000005c                gWIZNETINFO
 *fill*         0x20000073        0x1 
 .data.dns_ip   0x20000074        0x4 ./Core/Src/main.o
                0x20000074                dns_ip
 .data.remote_host
                0x20000078        0x4 ./Core/Src/main.o
                0x20000078                remote_host
 .data.chk      0x2000007c        0x1 ./Core/Src/main.o
                0x2000007c                chk
 *fill*         0x2000007d        0x3 
 .data.SystemCoreClock
                0x20000080        0x4 ./Core/Src/system_stm32f4xx.o
                0x20000080                SystemCoreClock
 .data.dhcp_lease_time
                0x20000084        0x4 ./Core/Src/wiznet/DHCP/dhcp.o
                0x20000084                dhcp_lease_time
 .data.dhcp_tick_next
                0x20000088        0x4 ./Core/Src/wiznet/DHCP/dhcp.o
                0x20000088                dhcp_tick_next
 .data.HOST_NAME
                0x2000008c        0x8 ./Core/Src/wiznet/DHCP/dhcp.o
                0x2000008c                HOST_NAME
 .data.dhcp_ip_assign
                0x20000094        0x4 ./Core/Src/wiznet/DHCP/dhcp.o
                0x20000094                dhcp_ip_assign
 .data.dhcp_ip_update
                0x20000098        0x4 ./Core/Src/wiznet/DHCP/dhcp.o
                0x20000098                dhcp_ip_update
 .data.dhcp_ip_conflict
                0x2000009c        0x4 ./Core/Src/wiznet/DHCP/dhcp.o
                0x2000009c                dhcp_ip_conflict
 .data.sock_any_port
                0x200000a0        0x2 ./Core/Src/wiznet/socket.o
 *fill*         0x200000a2        0x2 
 .data.WIZCHIP  0x200000a4       0x2c ./Core/Src/wiznet/wizchip_conf.o
                0x200000a4                WIZCHIP
 .data.uwTickPrio
                0x200000d0        0x4 ./Drivers/STM32F4xx_HAL_Driver/Src/stm32f4xx_hal.o
                0x200000d0                uwTickPrio
 .data.uwTickFreq
                0x200000d4        0x1 ./Drivers/STM32F4xx_HAL_Driver/Src/stm32f4xx_hal.o
                0x200000d4                uwTickFreq
 *fill*         0x200000d5        0x3 
 .data.uxCriticalNesting
                0x200000d8        0x4 ./Middlewares/Third_Party/FreeRTOS/Source/portable/GCC/ARM_CM4F/port.o
 .data.__sglue  0x200000dc        0xc C:/ST/STM32CubeIDE_1.16.1/STM32CubeIDE/plugins/com.st.stm32cube.ide.mcu.externaltools.gnu-tools-for-stm32.12.3.rel1.win32_1.0.200.202406191623/tools/bin/../lib/gcc/arm-none-eabi/12.3.1/../../../../arm-none-eabi/lib/thumb/v7e-m+fp/hard\libc_nano.a(libc_a-findfp.o)
                0x200000dc                __sglue
 .data._impure_ptr
                0x200000e8        0x4 C:/ST/STM32CubeIDE_1.16.1/STM32CubeIDE/plugins/com.st.stm32cube.ide.mcu.externaltools.gnu-tools-for-stm32.12.3.rel1.win32_1.0.200.202406191623/tools/bin/../lib/gcc/arm-none-eabi/12.3.1/../../../../arm-none-eabi/lib/thumb/v7e-m+fp/hard\libc_nano.a(libc_a-impure.o)
                0x200000e8                _impure_ptr
 .data._impure_data
                0x200000ec       0x4c C:/ST/STM32CubeIDE_1.16.1/STM32CubeIDE/plugins/com.st.stm32cube.ide.mcu.externaltools.gnu-tools-for-stm32.12.3.rel1.win32_1.0.200.202406191623/tools/bin/../lib/gcc/arm-none-eabi/12.3.1/../../../../arm-none-eabi/lib/thumb/v7e-m+fp/hard\libc_nano.a(libc_a-impure.o)
                0x200000ec                _impure_data
 *(.RamFunc)
 *(.RamFunc*)
                0x20000138                        . = ALIGN (0x4)
                0x20000138                        _edata = .

.igot.plt       0x20000138        0x0 load address 0x0800db94
 .igot.plt      0x20000138        0x0 C:/ST/STM32CubeIDE_1.16.1/STM32CubeIDE/plugins/com.st.stm32cube.ide.mcu.externaltools.gnu-tools-for-stm32.12.3.rel1.win32_1.0.200.202406191623/tools/bin/../lib/gcc/arm-none-eabi/12.3.1/thumb/v7e-m+fp/hard/crtbegin.o
                0x20000138                        . = ALIGN (0x4)

.bss            0x20000138     0x5838 load address 0x0800db94
                0x20000138                        _sbss = .
                0x20000138                        __bss_start__ = _sbss
 *(.bss)
 .bss           0x20000138       0x1c C:/ST/STM32CubeIDE_1.16.1/STM32CubeIDE/plugins/com.st.stm32cube.ide.mcu.externaltools.gnu-tools-for-stm32.12.3.rel1.win32_1.0.200.202406191623/tools/bin/../lib/gcc/arm-none-eabi/12.3.1/thumb/v7e-m+fp/hard/crtbegin.o
 *(.bss*)
 .bss.hspi1     0x20000154       0x58 ./Core/Src/main.o
                0x20000154                hspi1
 .bss.huart2    0x200001ac       0x48 ./Core/Src/main.o
                0x200001ac                huart2
 .bss.defaultTaskHandle
                0x200001f4        0x4 ./Core/Src/main.o
                0x200001f4                defaultTaskHandle
 .bss.mqttMessageQueueHandle
                0x200001f8        0x4 ./Core/Src/main.o
                0x200001f8                mqttMessageQueueHandle
 .bss.dhcp_buffer
                0x200001fc      0x800 ./Core/Src/main.o
                0x200001fc                dhcp_buffer
 .bss.mqtt_client
                0x200009fc       0x68 ./Core/Src/main.o
                0x200009fc                mqtt_client
 .bss.network   0x20000a64       0x10 ./Core/Src/main.o
                0x20000a64                network
 .bss.sendbuff  0x20000a74      0x100 ./Core/Src/main.o
                0x20000a74                sendbuff
 .bss.receivebuff
                0x20000b74      0x100 ./Core/Src/main.o
                0x20000b74                receivebuff
 .bss.dns_buffer
                0x20000c74      0x100 ./Core/Src/main.o
                0x20000c74                dns_buffer
 .bss.tempflag  0x20000d74        0x1 ./Core/Src/main.o
                0x20000d74                tempflag
 *fill*         0x20000d75        0x1 
 .bss.milli_count.0
                0x20000d76        0x2 ./Core/Src/main.o
 .bss.htim1     0x20000d78       0x48 ./Core/Src/stm32f4xx_hal_timebase_tim.o
                0x20000d78                htim1
 .bss.__sbrk_heap_end
                0x20000dc0        0x4 ./Core/Src/sysmem.o
 .bss.StateChangeFlag
                0x20000dc4        0x1 ./Core/Src/wiznet/DHCP/dhcp.o
                0x20000dc4                StateChangeFlag
 .bss.DHCP_SOCKET
                0x20000dc5        0x1 ./Core/Src/wiznet/DHCP/dhcp.o
                0x20000dc5                DHCP_SOCKET
 *fill*         0x20000dc6        0x2 
 .bss.DHCP_SIP  0x20000dc8        0x4 ./Core/Src/wiznet/DHCP/dhcp.o
                0x20000dc8                DHCP_SIP
 .bss.DHCP_REAL_SIP
                0x20000dcc        0x4 ./Core/Src/wiznet/DHCP/dhcp.o
                0x20000dcc                DHCP_REAL_SIP
 .bss.OLD_allocated_ip
                0x20000dd0        0x4 ./Core/Src/wiznet/DHCP/dhcp.o
                0x20000dd0                OLD_allocated_ip