../Core/Src/main.c:150:5:main	48	static
../Core/Src/main.c:263:6:SystemClock_Config	88	static
../Core/Src/main.c:310:13:MX_SPI1_Init	8	static
../Core/Src/main.c:348:13:MX_USART2_UART_Init	8	static
../Core/Src/main.c:381:13:MX_GPIO_Init	48	static
../Core/Src/main.c:488:6:Task_MQTTHandler	56	static
../Core/Src/main.c:579:6:MessageArrivedHandler	184	static
../Core/Src/main.c:651:6:FlushQueue	24	static
../Core/Src/main.c:660:1:__io_putchar	16	static
../Core/Src/main.c:666:6:PHYStatusCheck	16	static
../Core/Src/main.c:684:6:PrintPHYConf	16	static
../Core/Src/main.c:727:6:OnDHCPIPAssigned	8	static
../Core/Src/main.c:744:6:DisplayNetworkConfigurations	32	static
../Core/Src/main.c:763:6:StartDefaultTask	16	static
../Core/Src/main.c:782:6:HAL_TIM_PeriodElapsedCallback	16	static
../Core/Src/main.c:810:6:Error_Handler	4	static,ignoring_inline_asm
